<html>
<body>
<pre>
<h1>µVision Build Log</h1>
<h2>Tool Versions:</h2>
IDE-Version: µVision V5.35.0.0
Copyright (C) 2021 ARM Ltd and ARM Germany GmbH. All rights reserved.
License Information: Zander van der Steege, Santon Holland, LIC=LB4EI-T5TUG-WTAKF-JFV0E-NJ0C2-Q16LT
 
Tool Versions:
Toolchain:       MDK-ARM Cortex-M0/M0+ for ST  Version: 5.35.0.2
Toolchain Path:  C:\Keil_v5\ARM\ARMCC\Bin
C Compiler:      Armcc.exe V5.06 update 7 (build 960)
Assembler:       Armasm.exe V5.06 update 7 (build 960)
Linker/Locator:  ArmLink.exe V5.06 update 7 (build 960)
Library Manager: ArmAr.exe V5.06 update 7 (build 960)
Hex Converter:   FromElf.exe V5.06 update 7 (build 960)
CPU DLL:         SARMCM3.DLL V5.35.0.2
Dialog DLL:      DARMCM1.DLL V1.19.4.0
Target DLL:      STLink\ST-LINKIII-KEIL_SWO.dll V3.0.9.0
Dialog DLL:      TARMCM1.DLL V1.14.4.0
 
<h2>Project:</h2>
Y:\BARTH softwar\9045-0014-A\Coding-for-50MZ\CANOpenWithDAC\MDK-ARM\STG.uvprojx
Project File Date:  09/23/2021

<h2>Output:</h2>
*** Using Compiler 'V5.06 update 7 (build 960)', folder: 'C:\Keil_v5\ARM\ARMCC\Bin'
Build target 'BARTH'
compiling main.c...
../Src/main.c(361): warning:  #940-D: missing return statement at end of non-void function "Calibration_protocol" 
  	 }
../Src/main.c(420): warning:  #177-D: variable "F3"  was declared but never referenced
  					bool F3=1;
../Src/main.c(493): warning:  #940-D: missing return statement at end of non-void function "Validaton" 
   }
../Src/main.c(603): warning:  #177-D: variable "NodeID1"  was declared but never referenced
  				uint8_t NodeID1 = 58; //CPU1-CAB2
../Src/main.c(608): warning:  #177-D: variable "NodeID1"  was declared but never referenced
  				uint8_t NodeID1 = 56; //CPU1-CAB1
../Src/main.c(621): warning:  #177-D: variable "NodeID1"  was declared but never referenced
  							int NodeID1 = 58; //CPU1-CAB2
../Src/main.c(626): warning:  #177-D: variable "NodeID1"  was declared but never referenced
  							int NodeID1 = 56; //CPU1-CAB1
../Src/main.c(834): warning:  #1215-D: #warning directive: Debug version without watch dog! <<<<<<<<<<<<<<<<<<<<<<<<<<<<<<<<
  					#warning Debug version without watch dog! <<<<<<<<<<<<<<<<<<<<<<<<<<<<<<<<
../Src/main.c(661): warning:  #550-D: variable "timer1msDiff"  was set but never used
  				uint16_t timer1msCopy, timer1msDiff;
../Src/main.c(618): warning:  #177-D: variable "NodeID"  was declared but never referenced
  						bool NodeID = 0;
../Src/main.c(594): warning:  #550-D: variable "err"  was set but never used
  			CO_ReturnError_t err;
../Src/main.c(600): warning:  #550-D: variable "NodeID_condition"  was set but never used
  			bool NodeID_condition = 0;
../Src/main.c: 12 warnings, 0 errors
linking...
Program Size: Code=34748 RO-data=1944 RW-data=1108 ZI-data=9964  
".\out\out.axf" - 0 Error(s), 12 Warning(s).

<h2>Software Packages used:</h2>

Package Vendor: ARM
                http://www.keil.com/pack/ARM.CMSIS.5.8.0.pack
                ARM.CMSIS.5.8.0
                CMSIS (Common Microcontroller Software Interface Standard)
   * Component: CORE Version: 5.5.0

Package Vendor: Keil
                http://www.keil.com/pack/Keil.STM32F0xx_DFP.2.1.0.pack
                Keil.STM32F0xx_DFP.2.1.0
                STMicroelectronics STM32F0 Series Device Support, Drivers and Examples

<h2>Collection of Component include folders:</h2>
  .\RTE\_BARTH
  C:\Users\zvdsteege\AppData\Local\Arm\Packs\ARM\CMSIS\5.8.0\CMSIS\Core\Include
  C:\Users\zvdsteege\AppData\Local\Arm\Packs\Keil\STM32F0xx_DFP\2.1.0\Drivers\CMSIS\Device\ST\STM32F0xx\Include

<h2>Collection of Component Files used:</h2>

   * Component: ARM::CMSIS:CORE:5.5.0
Build Time Elapsed:  00:00:07
</pre>
</body>
</html>
