Component: ARM Compiler 5.06 update 7 (build 960) Tool: armlink [4d3601]

==============================================================================

Section Cross References

    stm32f0xx_hal_msp.o(i.HAL_ADC_MspDeInit) refers to stm32f0xx_hal_gpio.o(i.HAL_GPIO_DeInit) for HAL_GPIO_DeInit
    stm32f0xx_hal_msp.o(i.HAL_ADC_MspInit) refers to stm32f0xx_hal_gpio.o(i.HAL_GPIO_Init) for HAL_GPIO_Init
    stm32f0xx_hal_msp.o(i.HAL_CAN_MspDeInit) refers to stm32f0xx_hal_gpio.o(i.HAL_GPIO_DeInit) for HAL_GPIO_DeInit
    stm32f0xx_hal_msp.o(i.HAL_CAN_MspDeInit) refers to stm32f0xx_hal_cortex.o(i.HAL_NVIC_DisableIRQ) for HAL_NVIC_DisableIRQ
    stm32f0xx_hal_msp.o(i.HAL_CAN_MspInit) refers to stm32f0xx_hal_gpio.o(i.HAL_GPIO_Init) for HAL_GPIO_Init
    stm32f0xx_hal_msp.o(i.HAL_DAC_MspDeInit) refers to stm32f0xx_hal_gpio.o(i.HAL_GPIO_DeInit) for HAL_GPIO_DeInit
    stm32f0xx_hal_msp.o(i.HAL_DAC_MspInit) refers to stm32f0xx_hal_gpio.o(i.HAL_GPIO_Init) for HAL_GPIO_Init
    stm32f0xx_hal_msp.o(i.HAL_I2C_MspDeInit) refers to stm32f0xx_hal_gpio.o(i.HAL_GPIO_DeInit) for HAL_GPIO_DeInit
    stm32f0xx_hal_msp.o(i.HAL_I2C_MspDeInit) refers to stm32f0xx_hal_cortex.o(i.HAL_NVIC_DisableIRQ) for HAL_NVIC_DisableIRQ
    stm32f0xx_hal_msp.o(i.HAL_I2C_MspInit) refers to stm32f0xx_hal_gpio.o(i.HAL_GPIO_Init) for HAL_GPIO_Init
    stm32f0xx_hal_msp.o(i.HAL_MspInit) refers to stm32f0xx_hal_cortex.o(i.HAL_NVIC_SetPriority) for HAL_NVIC_SetPriority
    stm32f0xx_hal_msp.o(i.HAL_MspInit) refers to stm32f0xx_hal_cortex.o(i.HAL_NVIC_EnableIRQ) for HAL_NVIC_EnableIRQ
    stm32f0xx_hal_msp.o(i.HAL_TIM_Base_MspDeInit) refers to stm32f0xx_hal_gpio.o(i.HAL_GPIO_DeInit) for HAL_GPIO_DeInit
    stm32f0xx_hal_msp.o(i.HAL_TIM_Base_MspInit) refers to stm32f0xx_hal_gpio.o(i.HAL_GPIO_Init) for HAL_GPIO_Init
    stm32f0xx_hal_msp.o(i.HAL_UART_MspDeInit) refers to stm32f0xx_hal_gpio.o(i.HAL_GPIO_DeInit) for HAL_GPIO_DeInit
    stm32f0xx_hal_msp.o(i.HAL_UART_MspDeInit) refers to stm32f0xx_hal_cortex.o(i.HAL_NVIC_DisableIRQ) for HAL_NVIC_DisableIRQ
    stm32f0xx_hal_msp.o(i.HAL_UART_MspInit) refers to stm32f0xx_hal_gpio.o(i.HAL_GPIO_Init) for HAL_GPIO_Init
    stm32f0xx_it.o(i.CEC_CAN_IRQHandler) refers to stm32f0xx_hal_can.o(i.HAL_CAN_IRQHandler) for HAL_CAN_IRQHandler
    stm32f0xx_it.o(i.CEC_CAN_IRQHandler) refers to main_hal.o(.bss) for hcan
    stm32f0xx_it.o(i.I2C2_IRQHandler) refers to stm32f0xx_hal_i2c.o(i.HAL_I2C_ER_IRQHandler) for HAL_I2C_ER_IRQHandler
    stm32f0xx_it.o(i.I2C2_IRQHandler) refers to stm32f0xx_hal_i2c.o(i.HAL_I2C_EV_IRQHandler) for HAL_I2C_EV_IRQHandler
    stm32f0xx_it.o(i.I2C2_IRQHandler) refers to main_hal.o(.bss) for hi2c2
    stm32f0xx_it.o(i.SysTick_Handler) refers to stm32f0xx_hal.o(i.HAL_IncTick) for HAL_IncTick
    stm32f0xx_it.o(i.SysTick_Handler) refers to stm32f0xx_hal_cortex.o(i.HAL_SYSTICK_IRQHandler) for HAL_SYSTICK_IRQHandler
    stm32f0xx_it.o(i.USART1_IRQHandler) refers to stm32f0xx_hal_uart.o(i.HAL_UART_IRQHandler) for HAL_UART_IRQHandler
    stm32f0xx_it.o(i.USART1_IRQHandler) refers to main_hal.o(.bss) for huart1
    main.o(i.CO_CAN1InterruptHandler) refers to co_driver.o(i.CO_CANinterrupt_Rx) for CO_CANinterrupt_Rx
    main.o(i.CO_CAN1InterruptHandler) refers to canopen.o(.data) for CO
    main.o(i.Calibration_protocol) refers to main_hal.o(i.EEPROM_Read) for EEPROM_Read
    main.o(i.Calibration_protocol) refers to main_hal.o(i.EEPROM_Write) for EEPROM_Write
    main.o(i.Calibration_protocol) refers to stm32f0xx_hal.o(i.HAL_Delay) for HAL_Delay
    main.o(i.Calibration_protocol) refers to main_hal.o(i.ReadAnalogInput) for ReadAnalogInput
    main.o(i.Calibration_protocol) refers to main.o(i.Jumper) for Jumper
    main.o(i.Calibration_protocol) refers to ffltui.o(.text) for __aeabi_ui2f
    main.o(i.Calibration_protocol) refers to main.o(.data) for Calibrated
    main.o(i.Dataset) refers to main.o(.data) for dataBits
    main.o(i.EN1_filter) refers to main_hal.o(i.ReadAnalogInput) for ReadAnalogInput
    main.o(i.EN1_filter) refers to ffltui.o(.text) for __aeabi_ui2f
    main.o(i.EN1_filter) refers to fflti.o(.text) for __aeabi_i2f
    main.o(i.EN1_filter) refers to fadd.o(.text) for __aeabi_frsub
    main.o(i.EN1_filter) refers to fdiv.o(.text) for __aeabi_fdiv
    main.o(i.EN1_filter) refers to fmul.o(.text) for __aeabi_fmul
    main.o(i.EN1_filter) refers to cfcmple.o(.text) for __aeabi_cfcmple
    main.o(i.EN1_filter) refers to cfrcmple.o(.text) for __aeabi_cfrcmple
    main.o(i.EN1_filter) refers to ffixi.o(.text) for __aeabi_f2iz
    main.o(i.EN1_filter) refers to main.o(.data) for Calibrated
    main.o(i.FACTORY_RESET) refers to stm32f0xx_hal.o(i.HAL_Delay) for HAL_Delay
    main.o(i.FACTORY_RESET) refers to main_hal.o(i.EEPROM_Write) for EEPROM_Write
    main.o(i.FACTORY_RESET) refers to main.o(.data) for FAILSTATE
    main.o(i.HAL_CAN_RxCpltCallback) refers to main.o(i.CO_CAN1InterruptHandler) for CO_CAN1InterruptHandler
[...]
    I2C_ITSlaveSequentialCplt                0x08007955   Thumb Code    98  stm32f0xx_hal_i2c.o(i.I2C_ITSlaveSequentialCplt)
    i.I2C_IsAcknowledgeFailed                0x080079b8   Section        0  stm32f0xx_hal_i2c.o(i.I2C_IsAcknowledgeFailed)
    I2C_IsAcknowledgeFailed                  0x080079b9   Thumb Code   144  stm32f0xx_hal_i2c.o(i.I2C_IsAcknowledgeFailed)
    i.I2C_RequestMemoryRead                  0x08007a4c   Section        0  stm32f0xx_hal_i2c.o(i.I2C_RequestMemoryRead)
    I2C_RequestMemoryRead                    0x08007a4d   Thumb Code   146  stm32f0xx_hal_i2c.o(i.I2C_RequestMemoryRead)
    i.I2C_RequestMemoryWrite                 0x08007ade   Section        0  stm32f0xx_hal_i2c.o(i.I2C_RequestMemoryWrite)
    I2C_RequestMemoryWrite                   0x08007adf   Thumb Code   146  stm32f0xx_hal_i2c.o(i.I2C_RequestMemoryWrite)
    i.I2C_Slave_ISR_IT                       0x08007b70   Section        0  stm32f0xx_hal_i2c.o(i.I2C_Slave_ISR_IT)
    I2C_Slave_ISR_IT                         0x08007b71   Thumb Code   348  stm32f0xx_hal_i2c.o(i.I2C_Slave_ISR_IT)
    i.I2C_TransferConfig                     0x08007cd0   Section        0  stm32f0xx_hal_i2c.o(i.I2C_TransferConfig)
    I2C_TransferConfig                       0x08007cd1   Thumb Code    42  stm32f0xx_hal_i2c.o(i.I2C_TransferConfig)
    i.I2C_WaitOnFlagUntilTimeout             0x08007d00   Section        0  stm32f0xx_hal_i2c.o(i.I2C_WaitOnFlagUntilTimeout)
    I2C_WaitOnFlagUntilTimeout               0x08007d01   Thumb Code    82  stm32f0xx_hal_i2c.o(i.I2C_WaitOnFlagUntilTimeout)
    i.I2C_WaitOnSTOPFlagUntilTimeout         0x08007d52   Section        0  stm32f0xx_hal_i2c.o(i.I2C_WaitOnSTOPFlagUntilTimeout)
    I2C_WaitOnSTOPFlagUntilTimeout           0x08007d53   Thumb Code    90  stm32f0xx_hal_i2c.o(i.I2C_WaitOnSTOPFlagUntilTimeout)
    i.I2C_WaitOnTXISFlagUntilTimeout         0x08007dac   Section        0  stm32f0xx_hal_i2c.o(i.I2C_WaitOnTXISFlagUntilTimeout)
    I2C_WaitOnTXISFlagUntilTimeout           0x08007dad   Thumb Code    96  stm32f0xx_hal_i2c.o(i.I2C_WaitOnTXISFlagUntilTimeout)
    i.Initialize_outputs                     0x08007e0c   Section        0  main.o(i.Initialize_outputs)
    i.Jumper                                 0x08007e40   Section        0  main.o(i.Jumper)
    i.MX_ADC_Init                            0x08007e60   Section        0  main_hal.o(i.MX_ADC_Init)
    MX_ADC_Init                              0x08007e61   Thumb Code   170  main_hal.o(i.MX_ADC_Init)
    i.MX_CAN_Init                            0x08007f14   Section        0  main_hal.o(i.MX_CAN_Init)
    MX_CAN_Init                              0x08007f15   Thumb Code    64  main_hal.o(i.MX_CAN_Init)
    i.MX_DAC_Init                            0x08007f5c   Section        0  main_hal.o(i.MX_DAC_Init)
    MX_DAC_Init                              0x08007f5d   Thumb Code    48  main_hal.o(i.MX_DAC_Init)
    i.MX_GPIO_Init                           0x08007f94   Section        0  main_hal.o(i.MX_GPIO_Init)
    MX_GPIO_Init                             0x08007f95   Thumb Code   302  main_hal.o(i.MX_GPIO_Init)
    i.MX_I2C2_Init                           0x080080dc   Section        0  main_hal.o(i.MX_I2C2_Init)
    MX_I2C2_Init                             0x080080dd   Thumb Code    64  main_hal.o(i.MX_I2C2_Init)
    i.MX_IWDG_Init                           0x08008128   Section        0  main_hal.o(i.MX_IWDG_Init)
    MX_IWDG_Init                             0x08008129   Thumb Code    34  main_hal.o(i.MX_IWDG_Init)
    i.MX_NVIC_Init                           0x08008158   Section        0  main_hal.o(i.MX_NVIC_Init)
    MX_NVIC_Init                             0x08008159   Thumb Code    36  main_hal.o(i.MX_NVIC_Init)
    i.MX_TIM17_Init                          0x0800817c   Section        0  main_hal.o(i.MX_TIM17_Init)
    MX_TIM17_Init                            0x0800817d   Thumb Code   144  main_hal.o(i.MX_TIM17_Init)
    i.MX_TIM1_Init                           0x08008218   Section        0  main_hal.o(i.MX_TIM1_Init)
    MX_TIM1_Init                             0x08008219   Thumb Code    96  main_hal.o(i.MX_TIM1_Init)
    i.MX_TIM2_Init                           0x08008280   Section        0  main_hal.o(i.MX_TIM2_Init)
    MX_TIM2_Init                             0x08008281   Thumb Code   156  main_hal.o(i.MX_TIM2_Init)
    i.MX_USART1_UART_Init                    0x08008320   Section        0  main_hal.o(i.MX_USART1_UART_Init)
    MX_USART1_UART_Init                      0x08008321   Thumb Code    58  main_hal.o(i.MX_USART1_UART_Init)
    i.MainInit                               0x08008364   Section        0  main_hal.o(i.MainInit)
    i.NMI_Handler                            0x080084b4   Section        0  stm32f0xx_it.o(i.NMI_Handler)
    i.NVIC_SetPriority                       0x080084b8   Section        0  stm32f0xx_hal_cortex.o(i.NVIC_SetPriority)
    NVIC_SetPriority                         0x080084b9   Thumb Code   110  stm32f0xx_hal_cortex.o(i.NVIC_SetPriority)
    i.PendSV_Handler                         0x08008530   Section        0  stm32f0xx_it.o(i.PendSV_Handler)
    i.RCC_CRS_IRQHandler                     0x08008532   Section        0  stm32f0xx_it.o(i.RCC_CRS_IRQHandler)
    i.ReadAnalogInput                        0x08008534   Section        0  main_hal.o(i.ReadAnalogInput)
    i.SVC_Handler                            0x08008580   Section        0  stm32f0xx_it.o(i.SVC_Handler)
    i.SW1                                    0x08008584   Section        0  main.o(i.SW1)
    i.SW2                                    0x080085ac   Section        0  main.o(i.SW2)
    i.SetAnalogOutput                        0x080085d4   Section        0  main_hal.o(i.SetAnalogOutput)
    i.SysTick_Handler                        0x08008604   Section        0  stm32f0xx_it.o(i.SysTick_Handler)
    i.SystemClock_Config                     0x08008610   Section        0  main_hal.o(i.SystemClock_Config)
    i.SystemInit                             0x08008694   Section        0  system_stm32f0xx.o(i.SystemInit)
    i.TIM_Base_SetConfig                     0x0800870c   Section        0  stm32f0xx_hal_tim.o(i.TIM_Base_SetConfig)
    i.TIM_CCxChannelCmd                      0x080087b0   Section        0  stm32f0xx_hal_tim.o(i.TIM_CCxChannelCmd)
    i.TIM_CCxNChannelCmd                     0x080087cc   Section        0  stm32f0xx_hal_tim_ex.o(i.TIM_CCxNChannelCmd)
    TIM_CCxNChannelCmd                       0x080087cd   Thumb Code    28  stm32f0xx_hal_tim_ex.o(i.TIM_CCxNChannelCmd)
    i.TIM_ETR_SetConfig                      0x080087e8   Section        0  stm32f0xx_hal_tim.o(i.TIM_ETR_SetConfig)
    i.TIM_ITRx_SetConfig                     0x08008806   Section        0  stm32f0xx_hal_tim.o(i.TIM_ITRx_SetConfig)
    TIM_ITRx_SetConfig                       0x08008807   Thumb Code    26  stm32f0xx_hal_tim.o(i.TIM_ITRx_SetConfig)
    i.TIM_OC1_SetConfig                      0x08008820   Section        0  stm32f0xx_hal_tim.o(i.TIM_OC1_SetConfig)
    TIM_OC1_SetConfig                        0x08008821   Thumb Code   164  stm32f0xx_hal_tim.o(i.TIM_OC1_SetConfig)
    i.TIM_OC2_SetConfig                      0x080088d4   Section        0  stm32f0xx_hal_tim.o(i.TIM_OC2_SetConfig)
    i.TIM_OC3_SetConfig                      0x0800899c   Section        0  stm32f0xx_hal_tim.o(i.TIM_OC3_SetConfig)
    TIM_OC3_SetConfig                        0x0800899d   Thumb Code   178  stm32f0xx_hal_tim.o(i.TIM_OC3_SetConfig)
    i.TIM_OC4_SetConfig                      0x08008a60   Section        0  stm32f0xx_hal_tim.o(i.TIM_OC4_SetConfig)
    TIM_OC4_SetConfig                        0x08008a61   Thumb Code   118  stm32f0xx_hal_tim.o(i.TIM_OC4_SetConfig)
    i.TIM_SlaveTimer_SetConfig               0x08008ae8   Section        0  stm32f0xx_hal_tim.o(i.TIM_SlaveTimer_SetConfig)
    TIM_SlaveTimer_SetConfig                 0x08008ae9   Thumb Code   172  stm32f0xx_hal_tim.o(i.TIM_SlaveTimer_SetConfig)
    i.TIM_TI1_ConfigInputStage               0x08008b94   Section        0  stm32f0xx_hal_tim.o(i.TIM_TI1_ConfigInputStage)
    TIM_TI1_ConfigInputStage                 0x08008b95   Thumb Code    54  stm32f0xx_hal_tim.o(i.TIM_TI1_ConfigInputStage)
    i.TIM_TI1_SetConfig                      0x08008bcc   Section        0  stm32f0xx_hal_tim.o(i.TIM_TI1_SetConfig)
    i.TIM_TI2_ConfigInputStage               0x08008c44   Section        0  stm32f0xx_hal_tim.o(i.TIM_TI2_ConfigInputStage)
    TIM_TI2_ConfigInputStage                 0x08008c45   Thumb Code    54  stm32f0xx_hal_tim.o(i.TIM_TI2_ConfigInputStage)
    i.TIM_TI2_SetConfig                      0x08008c7a   Section        0  stm32f0xx_hal_tim.o(i.TIM_TI2_SetConfig)
    TIM_TI2_SetConfig                        0x08008c7b   Thumb Code    76  stm32f0xx_hal_tim.o(i.TIM_TI2_SetConfig)
    i.TIM_TI3_SetConfig                      0x08008cc6   Section        0  stm32f0xx_hal_tim.o(i.TIM_TI3_SetConfig)
    TIM_TI3_SetConfig                        0x08008cc7   Thumb Code    74  stm32f0xx_hal_tim.o(i.TIM_TI3_SetConfig)
    i.TIM_TI4_SetConfig                      0x08008d10   Section        0  stm32f0xx_hal_tim.o(i.TIM_TI4_SetConfig)
    TIM_TI4_SetConfig                        0x08008d11   Thumb Code    82  stm32f0xx_hal_tim.o(i.TIM_TI4_SetConfig)
    i.UART_AdvFeatureConfig                  0x08008d62   Section        0  stm32f0xx_hal_uart.o(i.UART_AdvFeatureConfig)
    i.UART_CheckIdleState                    0x08008e54   Section        0  stm32f0xx_hal_uart.o(i.UART_CheckIdleState)
    i.UART_EndTransmit_IT                    0x08008edc   Section        0  stm32f0xx_hal_uart.o(i.UART_EndTransmit_IT)
    i.UART_Receive_IT                        0x08008efc   Section        0  stm32f0xx_hal_uart.o(i.UART_Receive_IT)
    i.UART_SetConfig                         0x08008f98   Section        0  stm32f0xx_hal_uart.o(i.UART_SetConfig)
    i.UART_Transmit_IT                       0x08009240   Section        0  stm32f0xx_hal_uart.o(i.UART_Transmit_IT)
    i.UART_WaitOnFlagUntilTimeout            0x080092b2   Section        0  stm32f0xx_hal_uart.o(i.UART_WaitOnFlagUntilTimeout)
    i.USART1_IRQHandler                      0x080093b8   Section        0  stm32f0xx_it.o(i.USART1_IRQHandler)
    i.Validaton                              0x080093c8   Section        0  main.o(i.Validaton)
    i.__ARM_common_switch8                   0x0800968c   Section        0  stm32f0xx_hal_tim.o(i.__ARM_common_switch8)
    i.__scatterload_copy                     0x080096a8   Section       14  handlers.o(i.__scatterload_copy)
    i.__scatterload_null                     0x080096b6   Section        2  handlers.o(i.__scatterload_null)
    i.__scatterload_zeroinit                 0x080096b8   Section       14  handlers.o(i.__scatterload_zeroinit)
    i.__set_PRIMASK                          0x080096c6   Section        0  co_emergency.o(i.__set_PRIMASK)
    __set_PRIMASK                            0x080096c7   Thumb Code     6  co_emergency.o(i.__set_PRIMASK)
    i.__set_PRIMASK                          0x080096cc   Section        0  co_sdo.o(i.__set_PRIMASK)
    __set_PRIMASK                            0x080096cd   Thumb Code     6  co_sdo.o(i.__set_PRIMASK)
    i.crc16_ccitt                            0x080096d4   Section        0  crc16-ccitt.o(i.crc16_ccitt)
    i.free                                   0x08009704   Section        0  malloc.o(i.free)
    i.main                                   0x08009758   Section        0  main.o(i.main)
    i.malloc                                 0x08009e74   Section        0  malloc.o(i.malloc)
    i.tmrTask_thread                         0x08009ee0   Section        0  main.o(i.tmrTask_thread)
    tmrTask_thread                           0x08009ee1   Thumb Code    56  main.o(i.tmrTask_thread)
    .constdata                               0x08009f20   Section       24  system_stm32f0xx.o(.constdata)
    .constdata                               0x08009f38   Section      512  crc16-ccitt.o(.constdata)
    crc16_ccitt_table                        0x08009f38   Data         512  crc16-ccitt.o(.constdata)
    .constdata                               0x0800a138   Section     1700  co_od.o(.constdata)
    .data                                    0x20000000   Section       88  main.o(.data)
    dataBits                                 0x20000050   Data           8  main.o(.data)
    .data                                    0x20000058   Section        4  stm32f0xx_hal.o(.data)
    .data                                    0x2000005c   Section        4  system_stm32f0xx.o(.data)
    .data                                    0x20000060   Section        8  co_pdo.o(.data)
    dummyTX                                  0x20000060   Data           4  co_pdo.o(.data)
    dummyRX                                  0x20000064   Data           4  co_pdo.o(.data)
    .data                                    0x20000068   Section       26  canopen.o(.data)
    CO_memoryUsed                            0x20000068   Data           4  canopen.o(.data)
    CO_CANmodule_rxArray0                    0x20000070   Data           4  canopen.o(.data)
    CO_CANmodule_txArray0                    0x20000074   Data           4  canopen.o(.data)
    CO_SDO_ODExtensions                      0x20000078   Data           4  canopen.o(.data)
    CO_HBcons_monitoredNodes                 0x2000007c   Data           4  canopen.o(.data)
    ms50                                     0x20000080   Data           2  canopen.o(.data)
    .data                                    0x20000088   Section      980  co_od.o(.data)
    .data                                    0x2000045c   Section        4  mvars.o(.data)
    .data                                    0x20000460   Section        4  mvars.o(.data)
    .bss                                     0x20000464   Section      136  main.o(.bss)
    .bss                                     0x200004ec   Section      548  main_hal.o(.bss)
    .bss                                     0x20000710   Section       60  canopen.o(.bss)
    COO                                      0x20000710   Data          60  canopen.o(.bss)
    HEAP                                     0x20000750   Section     8192  startup_stm32f091xc.o(HEAP)
    STACK                                    0x20002750   Section     1024  startup_stm32f091xc.o(STACK)

    Global Symbols

    Symbol Name                              Value     Ov Type        Size  Object(Section)

    BuildAttributes$$THM_ISAv3M$S$PE$A:L22$X:L11$S22$IEEE1$IW$USESV6$~STKCKD$USESV7$~SHL$OTIME$ROPI$EBA8$MICROLIB$REQ8$PRES8$EABIv2 0x00000000   Number         0  anon$$obj.o ABSOLUTE
    __ARM_use_no_argv                        0x00000000   Number         0  main.o ABSOLUTE
    _printf_a                                0x00000000   Number         0  stubs.o ABSOLUTE
    _printf_c                                0x00000000   Number         0  stubs.o ABSOLUTE
    _printf_charcount                        0x00000000   Number         0  stubs.o ABSOLUTE
    _printf_d                                0x00000000   Number         0  stubs.o ABSOLUTE
    _printf_e                                0x00000000   Number         0  stubs.o ABSOLUTE
    _printf_f                                0x00000000   Number         0  stubs.o ABSOLUTE
    _printf_flags                            0x00000000   Number         0  stubs.o ABSOLUTE
    _printf_fp_dec                           0x00000000   Number         0  stubs.o ABSOLUTE
    _printf_fp_hex                           0x00000000   Number         0  stubs.o ABSOLUTE
    _printf_g                                0x00000000   Number         0  stubs.o ABSOLUTE
    _printf_i                                0x00000000   Number         0  stubs.o ABSOLUTE
    _printf_int_dec                          0x00000000   Number         0  stubs.o ABSOLUTE
    _printf_l                                0x00000000   Number         0  stubs.o ABSOLUTE
    _printf_lc                               0x00000000   Number         0  stubs.o ABSOLUTE
    _printf_ll                               0x00000000   Number         0  stubs.o ABSOLUTE
    _printf_lld                              0x00000000   Number         0  stubs.o ABSOLUTE
    _printf_lli                              0x00000000   Number         0  stubs.o ABSOLUTE
    _printf_llo                              0x00000000   Number         0  stubs.o ABSOLUTE
    _printf_llu                              0x00000000   Number         0  stubs.o ABSOLUTE
    _printf_llx                              0x00000000   Number         0  stubs.o ABSOLUTE
    _printf_longlong_dec                     0x00000000   Number         0  stubs.o ABSOLUTE
    _printf_longlong_hex                     0x00000000   Number         0  stubs.o ABSOLUTE
    _printf_longlong_oct                     0x00000000   Number         0  stubs.o ABSOLUTE
    _printf_ls                               0x00000000   Number         0  stubs.o ABSOLUTE
    _printf_mbtowc                           0x00000000   Number         0  stubs.o ABSOLUTE
    _printf_n                                0x00000000   Number         0  stubs.o ABSOLUTE
    _printf_o                                0x00000000   Number         0  stubs.o ABSOLUTE
    _printf_p                                0x00000000   Number         0  stubs.o ABSOLUTE
    _printf_percent                          0x00000000   Number         0  stubs.o ABSOLUTE
    _printf_pre_padding                      0x00000000   Number         0  stubs.o ABSOLUTE
    _printf_return_value                     0x00000000   Number         0  stubs.o ABSOLUTE
    _printf_s                                0x00000000   Number         0  stubs.o ABSOLUTE
    _printf_sizespec                         0x00000000   Number         0  stubs.o ABSOLUTE
    _printf_str                              0x00000000   Number         0  stubs.o ABSOLUTE
    _printf_truncate_signed                  0x00000000   Number         0  stubs.o ABSOLUTE
    _printf_truncate_unsigned                0x00000000   Number         0  stubs.o ABSOLUTE
    _printf_u                                0x00000000   Number         0  stubs.o ABSOLUTE
    _printf_wc                               0x00000000   Number         0  stubs.o ABSOLUTE
    _printf_wctomb                           0x00000000   Number         0  stubs.o ABSOLUTE
    _printf_widthprec                        0x00000000   Number         0  stubs.o ABSOLUTE
    _printf_x                                0x00000000   Number         0  stubs.o ABSOLUTE
    __arm_fini_                               - Undefined Weak Reference
    __cpp_initialize__aeabi_                  - Undefined Weak Reference
    __cxa_finalize                            - Undefined Weak Reference
    _clock_init                               - Undefined Weak Reference
    _microlib_exit                            - Undefined Weak Reference
    __Vectors_Size                           0x000000bc   Number         0  startup_stm32f091xc.o ABSOLUTE
    __Vectors                                0x08000000   Data           4  startup_stm32f091xc.o(RESET)
    __Vectors_End                            0x080000bc   Data           0  startup_stm32f091xc.o(RESET)
    __main                                   0x080000bd   Thumb Code     0  entry.o(.ARM.Collect$$$$00000000)
    _main_stk                                0x080000bd   Thumb Code     0  entry2.o(.ARM.Collect$$$$00000001)
    _main_scatterload                        0x080000c1   Thumb Code     0  entry5.o(.ARM.Collect$$$$00000004)
    __main_after_scatterload                 0x080000c5   Thumb Code     0  entry5.o(.ARM.Collect$$$$00000004)
    _main_clock                              0x080000c5   Thumb Code     0  entry7b.o(.ARM.Collect$$$$00000008)
    _main_cpp_init                           0x080000c5   Thumb Code     0  entry8b.o(.ARM.Collect$$$$0000000A)
    _main_init                               0x080000c5   Thumb Code     0  entry9a.o(.ARM.Collect$$$$0000000B)
    __rt_lib_shutdown_fini                   0x080000cd   Thumb Code     0  entry12b.o(.ARM.Collect$$$$0000000E)
    __rt_final_cpp                           0x080000d1   Thumb Code     0  entry10a.o(.ARM.Collect$$$$0000000F)
    __rt_final_exit                          0x080000d1   Thumb Code     0  entry11a.o(.ARM.Collect$$$$00000011)
    Reset_Handler                            0x080000d5   Thumb Code     8  startup_stm32f091xc.o(.text)
    ADC1_COMP_IRQHandler                     0x080000e7   Thumb Code     0  startup_stm32f091xc.o(.text)
    DMA1_Ch1_IRQHandler                      0x080000e7   Thumb Code     0  startup_stm32f091xc.o(.text)
    DMA1_Ch2_3_DMA2_Ch1_2_IRQHandler         0x080000e7   Thumb Code     0  startup_stm32f091xc.o(.text)
    DMA1_Ch4_7_DMA2_Ch3_5_IRQHandler         0x080000e7   Thumb Code     0  startup_stm32f091xc.o(.text)
    EXTI0_1_IRQHandler                       0x080000e7   Thumb Code     0  startup_stm32f091xc.o(.text)
    EXTI2_3_IRQHandler                       0x080000e7   Thumb Code     0  startup_stm32f091xc.o(.text)
    EXTI4_15_IRQHandler                      0x080000e7   Thumb Code     0  startup_stm32f091xc.o(.text)
    FLASH_IRQHandler                         0x080000e7   Thumb Code     0  startup_stm32f091xc.o(.text)
    I2C1_IRQHandler                          0x080000e7   Thumb Code     0  startup_stm32f091xc.o(.text)
    PVD_VDDIO2_IRQHandler                    0x080000e7   Thumb Code     0  startup_stm32f091xc.o(.text)
    RTC_IRQHandler                           0x080000e7   Thumb Code     0  startup_stm32f091xc.o(.text)
    SPI1_IRQHandler                          0x080000e7   Thumb Code     0  startup_stm32f091xc.o(.text)
    SPI2_IRQHandler                          0x080000e7   Thumb Code     0  startup_stm32f091xc.o(.text)
    TIM14_IRQHandler                         0x080000e7   Thumb Code     0  startup_stm32f091xc.o(.text)
    TIM15_IRQHandler                         0x080000e7   Thumb Code     0  startup_stm32f091xc.o(.text)
    TIM16_IRQHandler                         0x080000e7   Thumb Code     0  startup_stm32f091xc.o(.text)
    TIM17_IRQHandler                         0x080000e7   Thumb Code     0  startup_stm32f091xc.o(.text)
    TIM1_BRK_UP_TRG_COM_IRQHandler           0x080000e7   Thumb Code     0  startup_stm32f091xc.o(.text)
    TIM1_CC_IRQHandler                       0x080000e7   Thumb Code     0  startup_stm32f091xc.o(.text)
    TIM2_IRQHandler                          0x080000e7   Thumb Code     0  startup_stm32f091xc.o(.text)
    TIM3_IRQHandler                          0x080000e7   Thumb Code     0  startup_stm32f091xc.o(.text)
    TIM6_DAC_IRQHandler                      0x080000e7   Thumb Code     0  startup_stm32f091xc.o(.text)
    TIM7_IRQHandler                          0x080000e7   Thumb Code     0  startup_stm32f091xc.o(.text)
    TSC_IRQHandler                           0x080000e7   Thumb Code     0  startup_stm32f091xc.o(.text)
    USART2_IRQHandler                        0x080000e7   Thumb Code     0  startup_stm32f091xc.o(.text)
    USART3_8_IRQHandler                      0x080000e7   Thumb Code     0  startup_stm32f091xc.o(.text)
    WWDG_IRQHandler                          0x080000e7   Thumb Code     0  startup_stm32f091xc.o(.text)
    __aeabi_uidiv                            0x080000f1   Thumb Code     0  uidiv.o(.text)
    __aeabi_uidivmod                         0x080000f1   Thumb Code    44  uidiv.o(.text)
    __aeabi_idiv                             0x0800011d   Thumb Code     0  idiv.o(.text)
    __aeabi_idivmod                          0x0800011d   Thumb Code    40  idiv.o(.text)
    calloc                                   0x08000145   Thumb Code    28  calloc.o(.text)
    __aeabi_fadd                             0x08000161   Thumb Code   162  fadd.o(.text)
    __aeabi_fsub                             0x08000203   Thumb Code     8  fadd.o(.text)
    __aeabi_frsub                            0x0800020b   Thumb Code     8  fadd.o(.text)
    __aeabi_fmul                             0x08000213   Thumb Code   122  fmul.o(.text)
    __aeabi_fdiv                             0x0800028d   Thumb Code   124  fdiv.o(.text)
    __aeabi_i2f                              0x08000309   Thumb Code    22  fflti.o(.text)
    __aeabi_ui2f                             0x0800031f   Thumb Code    14  ffltui.o(.text)
    __aeabi_f2iz                             0x0800032d   Thumb Code    50  ffixi.o(.text)
    __aeabi_cfcmpeq                          0x08000361   Thumb Code     0  cfcmple.o(.text)
    __aeabi_cfcmple                          0x08000361   Thumb Code    20  cfcmple.o(.text)
    __aeabi_cfrcmple                         0x08000375   Thumb Code    20  cfrcmple.o(.text)
    __I$use$fp                               0x08000389   Thumb Code     0  iusefp.o(.text)
    _float_round                             0x08000389   Thumb Code    16  fepilogue.o(.text)
    _float_epilogue                          0x08000399   Thumb Code   114  fepilogue.o(.text)
    __scatterload                            0x0800040d   Thumb Code    28  init.o(.text)
    __scatterload_rt2                        0x0800040d   Thumb Code     0  init.o(.text)
    __decompress                             0x08000431   Thumb Code     0  __dczerorl2.o(.text)
    __decompress1                            0x08000431   Thumb Code    86  __dczerorl2.o(.text)
    CEC_CAN_IRQHandler                       0x080008a5   Thumb Code    10  stm32f0xx_it.o(i.CEC_CAN_IRQHandler)
    CO_CAN1InterruptHandler                  0x080008b5   Thumb Code    14  main.o(i.CO_CAN1InterruptHandler)
    CO_CANclearPendingSyncPDOs               0x080008c9   Thumb Code     2  co_driver.o(i.CO_CANclearPendingSyncPDOs)
    CO_CANinterrupt_Rx                       0x080008cd   Thumb Code   174  co_driver.o(i.CO_CANinterrupt_Rx)
    CO_CANmodule_disable                     0x08000981   Thumb Code     2  co_driver.o(i.CO_CANmodule_disable)
    CO_CANmodule_init                        0x08000983   Thumb Code   116  co_driver.o(i.CO_CANmodule_init)
    CO_CANrxBufferInit                       0x080009f7   Thumb Code    98  co_driver.o(i.CO_CANrxBufferInit)
    CO_CANsend                               0x08000a59   Thumb Code   118  co_driver.o(i.CO_CANsend)
    CO_CANsetConfigurationMode               0x08000ad9   Thumb Code     2  co_driver.o(i.CO_CANsetConfigurationMode)
    CO_CANsetNormalMode                      0x08000adb   Thumb Code     6  co_driver.o(i.CO_CANsetNormalMode)
    CO_CANtxBufferInit                       0x08000ae1   Thumb Code    68  co_driver.o(i.CO_CANtxBufferInit)
    CO_CANverifyErrors                       0x08000b25   Thumb Code     2  co_driver.o(i.CO_CANverifyErrors)
    CO_EM_init                               0x08000b29   Thumb Code   206  co_emergency.o(i.CO_EM_init)
    CO_EM_process                            0x08000c05   Thumb Code   302  co_emergency.o(i.CO_EM_process)
    CO_HBconsumer_init                       0x08000dc1   Thumb Code   122  co_hbconsumer.o(i.CO_HBconsumer_init)
    CO_HBconsumer_process                    0x08000e45   Thumb Code   180  co_hbconsumer.o(i.CO_HBconsumer_process)
    CO_NMT_blinkingProcess50ms               0x08000efd   Thumb Code   274  co_nmt_heartbeat.o(i.CO_NMT_blinkingProcess50ms)
    CO_NMT_init                              0x08001011   Thumb Code   126  co_nmt_heartbeat.o(i.CO_NMT_init)
    CO_NMT_process                           0x08001099   Thumb Code   578  co_nmt_heartbeat.o(i.CO_NMT_process)
    CO_OD_configure                          0x08001979   Thumb Code    94  co_sdo.o(i.CO_OD_configure)
    CO_OD_find                               0x080019dd   Thumb Code    96  co_sdo.o(i.CO_OD_find)
    CO_OD_getAttribute                       0x08001a41   Thumb Code    70  co_sdo.o(i.CO_OD_getAttribute)
    CO_OD_getDataPointer                     0x08001a8d   Thumb Code    76  co_sdo.o(i.CO_OD_getDataPointer)
    CO_OD_getFlagsPointer                    0x08001add   Thumb Code    34  co_sdo.o(i.CO_OD_getFlagsPointer)
    CO_OD_getLength                          0x08001b05   Thumb Code    96  co_sdo.o(i.CO_OD_getLength)
    CO_RPDO_init                             0x08001d69   Thumb Code   166  co_pdo.o(i.CO_RPDO_init)
    CO_RPDO_process                          0x08001e19   Thumb Code   118  co_pdo.o(i.CO_RPDO_process)
    CO_SDO_init                              0x08001ff9   Thumb Code   244  co_sdo.o(i.CO_SDO_init)
    CO_SDO_initTransfer                      0x080020f9   Thumb Code   202  co_sdo.o(i.CO_SDO_initTransfer)
    CO_SDO_process                           0x080021d5   Thumb Code  2872  co_sdo.o(i.CO_SDO_process)
    CO_SDO_readOD                            0x08002d15   Thumb Code   180  co_sdo.o(i.CO_SDO_readOD)
    CO_SDO_writeOD                           0x08002ec5   Thumb Code   162  co_sdo.o(i.CO_SDO_writeOD)
    CO_SYNC_init                             0x08002f71   Thumb Code   252  co_sync.o(i.CO_SYNC_init)
    CO_SYNC_process                          0x08003085   Thumb Code   236  co_sync.o(i.CO_SYNC_process)
    CO_TPDO_init                             0x080031d5   Thumb Code   214  co_pdo.o(i.CO_TPDO_init)
    CO_TPDO_process                          0x080032b5   Thumb Code   278  co_pdo.o(i.CO_TPDO_process)
    CO_TPDOisCOS                             0x080034c9   Thumb Code   332  co_pdo.o(i.CO_TPDOisCOS)
    CO_TPDOsend                              0x08003615   Thumb Code    46  co_pdo.o(i.CO_TPDOsend)
    CO_delete                                0x08003645   Thumb Code   198  canopen.o(i.CO_delete)
    CO_errorReport                           0x08003721   Thumb Code   200  co_emergency.o(i.CO_errorReport)
    CO_getUint32                             0x080037e9   Thumb Code    26  co_sdo.o(i.CO_getUint32)
    CO_init                                  0x08003805   Thumb Code  1394  canopen.o(i.CO_init)
    CO_isError                               0x08003d89   Thumb Code    42  co_emergency.o(i.CO_isError)
    CO_memcpy                                0x08003db3   Thumb Code    22  co_sdo.o(i.CO_memcpy)
    CO_memcpySwap2                           0x08003dc9   Thumb Code    16  co_sdo.o(i.CO_memcpySwap2)
    CO_memcpySwap4                           0x08003dd9   Thumb Code    24  co_sdo.o(i.CO_memcpySwap4)
    CO_process                               0x08003df1   Thumb Code   188  canopen.o(i.CO_process)
    CO_process_SYNC_RPDO                     0x08003eb9   Thumb Code    74  canopen.o(i.CO_process_SYNC_RPDO)
    CO_process_TPDO                          0x08003f09   Thumb Code    76  canopen.o(i.CO_process_TPDO)
    CO_setUint32                             0x08003f55   Thumb Code    30  co_sdo.o(i.CO_setUint32)
    Calibration_protocol                     0x08003f75   Thumb Code   418  main.o(i.Calibration_protocol)
    CanDisable                               0x0800415d   Thumb Code    18  main_hal.o(i.CanDisable)
    CanEnable                                0x08004175   Thumb Code    18  main_hal.o(i.CanEnable)
    DIn4ResetCounter                         0x0800418d   Thumb Code    10  main_hal.o(i.DIn4ResetCounter)
    Dataset                                  0x0800419d   Thumb Code    96  main.o(i.Dataset)
    EEPROM_Read                              0x08004201   Thumb Code   112  main_hal.o(i.EEPROM_Read)
    EEPROM_Write                             0x08004275   Thumb Code   118  main_hal.o(i.EEPROM_Write)
    EN1_filter                               0x080042f1   Thumb Code   290  main.o(i.EN1_filter)
    Error_Handler                            0x08004481   Thumb Code     4  main_hal.o(i.Error_Handler)
    FACTORY_RESET                            0x08004485   Thumb Code   140  main.o(i.FACTORY_RESET)
    HAL_ADCEx_Calibration_Start              0x08004545   Thumb Code   194  stm32f0xx_hal_adc_ex.o(i.HAL_ADCEx_Calibration_Start)
    HAL_ADC_ConfigChannel                    0x08004609   Thumb Code   412  stm32f0xx_hal_adc.o(i.HAL_ADC_ConfigChannel)
    HAL_ADC_GetValue                         0x080047b5   Thumb Code     8  stm32f0xx_hal_adc.o(i.HAL_ADC_GetValue)
    HAL_ADC_Init                             0x080047bd   Thumb Code   440  stm32f0xx_hal_adc.o(i.HAL_ADC_Init)
    HAL_ADC_MspInit                          0x0800497d   Thumb Code    68  stm32f0xx_hal_msp.o(i.HAL_ADC_MspInit)
    HAL_ADC_PollForConversion                0x080049c9   Thumb Code   228  stm32f0xx_hal_adc.o(i.HAL_ADC_PollForConversion)
    HAL_ADC_Start                            0x08004aad   Thumb Code   114  stm32f0xx_hal_adc.o(i.HAL_ADC_Start)
    HAL_ADC_Stop                             0x08004b25   Thumb Code    80  stm32f0xx_hal_adc.o(i.HAL_ADC_Stop)
    HAL_CAN_ConfigFilter                     0x08004b75   Thumb Code   432  stm32f0xx_hal_can.o(i.HAL_CAN_ConfigFilter)
    HAL_CAN_ErrorCallback                    0x08004d25   Thumb Code     2  stm32f0xx_hal_can.o(i.HAL_CAN_ErrorCallback)
    HAL_CAN_IRQHandler                       0x08004d29   Thumb Code   468  stm32f0xx_hal_can.o(i.HAL_CAN_IRQHandler)
    HAL_CAN_Init                             0x08004f09   Thumb Code   448  stm32f0xx_hal_can.o(i.HAL_CAN_Init)
    HAL_CAN_MspInit                          0x080050c9   Thumb Code    80  stm32f0xx_hal_msp.o(i.HAL_CAN_MspInit)
    HAL_CAN_Receive_IT                       0x08005125   Thumb Code   186  stm32f0xx_hal_can.o(i.HAL_CAN_Receive_IT)
    HAL_CAN_RxCpltCallback                   0x080051df   Thumb Code    22  main.o(i.HAL_CAN_RxCpltCallback)
    HAL_CAN_Transmit                         0x080051f5   Thumb Code   578  stm32f0xx_hal_can.o(i.HAL_CAN_Transmit)
    HAL_CAN_TxCpltCallback                   0x08005445   Thumb Code     2  stm32f0xx_hal_can.o(i.HAL_CAN_TxCpltCallback)
    HAL_DAC_ConfigChannel                    0x08005449   Thumb Code    78  stm32f0xx_hal_dac_ex.o(i.HAL_DAC_ConfigChannel)
    HAL_DAC_Init                             0x0800549d   Thumb Code    42  stm32f0xx_hal_dac.o(i.HAL_DAC_Init)
    HAL_DAC_MspInit                          0x080054c9   Thumb Code    70  stm32f0xx_hal_msp.o(i.HAL_DAC_MspInit)
    HAL_DAC_SetValue                         0x08005519   Thumb Code    46  stm32f0xx_hal_dac.o(i.HAL_DAC_SetValue)
    HAL_DAC_Start                            0x08005547   Thumb Code   110  stm32f0xx_hal_dac_ex.o(i.HAL_DAC_Start)
    HAL_DMA_Abort_IT                         0x080055b5   Thumb Code   416  stm32f0xx_hal_dma.o(i.HAL_DMA_Abort_IT)
    HAL_Delay                                0x0800575d   Thumb Code    26  stm32f0xx_hal.o(i.HAL_Delay)
    HAL_GPIO_Init                            0x08005779   Thumb Code   480  stm32f0xx_hal_gpio.o(i.HAL_GPIO_Init)
    HAL_GPIO_ReadPin                         0x08005975   Thumb Code    18  stm32f0xx_hal_gpio.o(i.HAL_GPIO_ReadPin)
    HAL_GPIO_TogglePin                       0x08005987   Thumb Code     8  stm32f0xx_hal_gpio.o(i.HAL_GPIO_TogglePin)
    HAL_GPIO_WritePin                        0x0800598f   Thumb Code    12  stm32f0xx_hal_gpio.o(i.HAL_GPIO_WritePin)
    HAL_GetTick                              0x0800599d   Thumb Code     6  stm32f0xx_hal.o(i.HAL_GetTick)
    HAL_I2CEx_ConfigAnalogFilter             0x080059a9   Thumb Code   110  stm32f0xx_hal_i2c_ex.o(i.HAL_I2CEx_ConfigAnalogFilter)
    HAL_I2C_AbortCpltCallback                0x08005a17   Thumb Code     2  stm32f0xx_hal_i2c.o(i.HAL_I2C_AbortCpltCallback)
    HAL_I2C_AddrCallback                     0x08005a19   Thumb Code     2  stm32f0xx_hal_i2c.o(i.HAL_I2C_AddrCallback)
    HAL_I2C_ER_IRQHandler                    0x08005a1b   Thumb Code   128  stm32f0xx_hal_i2c.o(i.HAL_I2C_ER_IRQHandler)
    HAL_I2C_EV_IRQHandler                    0x08005a9b   Thumb Code    30  stm32f0xx_hal_i2c.o(i.HAL_I2C_EV_IRQHandler)
    HAL_I2C_ErrorCallback                    0x08005ab9   Thumb Code     2  stm32f0xx_hal_i2c.o(i.HAL_I2C_ErrorCallback)
    HAL_I2C_Init                             0x08005abd   Thumb Code   200  stm32f0xx_hal_i2c.o(i.HAL_I2C_Init)
    HAL_I2C_ListenCpltCallback               0x08005b89   Thumb Code     2  stm32f0xx_hal_i2c.o(i.HAL_I2C_ListenCpltCallback)
    HAL_I2C_Mem_Read                         0x08005b8d   Thumb Code   446  stm32f0xx_hal_i2c.o(i.HAL_I2C_Mem_Read)
    HAL_I2C_Mem_Write                        0x08005d51   Thumb Code   446  stm32f0xx_hal_i2c.o(i.HAL_I2C_Mem_Write)
    HAL_I2C_MspInit                          0x08005f15   Thumb Code    80  stm32f0xx_hal_msp.o(i.HAL_I2C_MspInit)
    HAL_I2C_SlaveRxCpltCallback              0x08005f71   Thumb Code     2  stm32f0xx_hal_i2c.o(i.HAL_I2C_SlaveRxCpltCallback)
    HAL_I2C_SlaveTxCpltCallback              0x08005f73   Thumb Code     2  stm32f0xx_hal_i2c.o(i.HAL_I2C_SlaveTxCpltCallback)
    HAL_IWDG_Init                            0x08005f75   Thumb Code   196  stm32f0xx_hal_iwdg.o(i.HAL_IWDG_Init)
    HAL_IWDG_MspInit                         0x08006041   Thumb Code     2  stm32f0xx_hal_iwdg.o(i.HAL_IWDG_MspInit)
    HAL_IncTick                              0x08006045   Thumb Code    12  stm32f0xx_hal.o(i.HAL_IncTick)
    HAL_Init                                 0x08006055   Thumb Code    28  stm32f0xx_hal.o(i.HAL_Init)
    HAL_InitTick                             0x08006075   Thumb Code    38  stm32f0xx_hal.o(i.HAL_InitTick)
    HAL_MspInit                              0x0800609d   Thumb Code    78  stm32f0xx_hal_msp.o(i.HAL_MspInit)
    HAL_NVIC_EnableIRQ                       0x080060f1   Thumb Code    18  stm32f0xx_hal_cortex.o(i.HAL_NVIC_EnableIRQ)
    HAL_NVIC_SetPriority                     0x08006109   Thumb Code    18  stm32f0xx_hal_cortex.o(i.HAL_NVIC_SetPriority)
    HAL_NVIC_SystemReset                     0x0800611d   Thumb Code    48  stm32f0xx_hal_cortex.o(i.HAL_NVIC_SystemReset)
    HAL_RCCEx_PeriphCLKConfig                0x08006155   Thumb Code   408  stm32f0xx_hal_rcc_ex.o(i.HAL_RCCEx_PeriphCLKConfig)
    HAL_RCC_ClockConfig                      0x080062f9   Thumb Code   444  stm32f0xx_hal_rcc.o(i.HAL_RCC_ClockConfig)
    HAL_RCC_GetHCLKFreq                      0x080064c9   Thumb Code     6  stm32f0xx_hal_rcc.o(i.HAL_RCC_GetHCLKFreq)
    HAL_RCC_GetPCLK1Freq                     0x080064d5   Thumb Code    26  stm32f0xx_hal_rcc.o(i.HAL_RCC_GetPCLK1Freq)
    HAL_RCC_GetSysClockFreq                  0x080064f9   Thumb Code   194  stm32f0xx_hal_rcc.o(i.HAL_RCC_GetSysClockFreq)
    HAL_RCC_OscConfig                        0x080065ed   Thumb Code  1532  stm32f0xx_hal_rcc.o(i.HAL_RCC_OscConfig)
    HAL_SYSTICK_CLKSourceConfig              0x08006bed   Thumb Code    32  stm32f0xx_hal_cortex.o(i.HAL_SYSTICK_CLKSourceConfig)
    HAL_SYSTICK_Callback                     0x08006c11   Thumb Code    34  main.o(i.HAL_SYSTICK_Callback)
    HAL_SYSTICK_Config                       0x08006c3d   Thumb Code    46  stm32f0xx_hal_cortex.o(i.HAL_SYSTICK_Config)
    HAL_SYSTICK_IRQHandler                   0x08006c75   Thumb Code     8  stm32f0xx_hal_cortex.o(i.HAL_SYSTICK_IRQHandler)
    HAL_TIMEx_ConfigBreakDeadTime            0x08006c7d   Thumb Code    80  stm32f0xx_hal_tim_ex.o(i.HAL_TIMEx_ConfigBreakDeadTime)
    HAL_TIMEx_MasterConfigSynchronization    0x08006ccd   Thumb Code    98  stm32f0xx_hal_tim_ex.o(i.HAL_TIMEx_MasterConfigSynchronization)
    HAL_TIMEx_PWMN_Start                     0x08006d2f   Thumb Code    46  stm32f0xx_hal_tim_ex.o(i.HAL_TIMEx_PWMN_Start)
    HAL_TIM_Base_Init                        0x08006d5d   Thumb Code    56  stm32f0xx_hal_tim.o(i.HAL_TIM_Base_Init)
    HAL_TIM_Base_MspInit                     0x08006d95   Thumb Code   186  stm32f0xx_hal_msp.o(i.HAL_TIM_Base_MspInit)
    HAL_TIM_ConfigClockSource                0x08006e5d   Thumb Code   318  stm32f0xx_hal_tim.o(i.HAL_TIM_ConfigClockSource)
    HAL_TIM_IC_ConfigChannel                 0x08006f9b   Thumb Code   226  stm32f0xx_hal_tim.o(i.HAL_TIM_IC_ConfigChannel)
    HAL_TIM_IC_Init                          0x0800707d   Thumb Code    56  stm32f0xx_hal_tim.o(i.HAL_TIM_IC_Init)
    HAL_TIM_IC_MspInit                       0x080070b5   Thumb Code     2  stm32f0xx_hal_tim.o(i.HAL_TIM_IC_MspInit)
    HAL_TIM_IC_Start                         0x080070b7   Thumb Code    32  stm32f0xx_hal_tim.o(i.HAL_TIM_IC_Start)
    HAL_TIM_MspPostInit                      0x080070d7   Thumb Code     2  stm32f0xx_hal_msp.o(i.HAL_TIM_MspPostInit)
    HAL_TIM_PWM_ConfigChannel                0x080070d9   Thumb Code   274  stm32f0xx_hal_tim.o(i.HAL_TIM_PWM_ConfigChannel)
    HAL_TIM_PWM_Init                         0x080071eb   Thumb Code    56  stm32f0xx_hal_tim.o(i.HAL_TIM_PWM_Init)
    HAL_TIM_PWM_MspInit                      0x08007223   Thumb Code     2  stm32f0xx_hal_tim.o(i.HAL_TIM_PWM_MspInit)
    HAL_TIM_SlaveConfigSynchronization       0x08007225   Thumb Code    88  stm32f0xx_hal_tim.o(i.HAL_TIM_SlaveConfigSynchronization)
    HAL_UARTEx_WakeupCallback                0x0800727d   Thumb Code     2  stm32f0xx_hal_uart_ex.o(i.HAL_UARTEx_WakeupCallback)
    HAL_UART_ErrorCallback                   0x0800727f   Thumb Code     2  stm32f0xx_hal_uart.o(i.HAL_UART_ErrorCallback)
    HAL_UART_IRQHandler                      0x08007281   Thumb Code   314  stm32f0xx_hal_uart.o(i.HAL_UART_IRQHandler)
    HAL_UART_Init                            0x080073bb   Thumb Code   130  stm32f0xx_hal_uart.o(i.HAL_UART_Init)
    HAL_UART_MspInit                         0x0800743d   Thumb Code    82  stm32f0xx_hal_msp.o(i.HAL_UART_MspInit)
    HAL_UART_RxCpltCallback                  0x08007499   Thumb Code     2  stm32f0xx_hal_uart.o(i.HAL_UART_RxCpltCallback)
    HAL_UART_TxCpltCallback                  0x0800749b   Thumb Code     2  stm32f0xx_hal_uart.o(i.HAL_UART_TxCpltCallback)
    HardFault_Handler                        0x0800749d   Thumb Code     4  stm32f0xx_it.o(i.HardFault_Handler)
    I2C2_IRQHandler                          0x080074a1   Thumb Code    34  stm32f0xx_it.o(i.I2C2_IRQHandler)
    Initialize_outputs                       0x08007e0d   Thumb Code    42  main.o(i.Initialize_outputs)
    Jumper                                   0x08007e41   Thumb Code    30  main.o(i.Jumper)
    MainInit                                 0x08008365   Thumb Code   288  main_hal.o(i.MainInit)
    NMI_Handler                              0x080084b5   Thumb Code     2  stm32f0xx_it.o(i.NMI_Handler)
    PendSV_Handler                           0x08008531   Thumb Code     2  stm32f0xx_it.o(i.PendSV_Handler)
    RCC_CRS_IRQHandler                       0x08008533   Thumb Code     2  stm32f0xx_it.o(i.RCC_CRS_IRQHandler)
    ReadAnalogInput                          0x08008535   Thumb Code    62  main_hal.o(i.ReadAnalogInput)
    SVC_Handler                              0x08008581   Thumb Code     2  stm32f0xx_it.o(i.SVC_Handler)
    SW1                                      0x08008585   Thumb Code    36  main.o(i.SW1)
    SW2                                      0x080085ad   Thumb Code    36  main.o(i.SW2)
    SetAnalogOutput                          0x080085d5   Thumb Code    38  main_hal.o(i.SetAnalogOutput)
    SysTick_Handler                          0x08008605   Thumb Code    12  stm32f0xx_it.o(i.SysTick_Handler)
    SystemClock_Config                       0x08008611   Thumb Code   132  main_hal.o(i.SystemClock_Config)
    SystemInit                               0x08008695   Thumb Code   102  system_stm32f0xx.o(i.SystemInit)
    TIM_Base_SetConfig                       0x0800870d   Thumb Code   140  stm32f0xx_hal_tim.o(i.TIM_Base_SetConfig)
    TIM_CCxChannelCmd                        0x080087b1   Thumb Code    28  stm32f0xx_hal_tim.o(i.TIM_CCxChannelCmd)
    TIM_ETR_SetConfig                        0x080087e9   Thumb Code    30  stm32f0xx_hal_tim.o(i.TIM_ETR_SetConfig)
    TIM_OC2_SetConfig                        0x080088d5   Thumb Code   182  stm32f0xx_hal_tim.o(i.TIM_OC2_SetConfig)
    TIM_TI1_SetConfig                        0x08008bcd   Thumb Code   106  stm32f0xx_hal_tim.o(i.TIM_TI1_SetConfig)
    UART_AdvFeatureConfig                    0x08008d63   Thumb Code   240  stm32f0xx_hal_uart.o(i.UART_AdvFeatureConfig)
    UART_CheckIdleState                      0x08008e55   Thumb Code   124  stm32f0xx_hal_uart.o(i.UART_CheckIdleState)
    UART_EndTransmit_IT                      0x08008edd   Thumb Code    32  stm32f0xx_hal_uart.o(i.UART_EndTransmit_IT)
    UART_Receive_IT                          0x08008efd   Thumb Code   156  stm32f0xx_hal_uart.o(i.UART_Receive_IT)
    UART_SetConfig                           0x08008f99   Thumb Code   626  stm32f0xx_hal_uart.o(i.UART_SetConfig)
    UART_Transmit_IT                         0x08009241   Thumb Code   114  stm32f0xx_hal_uart.o(i.UART_Transmit_IT)
    UART_WaitOnFlagUntilTimeout              0x080092b3   Thumb Code   262  stm32f0xx_hal_uart.o(i.UART_WaitOnFlagUntilTimeout)
    USART1_IRQHandler                        0x080093b9   Thumb Code    10  stm32f0xx_it.o(i.USART1_IRQHandler)
    Validaton                                0x080093c9   Thumb Code   616  main.o(i.Validaton)
    __ARM_common_switch8                     0x0800968d   Thumb Code    28  stm32f0xx_hal_tim.o(i.__ARM_common_switch8)
    __scatterload_copy                       0x080096a9   Thumb Code    14  handlers.o(i.__scatterload_copy)
    __scatterload_null                       0x080096b7   Thumb Code     2  handlers.o(i.__scatterload_null)
    __scatterload_zeroinit                   0x080096b9   Thumb Code    14  handlers.o(i.__scatterload_zeroinit)
    crc16_ccitt                              0x080096d5   Thumb Code    42  crc16-ccitt.o(i.crc16_ccitt)
    free                                     0x08009705   Thumb Code    80  malloc.o(i.free)
    main                                     0x08009759   Thumb Code  1760  main.o(i.main)
    malloc                                   0x08009e75   Thumb Code    92  malloc.o(i.malloc)
    AHBPrescTable                            0x08009f20   Data          16  system_stm32f0xx.o(.constdata)
    APBPrescTable                            0x08009f30   Data           8  system_stm32f0xx.o(.constdata)
    OD_record1018                            0x0800a138   Data          40  co_od.o(.constdata)
    OD_record1200                            0x0800a160   Data          24  co_od.o(.constdata)
    OD_record1400                            0x0800a178   Data          24  co_od.o(.constdata)
    OD_record1401                            0x0800a190   Data          24  co_od.o(.constdata)
    OD_record1402                            0x0800a1a8   Data          24  co_od.o(.constdata)
    OD_record1403                            0x0800a1c0   Data          24  co_od.o(.constdata)
    OD_record1600                            0x0800a1d8   Data          72  co_od.o(.constdata)
    OD_record1601                            0x0800a220   Data          72  co_od.o(.constdata)
    OD_record1602                            0x0800a268   Data          72  co_od.o(.constdata)
    OD_record1603                            0x0800a2b0   Data          72  co_od.o(.constdata)
    OD_record1800                            0x0800a2f8   Data          56  co_od.o(.constdata)
    OD_record1801                            0x0800a330   Data          56  co_od.o(.constdata)
    OD_record1802                            0x0800a368   Data          56  co_od.o(.constdata)
    OD_record1803                            0x0800a3a0   Data          56  co_od.o(.constdata)
    OD_record1A00                            0x0800a3d8   Data          72  co_od.o(.constdata)
    OD_record1A01                            0x0800a420   Data          72  co_od.o(.constdata)
    OD_record1A02                            0x0800a468   Data          72  co_od.o(.constdata)
    OD_record1A03                            0x0800a4b0   Data          72  co_od.o(.constdata)
    OD_record2120                            0x0800a4f8   Data          48  co_od.o(.constdata)
    OD_record2130                            0x0800a528   Data          32  co_od.o(.constdata)
    CO_OD                                    0x0800a548   Data         660  co_od.o(.constdata)
    Region$$Table$$Base                      0x0800a7dc   Number         0  anon$$obj.o(Region$$Table)
    Region$$Table$$Limit                     0x0800a7fc   Number         0  anon$$obj.o(Region$$Table)
    u16Timer                                 0x20000000   Data           2  main.o(.data)
    u8TmrCallbackEnabled                     0x20000002   Data           1  main.o(.data)
    u16Voltage                               0x20000004   Data           2  main.o(.data)
    u8I                                      0x20000006   Data           1  main.o(.data)
    Calibration                              0x20000007   Data           1  main.o(.data)
    Calibrationcounter0                      0x20000008   Data           4  main.o(.data)
    Calibrationcounter1                      0x2000000c   Data           4  main.o(.data)
    Calibrationcounter2                      0x20000010   Data           4  main.o(.data)
    Calibrationcounter3                      0x20000014   Data           4  main.o(.data)
    limitcounter                             0x20000018   Data           4  main.o(.data)
    u8WrSetup                                0x2000001c   Data           1  main.o(.data)
    u8WrSetupOld                             0x2000001d   Data           1  main.o(.data)
    u8RdSetup                                0x2000001e   Data           1  main.o(.data)
    FAILSTATE                                0x2000001f   Data           1  main.o(.data)
    FAILSTATEold                             0x20000020   Data           1  main.o(.data)
    MAX1                                     0x20000021   Data           1  main.o(.data)
    MAX2                                     0x20000022   Data           1  main.o(.data)
    MAX                                      0x20000024   Data           2  main.o(.data)
    MIN1                                     0x20000026   Data           1  main.o(.data)
    MIN2                                     0x20000027   Data           1  main.o(.data)
    MIN                                      0x20000028   Data           2  main.o(.data)
    MAX1old                                  0x2000002a   Data           1  main.o(.data)
    MAX2old                                  0x2000002b   Data           1  main.o(.data)
    MAXold                                   0x2000002c   Data           2  main.o(.data)
    MIN1old                                  0x2000002e   Data           1  main.o(.data)
    MIN2old                                  0x2000002f   Data           1  main.o(.data)
    MINold                                   0x20000030   Data           2  main.o(.data)
    Calibrated                               0x20000032   Data           1  main.o(.data)
    jumperold                                0x20000033   Data           1  main.o(.data)
    START                                    0x20000034   Data           1  main.o(.data)
    MAXTEST                                  0x20000038   Data           4  main.o(.data)
    MINTEST                                  0x2000003c   Data           4  main.o(.data)
    CanMSG                                   0x20000040   Data           8  main.o(.data)
    CO_timer1ms                              0x20000048   Data           2  main.o(.data)
    Mode                                     0x2000004a   Data           1  main.o(.data)
    Encoder_Set                              0x2000004c   Data           4  main.o(.data)
    uwTick                                   0x20000058   Data           4  stm32f0xx_hal.o(.data)
    SystemCoreClock                          0x2000005c   Data           4  system_stm32f0xx.o(.data)
    CO                                       0x2000006c   Data           4  canopen.o(.data)
    CO_OD_RAM                                0x20000088   Data         304  co_od.o(.data)
    CO_OD_EEPROM                             0x200001b8   Data          76  co_od.o(.data)
    CO_OD_ROM                                0x20000204   Data         600  co_od.o(.data)
    __microlib_freelist                      0x2000045c   Data           4  mvars.o(.data)
    __microlib_freelist_initialised          0x20000460   Data           4  mvars.o(.data)
    CAN_TX_Msg                               0x20000464   Data          28  main.o(.bss)
    CAN_RX_Msg                               0x20000480   Data          36  main.o(.bss)
    CAN_DATA                                 0x200004a4   Data          40  main.o(.bss)
    u8Data                                   0x200004cc   Data          32  main.o(.bss)
    hadc                                     0x200004ec   Data          76  main_hal.o(.bss)
    hcan                                     0x20000538   Data          64  main_hal.o(.bss)
    hi2c2                                    0x20000578   Data          76  main_hal.o(.bss)
    hiwdg                                    0x200005c4   Data          20  main_hal.o(.bss)
    htim1                                    0x200005d8   Data          60  main_hal.o(.bss)
    htim2                                    0x20000614   Data          60  main_hal.o(.bss)
    htim17                                   0x20000650   Data          60  main_hal.o(.bss)
    huart1                                   0x2000068c   Data         112  main_hal.o(.bss)
    hdac                                     0x200006fc   Data          20  main_hal.o(.bss)
    __heap_base                              0x20000750   Data           0  startup_stm32f091xc.o(HEAP)
    __heap_limit                             0x20002750   Data           0  startup_stm32f091xc.o(HEAP)
    __initial_sp                             0x20002b50   Data           0  startup_stm32f091xc.o(STACK)



==============================================================================

Memory Map of the image

  Image Entry point : 0x080000bd

  Load Region LR_IROM1 (Base: 0x08000000, Size: 0x0000ac60, Max: 0x00040000, ABSOLUTE, COMPRESSED[0x0000a8c0])

    Execution Region ER_IROM1 (Exec base: 0x08000000, Load base: 0x08000000, Size: 0x0000a7fc, Max: 0x00040000, ABSOLUTE)

    Exec Addr    Load Addr    Size         Type   Attr      Idx    E Section Name        Object

    0x08000000   0x08000000   0x000000bc   Data   RO         3787    RESET               startup_stm32f091xc.o
    0x080000bc   0x080000bc   0x00000000   Code   RO         4607  * .ARM.Collect$$$$00000000  mc_p.l(entry.o)
    0x080000bc   0x080000bc   0x00000004   Code   RO         4925    .ARM.Collect$$$$00000001  mc_p.l(entry2.o)
    0x080000c0   0x080000c0   0x00000004   Code   RO         4928    .ARM.Collect$$$$00000004  mc_p.l(entry5.o)
    0x080000c4   0x080000c4   0x00000000   Code   RO         4930    .ARM.Collect$$$$00000008  mc_p.l(entry7b.o)
    0x080000c4   0x080000c4   0x00000000   Code   RO         4932    .ARM.Collect$$$$0000000A  mc_p.l(entry8b.o)
    0x080000c4   0x080000c4   0x00000008   Code   RO         4933    .ARM.Collect$$$$0000000B  mc_p.l(entry9a.o)
    0x080000cc   0x080000cc   0x00000004   Code   RO         4940    .ARM.Collect$$$$0000000E  mc_p.l(entry12b.o)
    0x080000d0   0x080000d0   0x00000000   Code   RO         4935    .ARM.Collect$$$$0000000F  mc_p.l(entry10a.o)
    0x080000d0   0x080000d0   0x00000000   Code   RO         4937    .ARM.Collect$$$$00000011  mc_p.l(entry11a.o)
    0x080000d0   0x080000d0   0x00000004   Code   RO         4926    .ARM.Collect$$$$00002712  mc_p.l(entry2.o)
    0x080000d4   0x080000d4   0x0000001c   Code   RO         3788    .text               startup_stm32f091xc.o
    0x080000f0   0x080000f0   0x0000002c   Code   RO         4610    .text               mc_p.l(uidiv.o)
    0x0800011c   0x0800011c   0x00000028   Code   RO         4612    .text               mc_p.l(idiv.o)
    0x08000144   0x08000144   0x0000001c   Code   RO         4907    .text               mc_p.l(calloc.o)
    0x08000160   0x08000160   0x000000b2   Code   RO         4909    .text               mf_p.l(fadd.o)
    0x08000212   0x08000212   0x0000007a   Code   RO         4911    .text               mf_p.l(fmul.o)
    0x0800028c   0x0800028c   0x0000007c   Code   RO         4913    .text               mf_p.l(fdiv.o)
    0x08000308   0x08000308   0x00000016   Code   RO         4915    .text               mf_p.l(fflti.o)
    0x0800031e   0x0800031e   0x0000000e   Code   RO         4917    .text               mf_p.l(ffltui.o)
    0x0800032c   0x0800032c   0x00000032   Code   RO         4919    .text               mf_p.l(ffixi.o)
    0x0800035e   0x0800035e   0x00000002   PAD
    0x08000360   0x08000360   0x00000014   Code   RO         4921    .text               mf_p.l(cfcmple.o)
    0x08000374   0x08000374   0x00000014   Code   RO         4923    .text               mf_p.l(cfrcmple.o)
    0x08000388   0x08000388   0x00000000   Code   RO         4952    .text               mc_p.l(iusefp.o)
    0x08000388   0x08000388   0x00000082   Code   RO         4953    .text               mf_p.l(fepilogue.o)
    0x0800040a   0x0800040a   0x00000002   PAD
    0x0800040c   0x0800040c   0x00000024   Code   RO         4965    .text               mc_p.l(init.o)
    0x08000430   0x08000430   0x00000056   Code   RO         4985    .text               mc_p.l(__dczerorl2.o)
    0x08000486   0x08000486   0x0000006c   Code   RO         3183    i.ADC_ConversionStop  stm32f0xx_hal_adc.o
    0x080004f2   0x080004f2   0x000000aa   Code   RO         3187    i.ADC_Disable       stm32f0xx_hal_adc.o
    0x0800059c   0x0800059c   0x000000d4   Code   RO         3188    i.ADC_Enable        stm32f0xx_hal_adc.o
    0x08000670   0x08000670   0x000001b6   Code   RO         2863    i.CAN_Receive_IT    stm32f0xx_hal_can.o
    0x08000826   0x08000826   0x0000007e   Code   RO         2864    i.CAN_Transmit_IT   stm32f0xx_hal_can.o
    0x080008a4   0x080008a4   0x00000010   Code   RO          217    i.CEC_CAN_IRQHandler  stm32f0xx_it.o
    0x080008b4   0x080008b4   0x00000014   Code   RO          289    i.CO_CAN1InterruptHandler  main.o
    0x080008c8   0x080008c8   0x00000002   Code   RO         4525    i.CO_CANclearPendingSyncPDOs  co_driver.o
    0x080008ca   0x080008ca   0x00000002   PAD
    0x080008cc   0x080008cc   0x000000b4   Code   RO         4526    i.CO_CANinterrupt_Rx  co_driver.o
    0x08000980   0x08000980   0x00000002   Code   RO         4528    i.CO_CANmodule_disable  co_driver.o
    0x08000982   0x08000982   0x00000074   Code   RO         4529    i.CO_CANmodule_init  co_driver.o
    0x080009f6   0x080009f6   0x00000062   Code   RO         4530    i.CO_CANrxBufferInit  co_driver.o
    0x08000a58   0x08000a58   0x00000080   Code   RO         4531    i.CO_CANsend        co_driver.o
    0x08000ad8   0x08000ad8   0x00000002   Code   RO         4532    i.CO_CANsetConfigurationMode  co_driver.o
    0x08000ada   0x08000ada   0x00000006   Code   RO         4533    i.CO_CANsetNormalMode  co_driver.o
    0x08000ae0   0x08000ae0   0x00000044   Code   RO         4534    i.CO_CANtxBufferInit  co_driver.o
    0x08000b24   0x08000b24   0x00000002   Code   RO         4535    i.CO_CANverifyErrors  co_driver.o
    0x08000b26   0x08000b26   0x00000002   PAD
    0x08000b28   0x08000b28   0x000000dc   Code   RO         3794    i.CO_EM_init        co_emergency.o
    0x08000c04   0x08000c04   0x0000012e   Code   RO         3796    i.CO_EM_process     co_emergency.o
    0x08000d32   0x08000d32   0x00000002   PAD
    0x08000d34   0x08000d34   0x00000078   Code   RO         3862    i.CO_HBcons_monitoredNodeConfig  co_hbconsumer.o
    0x08000dac   0x08000dac   0x00000012   Code   RO         3863    i.CO_HBcons_receive  co_hbconsumer.o
    0x08000dbe   0x08000dbe   0x00000002   PAD
    0x08000dc0   0x08000dc0   0x00000084   Code   RO         3864    i.CO_HBconsumer_init  co_hbconsumer.o
    0x08000e44   0x08000e44   0x000000b8   Code   RO         3865    i.CO_HBconsumer_process  co_hbconsumer.o
    0x08000efc   0x08000efc   0x00000112   Code   RO         3903    i.CO_NMT_blinkingProcess50ms  co_nmt_heartbeat.o
    0x0800100e   0x0800100e   0x00000002   PAD
    0x08001010   0x08001010   0x00000088   Code   RO         3904    i.CO_NMT_init       co_nmt_heartbeat.o
    0x08001098   0x08001098   0x00000242   Code   RO         3905    i.CO_NMT_process    co_nmt_heartbeat.o
    0x080012da   0x080012da   0x00000062   Code   RO         3906    i.CO_NMT_receive    co_nmt_heartbeat.o
    0x0800133c   0x0800133c   0x00000054   Code   RO         3797    i.CO_ODF_1003       co_emergency.o
    0x08001390   0x08001390   0x000000b4   Code   RO         4281    i.CO_ODF_1005       co_sync.o
    0x08001444   0x08001444   0x00000040   Code   RO         4282    i.CO_ODF_1006       co_sync.o
    0x08001484   0x08001484   0x00000024   Code   RO         3798    i.CO_ODF_1014       co_emergency.o
    0x080014a8   0x080014a8   0x00000098   Code   RO         3866    i.CO_ODF_1016       co_hbconsumer.o
    0x08001540   0x08001540   0x00000048   Code   RO         4283    i.CO_ODF_1019       co_sync.o
    0x08001588   0x08001588   0x0000002a   Code   RO         4044    i.CO_ODF_1200       co_sdo.o
    0x080015b2   0x080015b2   0x00000002   PAD
    0x080015b4   0x080015b4   0x00000108   Code   RO         3940    i.CO_ODF_RPDOcom    co_pdo.o
    0x080016bc   0x080016bc   0x000000a8   Code   RO         3941    i.CO_ODF_RPDOmap    co_pdo.o
    0x08001764   0x08001764   0x0000016c   Code   RO         3942    i.CO_ODF_TPDOcom    co_pdo.o
    0x080018d0   0x080018d0   0x000000a8   Code   RO         3943    i.CO_ODF_TPDOmap    co_pdo.o
    0x08001978   0x08001978   0x00000064   Code   RO         4045    i.CO_OD_configure   co_sdo.o
    0x080019dc   0x080019dc   0x00000064   Code   RO         4046    i.CO_OD_find        co_sdo.o
    0x08001a40   0x08001a40   0x0000004c   Code   RO         4047    i.CO_OD_getAttribute  co_sdo.o
    0x08001a8c   0x08001a8c   0x00000050   Code   RO         4048    i.CO_OD_getDataPointer  co_sdo.o
    0x08001adc   0x08001adc   0x00000028   Code   RO         4049    i.CO_OD_getFlagsPointer  co_sdo.o
    0x08001b04   0x08001b04   0x00000064   Code   RO         4050    i.CO_OD_getLength   co_sdo.o
    0x08001b68   0x08001b68   0x0000009a   Code   RO         3944    i.CO_PDO_receive    co_pdo.o
    0x08001c02   0x08001c02   0x00000002   PAD
    0x08001c04   0x08001c04   0x00000164   Code   RO         3945    i.CO_PDOfindMap     co_pdo.o
    0x08001d68   0x08001d68   0x000000b0   Code   RO         3946    i.CO_RPDO_init      co_pdo.o
    0x08001e18   0x08001e18   0x00000076   Code   RO         3947    i.CO_RPDO_process   co_pdo.o
    0x08001e8e   0x08001e8e   0x00000002   PAD
    0x08001e90   0x08001e90   0x00000088   Code   RO         3948    i.CO_RPDOconfigCom  co_pdo.o
    0x08001f18   0x08001f18   0x0000009c   Code   RO         3949    i.CO_RPDOconfigMap  co_pdo.o
    0x08001fb4   0x08001fb4   0x00000044   Code   RO         4051    i.CO_SDO_abort      co_sdo.o
    0x08001ff8   0x08001ff8   0x00000100   Code   RO         4052    i.CO_SDO_init       co_sdo.o
    0x080020f8   0x080020f8   0x000000dc   Code   RO         4054    i.CO_SDO_initTransfer  co_sdo.o
    0x080021d4   0x080021d4   0x00000b40   Code   RO         4055    i.CO_SDO_process    co_sdo.o
    0x08002d14   0x08002d14   0x000000bc   Code   RO         4056    i.CO_SDO_readOD     co_sdo.o
    0x08002dd0   0x08002dd0   0x000000f4   Code   RO         4057    i.CO_SDO_receive    co_sdo.o
    0x08002ec4   0x08002ec4   0x000000ac   Code   RO         4058    i.CO_SDO_writeOD    co_sdo.o
    0x08002f70   0x08002f70   0x00000114   Code   RO         4284    i.CO_SYNC_init      co_sync.o
    0x08003084   0x08003084   0x000000f0   Code   RO         4285    i.CO_SYNC_process   co_sync.o
    0x08003174   0x08003174   0x0000005e   Code   RO         4286    i.CO_SYNC_receive   co_sync.o
    0x080031d2   0x080031d2   0x00000002   PAD
    0x080031d4   0x080031d4   0x000000e0   Code   RO         3950    i.CO_TPDO_init      co_pdo.o
    0x080032b4   0x080032b4   0x00000116   Code   RO         3951    i.CO_TPDO_process   co_pdo.o
    0x080033ca   0x080033ca   0x00000002   PAD
    0x080033cc   0x080033cc   0x0000005c   Code   RO         3952    i.CO_TPDOconfigCom  co_pdo.o
    0x08003428   0x08003428   0x000000a0   Code   RO         3953    i.CO_TPDOconfigMap  co_pdo.o
    0x080034c8   0x080034c8   0x0000014c   Code   RO         3954    i.CO_TPDOisCOS      co_pdo.o
    0x08003614   0x08003614   0x0000002e   Code   RO         3955    i.CO_TPDOsend       co_pdo.o
    0x08003642   0x08003642   0x00000002   PAD
    0x08003644   0x08003644   0x000000dc   Code   RO         4452    i.CO_delete         canopen.o
    0x08003720   0x08003720   0x000000c8   Code   RO         3799    i.CO_errorReport    co_emergency.o
    0x080037e8   0x080037e8   0x0000001a   Code   RO         4060    i.CO_getUint32      co_sdo.o
    0x08003802   0x08003802   0x00000002   PAD
    0x08003804   0x08003804   0x00000584   Code   RO         4453    i.CO_init           canopen.o
    0x08003d88   0x08003d88   0x0000002a   Code   RO         3801    i.CO_isError        co_emergency.o
    0x08003db2   0x08003db2   0x00000016   Code   RO         4061    i.CO_memcpy         co_sdo.o
    0x08003dc8   0x08003dc8   0x00000010   Code   RO         4062    i.CO_memcpySwap2    co_sdo.o
    0x08003dd8   0x08003dd8   0x00000018   Code   RO         4063    i.CO_memcpySwap4    co_sdo.o
    0x08003df0   0x08003df0   0x000000c8   Code   RO         4454    i.CO_process        canopen.o
    0x08003eb8   0x08003eb8   0x00000050   Code   RO         4455    i.CO_process_SYNC_RPDO  canopen.o
    0x08003f08   0x08003f08   0x0000004c   Code   RO         4456    i.CO_process_TPDO   canopen.o
    0x08003f54   0x08003f54   0x0000001e   Code   RO         4066    i.CO_setUint32      co_sdo.o
    0x08003f72   0x08003f72   0x00000002   PAD
    0x08003f74   0x08003f74   0x000001e8   Code   RO          290    i.Calibration_protocol  main.o
    0x0800415c   0x0800415c   0x00000018   Code   RO          429    i.CanDisable        main_hal.o
    0x08004174   0x08004174   0x00000018   Code   RO          430    i.CanEnable         main_hal.o
    0x0800418c   0x0800418c   0x00000010   Code   RO          432    i.DIn4ResetCounter  main_hal.o
    0x0800419c   0x0800419c   0x00000064   Code   RO          291    i.Dataset           main.o
    0x08004200   0x08004200   0x00000074   Code   RO          435    i.EEPROM_Read       main_hal.o
    0x08004274   0x08004274   0x0000007c   Code   RO          436    i.EEPROM_Write      main_hal.o
    0x080042f0   0x080042f0   0x00000190   Code   RO          292    i.EN1_filter        main.o
    0x08004480   0x08004480   0x00000004   Code   RO          437    i.Error_Handler     main_hal.o
    0x08004484   0x08004484   0x000000c0   Code   RO          293    i.FACTORY_RESET     main.o
    0x08004544   0x08004544   0x000000c2   Code   RO         2535    i.HAL_ADCEx_Calibration_Start  stm32f0xx_hal_adc_ex.o
    0x08004606   0x08004606   0x00000002   PAD
    0x08004608   0x08004608   0x000001ac   Code   RO         3190    i.HAL_ADC_ConfigChannel  stm32f0xx_hal_adc.o
    0x080047b4   0x080047b4   0x00000008   Code   RO         3197    i.HAL_ADC_GetValue  stm32f0xx_hal_adc.o
    0x080047bc   0x080047bc   0x000001c0   Code   RO         3199    i.HAL_ADC_Init      stm32f0xx_hal_adc.o
    0x0800497c   0x0800497c   0x0000004c   Code   RO            4    i.HAL_ADC_MspInit   stm32f0xx_hal_msp.o
    0x080049c8   0x080049c8   0x000000e4   Code   RO         3203    i.HAL_ADC_PollForConversion  stm32f0xx_hal_adc.o
    0x08004aac   0x08004aac   0x00000078   Code   RO         3205    i.HAL_ADC_Start     stm32f0xx_hal_adc.o
    0x08004b24   0x08004b24   0x00000050   Code   RO         3208    i.HAL_ADC_Stop      stm32f0xx_hal_adc.o
    0x08004b74   0x08004b74   0x000001b0   Code   RO         2865    i.HAL_CAN_ConfigFilter  stm32f0xx_hal_can.o
    0x08004d24   0x08004d24   0x00000002   Code   RO         2867    i.HAL_CAN_ErrorCallback  stm32f0xx_hal_can.o
    0x08004d26   0x08004d26   0x00000002   PAD
    0x08004d28   0x08004d28   0x000001e0   Code   RO         2870    i.HAL_CAN_IRQHandler  stm32f0xx_hal_can.o
    0x08004f08   0x08004f08   0x000001c0   Code   RO         2871    i.HAL_CAN_Init      stm32f0xx_hal_can.o
    0x080050c8   0x080050c8   0x0000005c   Code   RO            6    i.HAL_CAN_MspInit   stm32f0xx_hal_msp.o
    0x08005124   0x08005124   0x000000ba   Code   RO         2875    i.HAL_CAN_Receive_IT  stm32f0xx_hal_can.o
    0x080051de   0x080051de   0x00000016   Code   RO          294    i.HAL_CAN_RxCpltCallback  main.o
    0x080051f4   0x080051f4   0x00000250   Code   RO         2878    i.HAL_CAN_Transmit  stm32f0xx_hal_can.o
    0x08005444   0x08005444   0x00000002   Code   RO         2880    i.HAL_CAN_TxCpltCallback  stm32f0xx_hal_can.o
    0x08005446   0x08005446   0x00000002   PAD
    0x08005448   0x08005448   0x00000054   Code   RO         3643    i.HAL_DAC_ConfigChannel  stm32f0xx_hal_dac_ex.o
    0x0800549c   0x0800549c   0x0000002a   Code   RO         3517    i.HAL_DAC_Init      stm32f0xx_hal_dac.o
    0x080054c6   0x080054c6   0x00000002   PAD
    0x080054c8   0x080054c8   0x00000050   Code   RO            8    i.HAL_DAC_MspInit   stm32f0xx_hal_msp.o
    0x08005518   0x08005518   0x0000002e   Code   RO         3520    i.HAL_DAC_SetValue  stm32f0xx_hal_dac.o
    0x08005546   0x08005546   0x0000006e   Code   RO         3646    i.HAL_DAC_Start     stm32f0xx_hal_dac_ex.o
    0x080055b4   0x080055b4   0x000001a8   Code   RO         1420    i.HAL_DMA_Abort_IT  stm32f0xx_hal_dma.o
    0x0800575c   0x0800575c   0x0000001a   Code   RO         1502    i.HAL_Delay         stm32f0xx_hal.o
    0x08005776   0x08005776   0x00000002   PAD
    0x08005778   0x08005778   0x000001fc   Code   RO         3448    i.HAL_GPIO_Init     stm32f0xx_hal_gpio.o
    0x08005974   0x08005974   0x00000012   Code   RO         3450    i.HAL_GPIO_ReadPin  stm32f0xx_hal_gpio.o
    0x08005986   0x08005986   0x00000008   Code   RO         3451    i.HAL_GPIO_TogglePin  stm32f0xx_hal_gpio.o
    0x0800598e   0x0800598e   0x0000000c   Code   RO         3452    i.HAL_GPIO_WritePin  stm32f0xx_hal_gpio.o
    0x0800599a   0x0800599a   0x00000002   PAD
    0x0800599c   0x0800599c   0x0000000c   Code   RO         1506    i.HAL_GetTick       stm32f0xx_hal.o
    0x080059a8   0x080059a8   0x0000006e   Code   RO         2355    i.HAL_I2CEx_ConfigAnalogFilter  stm32f0xx_hal_i2c_ex.o
    0x08005a16   0x08005a16   0x00000002   Code   RO          745    i.HAL_I2C_AbortCpltCallback  stm32f0xx_hal_i2c.o
    0x08005a18   0x08005a18   0x00000002   Code   RO          746    i.HAL_I2C_AddrCallback  stm32f0xx_hal_i2c.o
    0x08005a1a   0x08005a1a   0x00000080   Code   RO          749    i.HAL_I2C_ER_IRQHandler  stm32f0xx_hal_i2c.o
    0x08005a9a   0x08005a9a   0x0000001e   Code   RO          750    i.HAL_I2C_EV_IRQHandler  stm32f0xx_hal_i2c.o
    0x08005ab8   0x08005ab8   0x00000002   Code   RO          752    i.HAL_I2C_ErrorCallback  stm32f0xx_hal_i2c.o
    0x08005aba   0x08005aba   0x00000002   PAD
    0x08005abc   0x08005abc   0x000000cc   Code   RO          756    i.HAL_I2C_Init      stm32f0xx_hal_i2c.o
    0x08005b88   0x08005b88   0x00000002   Code   RO          758    i.HAL_I2C_ListenCpltCallback  stm32f0xx_hal_i2c.o
    0x08005b8a   0x08005b8a   0x00000002   PAD
    0x08005b8c   0x08005b8c   0x000001c4   Code   RO          772    i.HAL_I2C_Mem_Read  stm32f0xx_hal_i2c.o
    0x08005d50   0x08005d50   0x000001c4   Code   RO          775    i.HAL_I2C_Mem_Write  stm32f0xx_hal_i2c.o
    0x08005f14   0x08005f14   0x0000005c   Code   RO           10    i.HAL_I2C_MspInit   stm32f0xx_hal_msp.o
    0x08005f70   0x08005f70   0x00000002   Code   RO          780    i.HAL_I2C_SlaveRxCpltCallback  stm32f0xx_hal_i2c.o
    0x08005f72   0x08005f72   0x00000002   Code   RO          781    i.HAL_I2C_SlaveTxCpltCallback  stm32f0xx_hal_i2c.o
    0x08005f74   0x08005f74   0x000000cc   Code   RO         2492    i.HAL_IWDG_Init     stm32f0xx_hal_iwdg.o
    0x08006040   0x08006040   0x00000002   Code   RO         2493    i.HAL_IWDG_MspInit  stm32f0xx_hal_iwdg.o
    0x08006042   0x08006042   0x00000002   PAD
    0x08006044   0x08006044   0x00000010   Code   RO         1507    i.HAL_IncTick       stm32f0xx_hal.o
    0x08006054   0x08006054   0x00000020   Code   RO         1508    i.HAL_Init          stm32f0xx_hal.o
    0x08006074   0x08006074   0x00000026   Code   RO         1509    i.HAL_InitTick      stm32f0xx_hal.o
    0x0800609a   0x0800609a   0x00000002   PAD
    0x0800609c   0x0800609c   0x00000054   Code   RO           11    i.HAL_MspInit       stm32f0xx_hal_msp.o
    0x080060f0   0x080060f0   0x00000018   Code   RO          653    i.HAL_NVIC_EnableIRQ  stm32f0xx_hal_cortex.o
    0x08006108   0x08006108   0x00000012   Code   RO          657    i.HAL_NVIC_SetPriority  stm32f0xx_hal_cortex.o
    0x0800611a   0x0800611a   0x00000002   PAD
    0x0800611c   0x0800611c   0x00000038   Code   RO          658    i.HAL_NVIC_SystemReset  stm32f0xx_hal_cortex.o
    0x08006154   0x08006154   0x000001a4   Code   RO         3370    i.HAL_RCCEx_PeriphCLKConfig  stm32f0xx_hal_rcc_ex.o
    0x080062f8   0x080062f8   0x000001d0   Code   RO         2990    i.HAL_RCC_ClockConfig  stm32f0xx_hal_rcc.o
    0x080064c8   0x080064c8   0x0000000c   Code   RO         2995    i.HAL_RCC_GetHCLKFreq  stm32f0xx_hal_rcc.o
    0x080064d4   0x080064d4   0x00000024   Code   RO         2997    i.HAL_RCC_GetPCLK1Freq  stm32f0xx_hal_rcc.o
    0x080064f8   0x080064f8   0x000000f4   Code   RO         2998    i.HAL_RCC_GetSysClockFreq  stm32f0xx_hal_rcc.o
    0x080065ec   0x080065ec   0x00000600   Code   RO         3001    i.HAL_RCC_OscConfig  stm32f0xx_hal_rcc.o
    0x08006bec   0x08006bec   0x00000024   Code   RO          659    i.HAL_SYSTICK_CLKSourceConfig  stm32f0xx_hal_cortex.o
    0x08006c10   0x08006c10   0x0000002c   Code   RO          295    i.HAL_SYSTICK_Callback  main.o
    0x08006c3c   0x08006c3c   0x00000038   Code   RO          661    i.HAL_SYSTICK_Config  stm32f0xx_hal_cortex.o
    0x08006c74   0x08006c74   0x00000008   Code   RO          662    i.HAL_SYSTICK_IRQHandler  stm32f0xx_hal_cortex.o
    0x08006c7c   0x08006c7c   0x00000050   Code   RO         2557    i.HAL_TIMEx_ConfigBreakDeadTime  stm32f0xx_hal_tim_ex.o
    0x08006ccc   0x08006ccc   0x00000062   Code   RO         2572    i.HAL_TIMEx_MasterConfigSynchronization  stm32f0xx_hal_tim_ex.o
    0x08006d2e   0x08006d2e   0x0000002e   Code   RO         2583    i.HAL_TIMEx_PWMN_Start  stm32f0xx_hal_tim_ex.o
    0x08006d5c   0x08006d5c   0x00000038   Code   RO         1618    i.HAL_TIM_Base_Init  stm32f0xx_hal_tim.o
    0x08006d94   0x08006d94   0x000000c8   Code   RO           13    i.HAL_TIM_Base_MspInit  stm32f0xx_hal_msp.o
    0x08006e5c   0x08006e5c   0x0000013e   Code   RO         1627    i.HAL_TIM_ConfigClockSource  stm32f0xx_hal_tim.o
    0x08006f9a   0x08006f9a   0x000000e2   Code   RO         1648    i.HAL_TIM_IC_ConfigChannel  stm32f0xx_hal_tim.o
    0x0800707c   0x0800707c   0x00000038   Code   RO         1651    i.HAL_TIM_IC_Init   stm32f0xx_hal_tim.o
    0x080070b4   0x080070b4   0x00000002   Code   RO         1653    i.HAL_TIM_IC_MspInit  stm32f0xx_hal_tim.o
    0x080070b6   0x080070b6   0x00000020   Code   RO         1654    i.HAL_TIM_IC_Start  stm32f0xx_hal_tim.o
    0x080070d6   0x080070d6   0x00000002   Code   RO           14    i.HAL_TIM_MspPostInit  stm32f0xx_hal_msp.o
    0x080070d8   0x080070d8   0x00000112   Code   RO         1684    i.HAL_TIM_PWM_ConfigChannel  stm32f0xx_hal_tim.o
    0x080071ea   0x080071ea   0x00000038   Code   RO         1687    i.HAL_TIM_PWM_Init  stm32f0xx_hal_tim.o
    0x08007222   0x08007222   0x00000002   Code   RO         1689    i.HAL_TIM_PWM_MspInit  stm32f0xx_hal_tim.o
    0x08007224   0x08007224   0x00000058   Code   RO         1699    i.HAL_TIM_SlaveConfigSynchronization  stm32f0xx_hal_tim.o
    0x0800727c   0x0800727c   0x00000002   Code   RO         2803    i.HAL_UARTEx_WakeupCallback  stm32f0xx_hal_uart_ex.o
    0x0800727e   0x0800727e   0x00000002   Code   RO         1180    i.HAL_UART_ErrorCallback  stm32f0xx_hal_uart.o
    0x08007280   0x08007280   0x0000013a   Code   RO         1183    i.HAL_UART_IRQHandler  stm32f0xx_hal_uart.o
    0x080073ba   0x080073ba   0x00000082   Code   RO         1184    i.HAL_UART_Init     stm32f0xx_hal_uart.o
    0x0800743c   0x0800743c   0x0000005c   Code   RO           16    i.HAL_UART_MspInit  stm32f0xx_hal_msp.o
    0x08007498   0x08007498   0x00000002   Code   RO         1190    i.HAL_UART_RxCpltCallback  stm32f0xx_hal_uart.o
    0x0800749a   0x0800749a   0x00000002   Code   RO         1195    i.HAL_UART_TxCpltCallback  stm32f0xx_hal_uart.o
    0x0800749c   0x0800749c   0x00000004   Code   RO          218    i.HardFault_Handler  stm32f0xx_it.o
    0x080074a0   0x080074a0   0x00000028   Code   RO          219    i.I2C2_IRQHandler   stm32f0xx_it.o
    0x080074c8   0x080074c8   0x0000003c   Code   RO          790    i.I2C_DMAAbort      stm32f0xx_hal_i2c.o
    0x08007504   0x08007504   0x0000007e   Code   RO          796    i.I2C_Disable_IRQ   stm32f0xx_hal_i2c.o
    0x08007582   0x08007582   0x00000032   Code   RO          798    i.I2C_Flush_TXDR    stm32f0xx_hal_i2c.o
    0x080075b4   0x080075b4   0x000000d6   Code   RO          799    i.I2C_ITAddrCplt    stm32f0xx_hal_i2c.o
    0x0800768a   0x0800768a   0x00000002   PAD
    0x0800768c   0x0800768c   0x00000118   Code   RO          800    i.I2C_ITError       stm32f0xx_hal_i2c.o
    0x080077a4   0x080077a4   0x00000074   Code   RO          801    i.I2C_ITListenCplt  stm32f0xx_hal_i2c.o
    0x08007818   0x08007818   0x0000013c   Code   RO          804    i.I2C_ITSlaveCplt   stm32f0xx_hal_i2c.o
    0x08007954   0x08007954   0x00000062   Code   RO          805    i.I2C_ITSlaveSequentialCplt  stm32f0xx_hal_i2c.o
    0x080079b6   0x080079b6   0x00000002   PAD
    0x080079b8   0x080079b8   0x00000094   Code   RO          806    i.I2C_IsAcknowledgeFailed  stm32f0xx_hal_i2c.o
    0x08007a4c   0x08007a4c   0x00000092   Code   RO          809    i.I2C_RequestMemoryRead  stm32f0xx_hal_i2c.o
    0x08007ade   0x08007ade   0x00000092   Code   RO          810    i.I2C_RequestMemoryWrite  stm32f0xx_hal_i2c.o
    0x08007b70   0x08007b70   0x00000160   Code   RO          812    i.I2C_Slave_ISR_IT  stm32f0xx_hal_i2c.o
    0x08007cd0   0x08007cd0   0x00000030   Code   RO          813    i.I2C_TransferConfig  stm32f0xx_hal_i2c.o
    0x08007d00   0x08007d00   0x00000052   Code   RO          814    i.I2C_WaitOnFlagUntilTimeout  stm32f0xx_hal_i2c.o
    0x08007d52   0x08007d52   0x0000005a   Code   RO          816    i.I2C_WaitOnSTOPFlagUntilTimeout  stm32f0xx_hal_i2c.o
    0x08007dac   0x08007dac   0x00000060   Code   RO          817    i.I2C_WaitOnTXISFlagUntilTimeout  stm32f0xx_hal_i2c.o
    0x08007e0c   0x08007e0c   0x00000034   Code   RO          296    i.Initialize_outputs  main.o
    0x08007e40   0x08007e40   0x0000001e   Code   RO          297    i.Jumper            main.o
    0x08007e5e   0x08007e5e   0x00000002   PAD
    0x08007e60   0x08007e60   0x000000b4   Code   RO          438    i.MX_ADC_Init       main_hal.o
    0x08007f14   0x08007f14   0x00000048   Code   RO          439    i.MX_CAN_Init       main_hal.o
    0x08007f5c   0x08007f5c   0x00000038   Code   RO          440    i.MX_DAC_Init       main_hal.o
    0x08007f94   0x08007f94   0x00000148   Code   RO          441    i.MX_GPIO_Init      main_hal.o
    0x080080dc   0x080080dc   0x0000004c   Code   RO          442    i.MX_I2C2_Init      main_hal.o
    0x08008128   0x08008128   0x00000030   Code   RO          443    i.MX_IWDG_Init      main_hal.o
    0x08008158   0x08008158   0x00000024   Code   RO          444    i.MX_NVIC_Init      main_hal.o
    0x0800817c   0x0800817c   0x0000009c   Code   RO          445    i.MX_TIM17_Init     main_hal.o
    0x08008218   0x08008218   0x00000068   Code   RO          446    i.MX_TIM1_Init      main_hal.o
    0x08008280   0x08008280   0x000000a0   Code   RO          447    i.MX_TIM2_Init      main_hal.o
    0x08008320   0x08008320   0x00000044   Code   RO          448    i.MX_USART1_UART_Init  main_hal.o
    0x08008364   0x08008364   0x00000150   Code   RO          449    i.MainInit          main_hal.o
    0x080084b4   0x080084b4   0x00000002   Code   RO          220    i.NMI_Handler       stm32f0xx_it.o
    0x080084b6   0x080084b6   0x00000002   PAD
    0x080084b8   0x080084b8   0x00000078   Code   RO          663    i.NVIC_SetPriority  stm32f0xx_hal_cortex.o
    0x08008530   0x08008530   0x00000002   Code   RO          221    i.PendSV_Handler    stm32f0xx_it.o
    0x08008532   0x08008532   0x00000002   Code   RO          222    i.RCC_CRS_IRQHandler  stm32f0xx_it.o
    0x08008534   0x08008534   0x0000004c   Code   RO          450    i.ReadAnalogInput   main_hal.o
    0x08008580   0x08008580   0x00000002   Code   RO          223    i.SVC_Handler       stm32f0xx_it.o
    0x08008582   0x08008582   0x00000002   PAD
    0x08008584   0x08008584   0x00000028   Code   RO          298    i.SW1               main.o
    0x080085ac   0x080085ac   0x00000028   Code   RO          299    i.SW2               main.o
    0x080085d4   0x080085d4   0x00000030   Code   RO          451    i.SetAnalogOutput   main_hal.o
    0x08008604   0x08008604   0x0000000c   Code   RO          224    i.SysTick_Handler   stm32f0xx_it.o
    0x08008610   0x08008610   0x00000084   Code   RO          452    i.SystemClock_Config  main_hal.o
    0x08008694   0x08008694   0x00000078   Code   RO         3755    i.SystemInit        system_stm32f0xx.o
    0x0800870c   0x0800870c   0x000000a4   Code   RO         1702    i.TIM_Base_SetConfig  stm32f0xx_hal_tim.o
    0x080087b0   0x080087b0   0x0000001c   Code   RO         1703    i.TIM_CCxChannelCmd  stm32f0xx_hal_tim.o
    0x080087cc   0x080087cc   0x0000001c   Code   RO         2592    i.TIM_CCxNChannelCmd  stm32f0xx_hal_tim_ex.o
    0x080087e8   0x080087e8   0x0000001e   Code   RO         1709    i.TIM_ETR_SetConfig  stm32f0xx_hal_tim.o
    0x08008806   0x08008806   0x0000001a   Code   RO         1710    i.TIM_ITRx_SetConfig  stm32f0xx_hal_tim.o
    0x08008820   0x08008820   0x000000b4   Code   RO         1711    i.TIM_OC1_SetConfig  stm32f0xx_hal_tim.o
    0x080088d4   0x080088d4   0x000000c8   Code   RO         1712    i.TIM_OC2_SetConfig  stm32f0xx_hal_tim.o
    0x0800899c   0x0800899c   0x000000c4   Code   RO         1713    i.TIM_OC3_SetConfig  stm32f0xx_hal_tim.o
    0x08008a60   0x08008a60   0x00000088   Code   RO         1714    i.TIM_OC4_SetConfig  stm32f0xx_hal_tim.o
    0x08008ae8   0x08008ae8   0x000000ac   Code   RO         1715    i.TIM_SlaveTimer_SetConfig  stm32f0xx_hal_tim.o
    0x08008b94   0x08008b94   0x00000036   Code   RO         1716    i.TIM_TI1_ConfigInputStage  stm32f0xx_hal_tim.o
    0x08008bca   0x08008bca   0x00000002   PAD
    0x08008bcc   0x08008bcc   0x00000078   Code   RO         1717    i.TIM_TI1_SetConfig  stm32f0xx_hal_tim.o
    0x08008c44   0x08008c44   0x00000036   Code   RO         1718    i.TIM_TI2_ConfigInputStage  stm32f0xx_hal_tim.o
    0x08008c7a   0x08008c7a   0x0000004c   Code   RO         1719    i.TIM_TI2_SetConfig  stm32f0xx_hal_tim.o
    0x08008cc6   0x08008cc6   0x0000004a   Code   RO         1720    i.TIM_TI3_SetConfig  stm32f0xx_hal_tim.o
    0x08008d10   0x08008d10   0x00000052   Code   RO         1721    i.TIM_TI4_SetConfig  stm32f0xx_hal_tim.o
    0x08008d62   0x08008d62   0x000000f0   Code   RO         1197    i.UART_AdvFeatureConfig  stm32f0xx_hal_uart.o
    0x08008e52   0x08008e52   0x00000002   PAD
    0x08008e54   0x08008e54   0x00000088   Code   RO         1198    i.UART_CheckIdleState  stm32f0xx_hal_uart.o
    0x08008edc   0x08008edc   0x00000020   Code   RO         1204    i.UART_EndTransmit_IT  stm32f0xx_hal_uart.o
    0x08008efc   0x08008efc   0x0000009c   Code   RO         1205    i.UART_Receive_IT   stm32f0xx_hal_uart.o
    0x08008f98   0x08008f98   0x000002a8   Code   RO         1206    i.UART_SetConfig    stm32f0xx_hal_uart.o
    0x08009240   0x08009240   0x00000072   Code   RO         1207    i.UART_Transmit_IT  stm32f0xx_hal_uart.o
    0x080092b2   0x080092b2   0x00000106   Code   RO         1208    i.UART_WaitOnFlagUntilTimeout  stm32f0xx_hal_uart.o
    0x080093b8   0x080093b8   0x00000010   Code   RO          225    i.USART1_IRQHandler  stm32f0xx_it.o
    0x080093c8   0x080093c8   0x000002c4   Code   RO          300    i.Validaton         main.o
    0x0800968c   0x0800968c   0x0000001c   Code   RO         2249    i.__ARM_common_switch8  stm32f0xx_hal_tim.o
    0x080096a8   0x080096a8   0x0000000e   Code   RO         4979    i.__scatterload_copy  mc_p.l(handlers.o)
    0x080096b6   0x080096b6   0x00000002   Code   RO         4980    i.__scatterload_null  mc_p.l(handlers.o)
    0x080096b8   0x080096b8   0x0000000e   Code   RO         4981    i.__scatterload_zeroinit  mc_p.l(handlers.o)
    0x080096c6   0x080096c6   0x00000006   Code   RO         3802    i.__set_PRIMASK     co_emergency.o
    0x080096cc   0x080096cc   0x00000006   Code   RO         4067    i.__set_PRIMASK     co_sdo.o
    0x080096d2   0x080096d2   0x00000002   PAD
    0x080096d4   0x080096d4   0x00000030   Code   RO         4436    i.crc16_ccitt       crc16-ccitt.o
    0x08009704   0x08009704   0x00000054   Code   RO         4879    i.free              mc_p.l(malloc.o)
    0x08009758   0x08009758   0x0000071c   Code   RO          301    i.main              main.o
    0x08009e74   0x08009e74   0x0000006c   Code   RO         4880    i.malloc            mc_p.l(malloc.o)
    0x08009ee0   0x08009ee0   0x00000040   Code   RO          302    i.tmrTask_thread    main.o
    0x08009f20   0x08009f20   0x00000018   Data   RO         3756    .constdata          system_stm32f0xx.o
    0x08009f38   0x08009f38   0x00000200   Data   RO         4437    .constdata          crc16-ccitt.o
    0x0800a138   0x0800a138   0x000006a4   Data   RO         4504    .constdata          co_od.o
    0x0800a7dc   0x0800a7dc   0x00000020   Data   RO         4977    Region$$Table       anon$$obj.o


    Execution Region RW_IRAM1 (Exec base: 0x20000000, Load base: 0x0800a7fc, Size: 0x00002b50, Max: 0x00008000, ABSOLUTE, COMPRESSED[0x000000c4])

    Exec Addr    Load Addr    Size         Type   Attr      Idx    E Section Name        Object

    0x20000000   COMPRESSED   0x00000058   Data   RW          304    .data               main.o
    0x20000058   COMPRESSED   0x00000004   Data   RW         1514    .data               stm32f0xx_hal.o
    0x2000005c   COMPRESSED   0x00000004   Data   RW         3757    .data               system_stm32f0xx.o
    0x20000060   COMPRESSED   0x00000008   Data   RW         3956    .data               co_pdo.o
    0x20000068   COMPRESSED   0x0000001a   Data   RW         4458    .data               canopen.o
    0x20000082   COMPRESSED   0x00000006   PAD
    0x20000088   COMPRESSED   0x000003d4   Data   RW         4505    .data               co_od.o
    0x2000045c   COMPRESSED   0x00000004   Data   RW         4950    .data               mc_p.l(mvars.o)
    0x20000460   COMPRESSED   0x00000004   Data   RW         4951    .data               mc_p.l(mvars.o)
    0x20000464        -       0x00000088   Zero   RW          303    .bss                main.o
    0x200004ec        -       0x00000224   Zero   RW          453    .bss                main_hal.o
    0x20000710        -       0x0000003c   Zero   RW         4457    .bss                canopen.o
    0x2000074c   COMPRESSED   0x00000004   PAD
    0x20000750        -       0x00002000   Zero   RW         3786    HEAP                startup_stm32f091xc.o
    0x20002750        -       0x00000400   Zero   RW         3785    STACK               startup_stm32f091xc.o


==============================================================================

Image component sizes


      Code (inc. data)   RO Data    RW Data    ZI Data      Debug   Object Name

      1988        102          0         26         60       7393   canopen.o
       604         16          0          0          0       7855   co_driver.o
       890         28          0          0          0       7659   co_emergency.o
       606         30          0          0          0       4945   co_hbconsumer.o
      1086         10          0          0          0       4480   co_nmt_heartbeat.o
         0          0       1700        980          0       8817   co_od.o
      3192        130          0          8          0      15623   co_pdo.o
      4690        164          0          0          0      18827   co_sdo.o
       926         50          0          0          0       5437   co_sync.o
        48          6        512          0          0       1418   crc16-ccitt.o
      4020        526          0         88        136      28684   main.o
      2184        212          0          0        548      12044   main_hal.o
        28          8        188          0       9216        604   startup_stm32f091xc.o
       124         14          0          4          0       3647   stm32f0xx_hal.o
      1802         44          0          0          0       7597   stm32f0xx_hal_adc.o
       194          0          0          0          0       1282   stm32f0xx_hal_adc_ex.o
      2706         26          0          0          0       7060   stm32f0xx_hal_can.o
       318         38          0          0          0      10711   stm32f0xx_hal_cortex.o
        88          0          0          0          0       1794   stm32f0xx_hal_dac.o
       194          6          0          0          0       1940   stm32f0xx_hal_dac_ex.o
       424          8          0          0          0       1275   stm32f0xx_hal_dma.o
       546         28          0          0          0       3520   stm32f0xx_hal_gpio.o
      3646         56          0          0          0      21926   stm32f0xx_hal_i2c.o
       110          0          0          0          0       1115   stm32f0xx_hal_i2c_ex.o
       206          8          0          0          0       1723   stm32f0xx_hal_iwdg.o
       718         72          0          0          0     551234   stm32f0xx_hal_msp.o
      2292        102          0          0          0       5133   stm32f0xx_hal_rcc.o
       420         12          0          0          0       1544   stm32f0xx_hal_rcc_ex.o
      2730        118          0          0          0      18424   stm32f0xx_hal_tim.o
       252          0          0          0          0       3167   stm32f0xx_hal_tim_ex.o
      2070         66          0          0          0       8963   stm32f0xx_hal_uart.o
         2          0          0          0          0        948   stm32f0xx_hal_uart_ex.o
        96         18          0          0          0       3915   stm32f0xx_it.o
       120         18         24          4          0       1383   system_stm32f0xx.o

    ----------------------------------------------------------------------
     39384       1916       2456       1116       9964     782087   Object Totals
         0          0         32          0          0          0   (incl. Generated)
        64          0          0          6          4          0   (incl. Padding)

    ----------------------------------------------------------------------

      Code (inc. data)   RO Data    RW Data    ZI Data      Debug   Library Member Name

        86          0          0          0          0          0   __dczerorl2.o
        28          0          0          0          0         68   calloc.o
         0          0          0          0          0          0   entry.o
         0          0          0          0          0          0   entry10a.o
         0          0          0          0          0          0   entry11a.o
         4          0          0          0          0          0   entry12b.o
         8          4          0          0          0          0   entry2.o
         4          0          0          0          0          0   entry5.o
         0          0          0          0          0          0   entry7b.o
         0          0          0          0          0          0   entry8b.o
         8          4          0          0          0          0   entry9a.o
        30          0          0          0          0          0   handlers.o
        40          0          0          0          0         72   idiv.o
        36          8          0          0          0         68   init.o
         0          0          0          0          0          0   iusefp.o
       192         20          0          0          0        144   malloc.o
         0          0          0          8          0          0   mvars.o
        44          0          0          0          0         72   uidiv.o
        20          0          0          0          0         68   cfcmple.o
        20          0          0          0          0         68   cfrcmple.o
       178          0          0          0          0        108   fadd.o
       124          0          0          0          0         72   fdiv.o
       130          0          0          0          0        144   fepilogue.o
        50          0          0          0          0         60   ffixi.o
        22          0          0          0          0         68   fflti.o
        14          0          0          0          0         68   ffltui.o
       122          0          0          0          0         72   fmul.o

    ----------------------------------------------------------------------
      1164         36          0          8          0       1152   Library Totals
         4          0          0          0          0          0   (incl. Padding)

    ----------------------------------------------------------------------

      Code (inc. data)   RO Data    RW Data    ZI Data      Debug   Library Name

       480         36          0          8          0        424   mc_p.l
       680          0          0          0          0        728   mf_p.l

    ----------------------------------------------------------------------
      1164         36          0          8          0       1152   Library Totals

    ----------------------------------------------------------------------

==============================================================================


      Code (inc. data)   RO Data    RW Data    ZI Data      Debug   

     40548       1952       2456       1124       9964     772271   Grand Totals
     40548       1952       2456        196       9964     772271   ELF Image Totals (compressed)
     40548       1952       2456        196          0          0   ROM Totals

==============================================================================

    Total RO  Size (Code + RO Data)                43004 (  42.00kB)
    Total RW  Size (RW Data + ZI Data)             11088 (  10.83kB)
    Total ROM Size (Code + RO Data + RW Data)      43200 (  42.19kB)

==============================================================================

