Component: ARM Compiler 5.06 update 7 (build 960) Tool: armlink [4d3601]

==============================================================================

Section Cross References

    stm32f0xx_hal_msp.o(i.HAL_ADC_MspDeInit) refers to stm32f0xx_hal_gpio.o(i.HAL_GPIO_DeInit) for HAL_GPIO_DeInit
    stm32f0xx_hal_msp.o(i.HAL_ADC_MspInit) refers to stm32f0xx_hal_gpio.o(i.HAL_GPIO_Init) for HAL_GPIO_Init
    stm32f0xx_hal_msp.o(i.HAL_CAN_MspDeInit) refers to stm32f0xx_hal_gpio.o(i.HAL_GPIO_DeInit) for HAL_GPIO_DeInit
    stm32f0xx_hal_msp.o(i.HAL_CAN_MspDeInit) refers to stm32f0xx_hal_cortex.o(i.HAL_NVIC_DisableIRQ) for HAL_NVIC_DisableIRQ
    stm32f0xx_hal_msp.o(i.HAL_CAN_MspInit) refers to stm32f0xx_hal_gpio.o(i.HAL_GPIO_Init) for HAL_GPIO_Init
    stm32f0xx_hal_msp.o(i.HAL_DAC_MspDeInit) refers to stm32f0xx_hal_gpio.o(i.HAL_GPIO_DeInit) for HAL_GPIO_DeInit
    stm32f0xx_hal_msp.o(i.HAL_DAC_MspInit) refers to stm32f0xx_hal_gpio.o(i.HAL_GPIO_Init) for HAL_GPIO_Init
    stm32f0xx_hal_msp.o(i.HAL_I2C_MspDeInit) refers to stm32f0xx_hal_gpio.o(i.HAL_GPIO_DeInit) for HAL_GPIO_DeInit
    stm32f0xx_hal_msp.o(i.HAL_I2C_MspDeInit) refers to stm32f0xx_hal_cortex.o(i.HAL_NVIC_DisableIRQ) for HAL_NVIC_DisableIRQ
    stm32f0xx_hal_msp.o(i.HAL_I2C_MspInit) refers to stm32f0xx_hal_gpio.o(i.HAL_GPIO_Init) for HAL_GPIO_Init
    stm32f0xx_hal_msp.o(i.HAL_MspInit) refers to stm32f0xx_hal_cortex.o(i.HAL_NVIC_SetPriority) for HAL_NVIC_SetPriority
    stm32f0xx_hal_msp.o(i.HAL_MspInit) refers to stm32f0xx_hal_cortex.o(i.HAL_NVIC_EnableIRQ) for HAL_NVIC_EnableIRQ
    stm32f0xx_hal_msp.o(i.HAL_TIM_Base_MspDeInit) refers to stm32f0xx_hal_gpio.o(i.HAL_GPIO_DeInit) for HAL_GPIO_DeInit
    stm32f0xx_hal_msp.o(i.HAL_TIM_Base_MspInit) refers to stm32f0xx_hal_gpio.o(i.HAL_GPIO_Init) for HAL_GPIO_Init
    stm32f0xx_hal_msp.o(i.HAL_UART_MspDeInit) refers to stm32f0xx_hal_gpio.o(i.HAL_GPIO_DeInit) for HAL_GPIO_DeInit
    stm32f0xx_hal_msp.o(i.HAL_UART_MspDeInit) refers to stm32f0xx_hal_cortex.o(i.HAL_NVIC_DisableIRQ) for HAL_NVIC_DisableIRQ
    stm32f0xx_hal_msp.o(i.HAL_UART_MspInit) refers to stm32f0xx_hal_gpio.o(i.HAL_GPIO_Init) for HAL_GPIO_Init
    stm32f0xx_it.o(i.CEC_CAN_IRQHandler) refers to stm32f0xx_hal_can.o(i.HAL_CAN_IRQHandler) for HAL_CAN_IRQHandler
    stm32f0xx_it.o(i.CEC_CAN_IRQHandler) refers to main_hal.o(.bss) for hcan
    stm32f0xx_it.o(i.I2C2_IRQHandler) refers to stm32f0xx_hal_i2c.o(i.HAL_I2C_ER_IRQHandler) for HAL_I2C_ER_IRQHandler
    stm32f0xx_it.o(i.I2C2_IRQHandler) refers to stm32f0xx_hal_i2c.o(i.HAL_I2C_EV_IRQHandler) for HAL_I2C_EV_IRQHandler
    stm32f0xx_it.o(i.I2C2_IRQHandler) refers to main_hal.o(.bss) for hi2c2
    stm32f0xx_it.o(i.SysTick_Handler) refers to stm32f0xx_hal.o(i.HAL_IncTick) for HAL_IncTick
    stm32f0xx_it.o(i.SysTick_Handler) refers to stm32f0xx_hal_cortex.o(i.HAL_SYSTICK_IRQHandler) for HAL_SYSTICK_IRQHandler
    stm32f0xx_it.o(i.USART1_IRQHandler) refers to stm32f0xx_hal_uart.o(i.HAL_UART_IRQHandler) for HAL_UART_IRQHandler
    stm32f0xx_it.o(i.USART1_IRQHandler) refers to main_hal.o(.bss) for huart1
    main.o(i.CO_CAN1InterruptHandler) refers to co_driver.o(i.CO_CANinterrupt_Rx) for CO_CANinterrupt_Rx
    main.o(i.CO_CAN1InterruptHandler) refers to canopen.o(.data) for CO
    main.o(i.Dataset) refers to main.o(.data) for dataBits
    main.o(i.EN1_filter) refers to stm32f0xx_hal.o(i.HAL_Delay) for HAL_Delay
    main.o(i.EN1_filter) refers to main_hal.o(i.ReadAnalogInput) for ReadAnalogInput
    main.o(i.EN1_filter) refers to ffltui.o(.text) for __aeabi_ui2f
    main.o(i.EN1_filter) refers to fadd.o(.text) for __aeabi_fsub
    main.o(i.EN1_filter) refers to fdiv.o(.text) for __aeabi_fdiv
    main.o(i.EN1_filter) refers to fmul.o(.text) for __aeabi_fmul
    main.o(i.EN1_filter) refers to cfcmple.o(.text) for __aeabi_cfcmple
    main.o(i.EN1_filter) refers to cfrcmple.o(.text) for __aeabi_cfrcmple
    main.o(i.EN1_filter) refers to ffixi.o(.text) for __aeabi_f2iz
    main.o(i.EN1_filter) refers to fflti.o(.text) for __aeabi_i2f
    main.o(i.HAL_CAN_RxCpltCallback) refers to main.o(i.CO_CAN1InterruptHandler) for CO_CAN1InterruptHandler
    main.o(i.HAL_SYSTICK_Callback) refers to main.o(i.tmrTask_thread) for tmrTask_thread
    main.o(i.HAL_SYSTICK_Callback) refers to main.o(.data) for u16Timer
    main.o(i.Initialize_outputs) refers to main_hal.o(i.SetAnalogOutput) for SetAnalogOutput
    main.o(i.Initialize_outputs) refers to stm32f0xx_hal_gpio.o(i.HAL_GPIO_WritePin) for HAL_GPIO_WritePin
    main.o(i.SW1) refers to main_hal.o(i.ReadAnalogInput) for ReadAnalogInput
    main.o(i.SW1) refers to ffltui.o(.text) for __aeabi_ui2f
    main.o(i.SW1) refers to cfcmple.o(.text) for __aeabi_cfcmple
    main.o(i.SW2) refers to main_hal.o(i.ReadAnalogInput) for ReadAnalogInput
    main.o(i.SW2) refers to ffltui.o(.text) for __aeabi_ui2f
    main.o(i.SW2) refers to cfcmple.o(.text) for __aeabi_cfcmple
    main.o(i.Validaton) refers to main.o(i.EN1_filter) for EN1_filter
[...]
    i.HAL_IWDG_Init                          0x080047e8   Section        0  stm32f0xx_hal_iwdg.o(i.HAL_IWDG_Init)
    i.HAL_IWDG_MspInit                       0x080048b4   Section        0  stm32f0xx_hal_iwdg.o(i.HAL_IWDG_MspInit)
    i.HAL_IncTick                            0x080048b8   Section        0  stm32f0xx_hal.o(i.HAL_IncTick)
    i.HAL_Init                               0x080048c8   Section        0  stm32f0xx_hal.o(i.HAL_Init)
    i.HAL_InitTick                           0x080048e8   Section        0  stm32f0xx_hal.o(i.HAL_InitTick)
    i.HAL_MspInit                            0x08004910   Section        0  stm32f0xx_hal_msp.o(i.HAL_MspInit)
    i.HAL_NVIC_EnableIRQ                     0x08004964   Section        0  stm32f0xx_hal_cortex.o(i.HAL_NVIC_EnableIRQ)
    i.HAL_NVIC_SetPriority                   0x0800497c   Section        0  stm32f0xx_hal_cortex.o(i.HAL_NVIC_SetPriority)
    i.HAL_NVIC_SystemReset                   0x08004990   Section        0  stm32f0xx_hal_cortex.o(i.HAL_NVIC_SystemReset)
    i.HAL_RCCEx_PeriphCLKConfig              0x080049c8   Section        0  stm32f0xx_hal_rcc_ex.o(i.HAL_RCCEx_PeriphCLKConfig)
    i.HAL_RCC_ClockConfig                    0x08004b6c   Section        0  stm32f0xx_hal_rcc.o(i.HAL_RCC_ClockConfig)
    i.HAL_RCC_GetHCLKFreq                    0x08004d3c   Section        0  stm32f0xx_hal_rcc.o(i.HAL_RCC_GetHCLKFreq)
    i.HAL_RCC_GetPCLK1Freq                   0x08004d48   Section        0  stm32f0xx_hal_rcc.o(i.HAL_RCC_GetPCLK1Freq)
    i.HAL_RCC_GetSysClockFreq                0x08004d6c   Section        0  stm32f0xx_hal_rcc.o(i.HAL_RCC_GetSysClockFreq)
    i.HAL_RCC_OscConfig                      0x08004e60   Section        0  stm32f0xx_hal_rcc.o(i.HAL_RCC_OscConfig)
    i.HAL_SYSTICK_CLKSourceConfig            0x08005460   Section        0  stm32f0xx_hal_cortex.o(i.HAL_SYSTICK_CLKSourceConfig)
    i.HAL_SYSTICK_Callback                   0x08005484   Section        0  main.o(i.HAL_SYSTICK_Callback)
    i.HAL_SYSTICK_Config                     0x080054b0   Section        0  stm32f0xx_hal_cortex.o(i.HAL_SYSTICK_Config)
    i.HAL_SYSTICK_IRQHandler                 0x080054e8   Section        0  stm32f0xx_hal_cortex.o(i.HAL_SYSTICK_IRQHandler)
    i.HAL_TIMEx_ConfigBreakDeadTime          0x080054f0   Section        0  stm32f0xx_hal_tim_ex.o(i.HAL_TIMEx_ConfigBreakDeadTime)
    i.HAL_TIMEx_MasterConfigSynchronization  0x08005540   Section        0  stm32f0xx_hal_tim_ex.o(i.HAL_TIMEx_MasterConfigSynchronization)
    i.HAL_TIMEx_PWMN_Start                   0x080055a2   Section        0  stm32f0xx_hal_tim_ex.o(i.HAL_TIMEx_PWMN_Start)
    i.HAL_TIM_Base_Init                      0x080055d0   Section        0  stm32f0xx_hal_tim.o(i.HAL_TIM_Base_Init)
    i.HAL_TIM_Base_MspInit                   0x08005608   Section        0  stm32f0xx_hal_msp.o(i.HAL_TIM_Base_MspInit)
    i.HAL_TIM_ConfigClockSource              0x080056d0   Section        0  stm32f0xx_hal_tim.o(i.HAL_TIM_ConfigClockSource)
    i.HAL_TIM_IC_ConfigChannel               0x0800580e   Section        0  stm32f0xx_hal_tim.o(i.HAL_TIM_IC_ConfigChannel)
    i.HAL_TIM_IC_Init                        0x080058f0   Section        0  stm32f0xx_hal_tim.o(i.HAL_TIM_IC_Init)
    i.HAL_TIM_IC_MspInit                     0x08005928   Section        0  stm32f0xx_hal_tim.o(i.HAL_TIM_IC_MspInit)
    i.HAL_TIM_IC_Start                       0x0800592a   Section        0  stm32f0xx_hal_tim.o(i.HAL_TIM_IC_Start)
    i.HAL_TIM_MspPostInit                    0x0800594a   Section        0  stm32f0xx_hal_msp.o(i.HAL_TIM_MspPostInit)
    i.HAL_TIM_PWM_ConfigChannel              0x0800594c   Section        0  stm32f0xx_hal_tim.o(i.HAL_TIM_PWM_ConfigChannel)
    i.HAL_TIM_PWM_Init                       0x08005a5e   Section        0  stm32f0xx_hal_tim.o(i.HAL_TIM_PWM_Init)
    i.HAL_TIM_PWM_MspInit                    0x08005a96   Section        0  stm32f0xx_hal_tim.o(i.HAL_TIM_PWM_MspInit)
    i.HAL_TIM_SlaveConfigSynchronization     0x08005a98   Section        0  stm32f0xx_hal_tim.o(i.HAL_TIM_SlaveConfigSynchronization)
    i.HAL_UARTEx_WakeupCallback              0x08005af0   Section        0  stm32f0xx_hal_uart_ex.o(i.HAL_UARTEx_WakeupCallback)
    i.HAL_UART_ErrorCallback                 0x08005af2   Section        0  stm32f0xx_hal_uart.o(i.HAL_UART_ErrorCallback)
    i.HAL_UART_IRQHandler                    0x08005af4   Section        0  stm32f0xx_hal_uart.o(i.HAL_UART_IRQHandler)
    i.HAL_UART_Init                          0x08005c2e   Section        0  stm32f0xx_hal_uart.o(i.HAL_UART_Init)
    i.HAL_UART_MspInit                       0x08005cb0   Section        0  stm32f0xx_hal_msp.o(i.HAL_UART_MspInit)
    i.HAL_UART_RxCpltCallback                0x08005d0c   Section        0  stm32f0xx_hal_uart.o(i.HAL_UART_RxCpltCallback)
    i.HAL_UART_TxCpltCallback                0x08005d0e   Section        0  stm32f0xx_hal_uart.o(i.HAL_UART_TxCpltCallback)
    i.HardFault_Handler                      0x08005d10   Section        0  stm32f0xx_it.o(i.HardFault_Handler)
    i.I2C2_IRQHandler                        0x08005d14   Section        0  stm32f0xx_it.o(i.I2C2_IRQHandler)
    i.I2C_DMAAbort                           0x08005d3c   Section        0  stm32f0xx_hal_i2c.o(i.I2C_DMAAbort)
    I2C_DMAAbort                             0x08005d3d   Thumb Code    60  stm32f0xx_hal_i2c.o(i.I2C_DMAAbort)
    i.I2C_Disable_IRQ                        0x08005d78   Section        0  stm32f0xx_hal_i2c.o(i.I2C_Disable_IRQ)
    I2C_Disable_IRQ                          0x08005d79   Thumb Code   126  stm32f0xx_hal_i2c.o(i.I2C_Disable_IRQ)
    i.I2C_Flush_TXDR                         0x08005df6   Section        0  stm32f0xx_hal_i2c.o(i.I2C_Flush_TXDR)
    I2C_Flush_TXDR                           0x08005df7   Thumb Code    50  stm32f0xx_hal_i2c.o(i.I2C_Flush_TXDR)
    i.I2C_ITAddrCplt                         0x08005e28   Section        0  stm32f0xx_hal_i2c.o(i.I2C_ITAddrCplt)
    I2C_ITAddrCplt                           0x08005e29   Thumb Code   214  stm32f0xx_hal_i2c.o(i.I2C_ITAddrCplt)
    i.I2C_ITError                            0x08005f00   Section        0  stm32f0xx_hal_i2c.o(i.I2C_ITError)
    I2C_ITError                              0x08005f01   Thumb Code   268  stm32f0xx_hal_i2c.o(i.I2C_ITError)
    i.I2C_ITListenCplt                       0x08006018   Section        0  stm32f0xx_hal_i2c.o(i.I2C_ITListenCplt)
    I2C_ITListenCplt                         0x08006019   Thumb Code   110  stm32f0xx_hal_i2c.o(i.I2C_ITListenCplt)
    i.I2C_ITSlaveCplt                        0x0800608c   Section        0  stm32f0xx_hal_i2c.o(i.I2C_ITSlaveCplt)
    I2C_ITSlaveCplt                          0x0800608d   Thumb Code   308  stm32f0xx_hal_i2c.o(i.I2C_ITSlaveCplt)
    i.I2C_ITSlaveSequentialCplt              0x080061c8   Section        0  stm32f0xx_hal_i2c.o(i.I2C_ITSlaveSequentialCplt)
    I2C_ITSlaveSequentialCplt                0x080061c9   Thumb Code    98  stm32f0xx_hal_i2c.o(i.I2C_ITSlaveSequentialCplt)
    i.I2C_IsAcknowledgeFailed                0x0800622c   Section        0  stm32f0xx_hal_i2c.o(i.I2C_IsAcknowledgeFailed)
    I2C_IsAcknowledgeFailed                  0x0800622d   Thumb Code   144  stm32f0xx_hal_i2c.o(i.I2C_IsAcknowledgeFailed)
    i.I2C_RequestMemoryRead                  0x080062c0   Section        0  stm32f0xx_hal_i2c.o(i.I2C_RequestMemoryRead)
    I2C_RequestMemoryRead                    0x080062c1   Thumb Code   146  stm32f0xx_hal_i2c.o(i.I2C_RequestMemoryRead)
    i.I2C_RequestMemoryWrite                 0x08006352   Section        0  stm32f0xx_hal_i2c.o(i.I2C_RequestMemoryWrite)
    I2C_RequestMemoryWrite                   0x08006353   Thumb Code   146  stm32f0xx_hal_i2c.o(i.I2C_RequestMemoryWrite)
    i.I2C_Slave_ISR_IT                       0x080063e4   Section        0  stm32f0xx_hal_i2c.o(i.I2C_Slave_ISR_IT)
    I2C_Slave_ISR_IT                         0x080063e5   Thumb Code   348  stm32f0xx_hal_i2c.o(i.I2C_Slave_ISR_IT)
    i.I2C_TransferConfig                     0x08006544   Section        0  stm32f0xx_hal_i2c.o(i.I2C_TransferConfig)
    I2C_TransferConfig                       0x08006545   Thumb Code    42  stm32f0xx_hal_i2c.o(i.I2C_TransferConfig)
    i.I2C_WaitOnFlagUntilTimeout             0x08006574   Section        0  stm32f0xx_hal_i2c.o(i.I2C_WaitOnFlagUntilTimeout)
    I2C_WaitOnFlagUntilTimeout               0x08006575   Thumb Code    82  stm32f0xx_hal_i2c.o(i.I2C_WaitOnFlagUntilTimeout)
    i.I2C_WaitOnSTOPFlagUntilTimeout         0x080065c6   Section        0  stm32f0xx_hal_i2c.o(i.I2C_WaitOnSTOPFlagUntilTimeout)
    I2C_WaitOnSTOPFlagUntilTimeout           0x080065c7   Thumb Code    90  stm32f0xx_hal_i2c.o(i.I2C_WaitOnSTOPFlagUntilTimeout)
    i.I2C_WaitOnTXISFlagUntilTimeout         0x08006620   Section        0  stm32f0xx_hal_i2c.o(i.I2C_WaitOnTXISFlagUntilTimeout)
    I2C_WaitOnTXISFlagUntilTimeout           0x08006621   Thumb Code    96  stm32f0xx_hal_i2c.o(i.I2C_WaitOnTXISFlagUntilTimeout)
    i.Initialize_outputs                     0x08006680   Section        0  main.o(i.Initialize_outputs)
    i.MX_ADC_Init                            0x080066b4   Section        0  main_hal.o(i.MX_ADC_Init)
    MX_ADC_Init                              0x080066b5   Thumb Code   170  main_hal.o(i.MX_ADC_Init)
    i.MX_CAN_Init                            0x08006768   Section        0  main_hal.o(i.MX_CAN_Init)
    MX_CAN_Init                              0x08006769   Thumb Code    64  main_hal.o(i.MX_CAN_Init)
    i.MX_DAC_Init                            0x080067b0   Section        0  main_hal.o(i.MX_DAC_Init)
    MX_DAC_Init                              0x080067b1   Thumb Code    48  main_hal.o(i.MX_DAC_Init)
    i.MX_GPIO_Init                           0x080067e8   Section        0  main_hal.o(i.MX_GPIO_Init)
    MX_GPIO_Init                             0x080067e9   Thumb Code   302  main_hal.o(i.MX_GPIO_Init)
    i.MX_I2C2_Init                           0x08006930   Section        0  main_hal.o(i.MX_I2C2_Init)
    MX_I2C2_Init                             0x08006931   Thumb Code    64  main_hal.o(i.MX_I2C2_Init)
    i.MX_IWDG_Init                           0x0800697c   Section        0  main_hal.o(i.MX_IWDG_Init)
    MX_IWDG_Init                             0x0800697d   Thumb Code    34  main_hal.o(i.MX_IWDG_Init)
    i.MX_NVIC_Init                           0x080069ac   Section        0  main_hal.o(i.MX_NVIC_Init)
    MX_NVIC_Init                             0x080069ad   Thumb Code    36  main_hal.o(i.MX_NVIC_Init)
    i.MX_TIM17_Init                          0x080069d0   Section        0  main_hal.o(i.MX_TIM17_Init)
    MX_TIM17_Init                            0x080069d1   Thumb Code   144  main_hal.o(i.MX_TIM17_Init)
    i.MX_TIM1_Init                           0x08006a6c   Section        0  main_hal.o(i.MX_TIM1_Init)
    MX_TIM1_Init                             0x08006a6d   Thumb Code    96  main_hal.o(i.MX_TIM1_Init)
    i.MX_TIM2_Init                           0x08006ad4   Section        0  main_hal.o(i.MX_TIM2_Init)
    MX_TIM2_Init                             0x08006ad5   Thumb Code   156  main_hal.o(i.MX_TIM2_Init)
    i.MX_USART1_UART_Init                    0x08006b74   Section        0  main_hal.o(i.MX_USART1_UART_Init)
    MX_USART1_UART_Init                      0x08006b75   Thumb Code    58  main_hal.o(i.MX_USART1_UART_Init)
    i.MainInit                               0x08006bb8   Section        0  main_hal.o(i.MainInit)
    i.NMI_Handler                            0x08006d08   Section        0  stm32f0xx_it.o(i.NMI_Handler)
    i.NVIC_SetPriority                       0x08006d0c   Section        0  stm32f0xx_hal_cortex.o(i.NVIC_SetPriority)
    NVIC_SetPriority                         0x08006d0d   Thumb Code   110  stm32f0xx_hal_cortex.o(i.NVIC_SetPriority)
    i.PendSV_Handler                         0x08006d84   Section        0  stm32f0xx_it.o(i.PendSV_Handler)
    i.RCC_CRS_IRQHandler                     0x08006d86   Section        0  stm32f0xx_it.o(i.RCC_CRS_IRQHandler)
    i.ReadAnalogInput                        0x08006d88   Section        0  main_hal.o(i.ReadAnalogInput)
    i.SVC_Handler                            0x08006dd4   Section        0  stm32f0xx_it.o(i.SVC_Handler)
    i.SW1                                    0x08006dd8   Section        0  main.o(i.SW1)
    i.SW2                                    0x08006e00   Section        0  main.o(i.SW2)
    i.SetAnalogOutput                        0x08006e28   Section        0  main_hal.o(i.SetAnalogOutput)
    i.SysTick_Handler                        0x08006e58   Section        0  stm32f0xx_it.o(i.SysTick_Handler)
    i.SystemClock_Config                     0x08006e64   Section        0  main_hal.o(i.SystemClock_Config)
    i.SystemInit                             0x08006ee8   Section        0  system_stm32f0xx.o(i.SystemInit)
    i.TIM_Base_SetConfig                     0x08006f60   Section        0  stm32f0xx_hal_tim.o(i.TIM_Base_SetConfig)
    i.TIM_CCxChannelCmd                      0x08007004   Section        0  stm32f0xx_hal_tim.o(i.TIM_CCxChannelCmd)
    i.TIM_CCxNChannelCmd                     0x08007020   Section        0  stm32f0xx_hal_tim_ex.o(i.TIM_CCxNChannelCmd)
    TIM_CCxNChannelCmd                       0x08007021   Thumb Code    28  stm32f0xx_hal_tim_ex.o(i.TIM_CCxNChannelCmd)
    i.TIM_ETR_SetConfig                      0x0800703c   Section        0  stm32f0xx_hal_tim.o(i.TIM_ETR_SetConfig)
    i.TIM_ITRx_SetConfig                     0x0800705a   Section        0  stm32f0xx_hal_tim.o(i.TIM_ITRx_SetConfig)
    TIM_ITRx_SetConfig                       0x0800705b   Thumb Code    26  stm32f0xx_hal_tim.o(i.TIM_ITRx_SetConfig)
    i.TIM_OC1_SetConfig                      0x08007074   Section        0  stm32f0xx_hal_tim.o(i.TIM_OC1_SetConfig)
    TIM_OC1_SetConfig                        0x08007075   Thumb Code   164  stm32f0xx_hal_tim.o(i.TIM_OC1_SetConfig)
    i.TIM_OC2_SetConfig                      0x08007128   Section        0  stm32f0xx_hal_tim.o(i.TIM_OC2_SetConfig)
    i.TIM_OC3_SetConfig                      0x080071f0   Section        0  stm32f0xx_hal_tim.o(i.TIM_OC3_SetConfig)
    TIM_OC3_SetConfig                        0x080071f1   Thumb Code   178  stm32f0xx_hal_tim.o(i.TIM_OC3_SetConfig)
    i.TIM_OC4_SetConfig                      0x080072b4   Section        0  stm32f0xx_hal_tim.o(i.TIM_OC4_SetConfig)
    TIM_OC4_SetConfig                        0x080072b5   Thumb Code   118  stm32f0xx_hal_tim.o(i.TIM_OC4_SetConfig)
    i.TIM_SlaveTimer_SetConfig               0x0800733c   Section        0  stm32f0xx_hal_tim.o(i.TIM_SlaveTimer_SetConfig)
    TIM_SlaveTimer_SetConfig                 0x0800733d   Thumb Code   172  stm32f0xx_hal_tim.o(i.TIM_SlaveTimer_SetConfig)
    i.TIM_TI1_ConfigInputStage               0x080073e8   Section        0  stm32f0xx_hal_tim.o(i.TIM_TI1_ConfigInputStage)
    TIM_TI1_ConfigInputStage                 0x080073e9   Thumb Code    54  stm32f0xx_hal_tim.o(i.TIM_TI1_ConfigInputStage)
    i.TIM_TI1_SetConfig                      0x08007420   Section        0  stm32f0xx_hal_tim.o(i.TIM_TI1_SetConfig)
    i.TIM_TI2_ConfigInputStage               0x08007498   Section        0  stm32f0xx_hal_tim.o(i.TIM_TI2_ConfigInputStage)
    TIM_TI2_ConfigInputStage                 0x08007499   Thumb Code    54  stm32f0xx_hal_tim.o(i.TIM_TI2_ConfigInputStage)
    i.TIM_TI2_SetConfig                      0x080074ce   Section        0  stm32f0xx_hal_tim.o(i.TIM_TI2_SetConfig)
    TIM_TI2_SetConfig                        0x080074cf   Thumb Code    76  stm32f0xx_hal_tim.o(i.TIM_TI2_SetConfig)
    i.TIM_TI3_SetConfig                      0x0800751a   Section        0  stm32f0xx_hal_tim.o(i.TIM_TI3_SetConfig)
    TIM_TI3_SetConfig                        0x0800751b   Thumb Code    74  stm32f0xx_hal_tim.o(i.TIM_TI3_SetConfig)
    i.TIM_TI4_SetConfig                      0x08007564   Section        0  stm32f0xx_hal_tim.o(i.TIM_TI4_SetConfig)
    TIM_TI4_SetConfig                        0x08007565   Thumb Code    82  stm32f0xx_hal_tim.o(i.TIM_TI4_SetConfig)
    i.UART_AdvFeatureConfig                  0x080075b6   Section        0  stm32f0xx_hal_uart.o(i.UART_AdvFeatureConfig)
    i.UART_CheckIdleState                    0x080076a8   Section        0  stm32f0xx_hal_uart.o(i.UART_CheckIdleState)
    i.UART_EndTransmit_IT                    0x08007730   Section        0  stm32f0xx_hal_uart.o(i.UART_EndTransmit_IT)
    i.UART_Receive_IT                        0x08007750   Section        0  stm32f0xx_hal_uart.o(i.UART_Receive_IT)
    i.UART_SetConfig                         0x080077ec   Section        0  stm32f0xx_hal_uart.o(i.UART_SetConfig)
    i.UART_Transmit_IT                       0x08007a94   Section        0  stm32f0xx_hal_uart.o(i.UART_Transmit_IT)
    i.UART_WaitOnFlagUntilTimeout            0x08007b06   Section        0  stm32f0xx_hal_uart.o(i.UART_WaitOnFlagUntilTimeout)
    i.USART1_IRQHandler                      0x08007c0c   Section        0  stm32f0xx_it.o(i.USART1_IRQHandler)
    i.Validaton                              0x08007c1c   Section        0  main.o(i.Validaton)
    i.__ARM_common_switch8                   0x08007ee0   Section        0  stm32f0xx_hal_tim.o(i.__ARM_common_switch8)
    i.__scatterload_copy                     0x08007efc   Section       14  handlers.o(i.__scatterload_copy)
    i.__scatterload_null                     0x08007f0a   Section        2  handlers.o(i.__scatterload_null)
    i.__scatterload_zeroinit                 0x08007f0c   Section       14  handlers.o(i.__scatterload_zeroinit)
    i.__set_PRIMASK                          0x08007f1a   Section        0  co_emergency.o(i.__set_PRIMASK)
    __set_PRIMASK                            0x08007f1b   Thumb Code     6  co_emergency.o(i.__set_PRIMASK)
    i.free                                   0x08007f20   Section        0  malloc.o(i.free)
    i.main                                   0x08007f74   Section        0  main.o(i.main)
    i.malloc                                 0x080084b4   Section        0  malloc.o(i.malloc)
    i.tmrTask_thread                         0x08008520   Section        0  main.o(i.tmrTask_thread)
    tmrTask_thread                           0x08008521   Thumb Code    56  main.o(i.tmrTask_thread)
    .constdata                               0x08008560   Section       24  system_stm32f0xx.o(.constdata)
    .constdata                               0x08008578   Section     1700  co_od.o(.constdata)
    .data                                    0x20000000   Section       40  main.o(.data)
    dataBits                                 0x20000020   Data           8  main.o(.data)
    .data                                    0x20000028   Section        4  stm32f0xx_hal.o(.data)
    .data                                    0x2000002c   Section        4  system_stm32f0xx.o(.data)
    .data                                    0x20000030   Section        8  co_pdo.o(.data)
    dummyTX                                  0x20000030   Data           4  co_pdo.o(.data)
    dummyRX                                  0x20000034   Data           4  co_pdo.o(.data)
    .data                                    0x20000038   Section       26  canopen.o(.data)
    CO_memoryUsed                            0x20000038   Data           4  canopen.o(.data)
    CO_CANmodule_rxArray0                    0x20000040   Data           4  canopen.o(.data)
    CO_CANmodule_txArray0                    0x20000044   Data           4  canopen.o(.data)
    CO_SDO_ODExtensions                      0x20000048   Data           4  canopen.o(.data)
    CO_HBcons_monitoredNodes                 0x2000004c   Data           4  canopen.o(.data)
    ms50                                     0x20000050   Data           2  canopen.o(.data)
    .data                                    0x20000058   Section      980  co_od.o(.data)
    .data                                    0x2000042c   Section        4  mvars.o(.data)
    .data                                    0x20000430   Section        4  mvars.o(.data)
    .bss                                     0x20000434   Section      136  main.o(.bss)
    .bss                                     0x200004bc   Section      548  main_hal.o(.bss)
    .bss                                     0x200006e0   Section       60  canopen.o(.bss)
    COO                                      0x200006e0   Data          60  canopen.o(.bss)
    HEAP                                     0x20000720   Section     8192  startup_stm32f091xc.o(HEAP)
    STACK                                    0x20002720   Section     1024  startup_stm32f091xc.o(STACK)

    Global Symbols

    Symbol Name                              Value     Ov Type        Size  Object(Section)

    BuildAttributes$$THM_ISAv3M$S$PE$A:L22$X:L11$S22$IEEE1$IW$USESV6$~STKCKD$USESV7$~SHL$OTIME$ROPI$EBA8$MICROLIB$REQ8$PRES8$EABIv2 0x00000000   Number         0  anon$$obj.o ABSOLUTE
    __ARM_use_no_argv                        0x00000000   Number         0  main.o ABSOLUTE
    _printf_a                                0x00000000   Number         0  stubs.o ABSOLUTE
    _printf_c                                0x00000000   Number         0  stubs.o ABSOLUTE
    _printf_charcount                        0x00000000   Number         0  stubs.o ABSOLUTE
    _printf_d                                0x00000000   Number         0  stubs.o ABSOLUTE
    _printf_e                                0x00000000   Number         0  stubs.o ABSOLUTE
    _printf_f                                0x00000000   Number         0  stubs.o ABSOLUTE
    _printf_flags                            0x00000000   Number         0  stubs.o ABSOLUTE
    _printf_fp_dec                           0x00000000   Number         0  stubs.o ABSOLUTE
    _printf_fp_hex                           0x00000000   Number         0  stubs.o ABSOLUTE
    _printf_g                                0x00000000   Number         0  stubs.o ABSOLUTE
    _printf_i                                0x00000000   Number         0  stubs.o ABSOLUTE
    _printf_int_dec                          0x00000000   Number         0  stubs.o ABSOLUTE
    _printf_l                                0x00000000   Number         0  stubs.o ABSOLUTE
    _printf_lc                               0x00000000   Number         0  stubs.o ABSOLUTE
    _printf_ll                               0x00000000   Number         0  stubs.o ABSOLUTE
    _printf_lld                              0x00000000   Number         0  stubs.o ABSOLUTE
    _printf_lli                              0x00000000   Number         0  stubs.o ABSOLUTE
    _printf_llo                              0x00000000   Number         0  stubs.o ABSOLUTE
    _printf_llu                              0x00000000   Number         0  stubs.o ABSOLUTE
    _printf_llx                              0x00000000   Number         0  stubs.o ABSOLUTE
    _printf_longlong_dec                     0x00000000   Number         0  stubs.o ABSOLUTE
    _printf_longlong_hex                     0x00000000   Number         0  stubs.o ABSOLUTE
    _printf_longlong_oct                     0x00000000   Number         0  stubs.o ABSOLUTE
    _printf_ls                               0x00000000   Number         0  stubs.o ABSOLUTE
    _printf_mbtowc                           0x00000000   Number         0  stubs.o ABSOLUTE
    _printf_n                                0x00000000   Number         0  stubs.o ABSOLUTE
    _printf_o                                0x00000000   Number         0  stubs.o ABSOLUTE
    _printf_p                                0x00000000   Number         0  stubs.o ABSOLUTE
    _printf_percent                          0x00000000   Number         0  stubs.o ABSOLUTE
    _printf_pre_padding                      0x00000000   Number         0  stubs.o ABSOLUTE
    _printf_return_value                     0x00000000   Number         0  stubs.o ABSOLUTE
    _printf_s                                0x00000000   Number         0  stubs.o ABSOLUTE
    _printf_sizespec                         0x00000000   Number         0  stubs.o ABSOLUTE
    _printf_str                              0x00000000   Number         0  stubs.o ABSOLUTE
    _printf_truncate_signed                  0x00000000   Number         0  stubs.o ABSOLUTE
    _printf_truncate_unsigned                0x00000000   Number         0  stubs.o ABSOLUTE
    _printf_u                                0x00000000   Number         0  stubs.o ABSOLUTE
    _printf_wc                               0x00000000   Number         0  stubs.o ABSOLUTE
    _printf_wctomb                           0x00000000   Number         0  stubs.o ABSOLUTE
    _printf_widthprec                        0x00000000   Number         0  stubs.o ABSOLUTE
    _printf_x                                0x00000000   Number         0  stubs.o ABSOLUTE
    __arm_fini_                               - Undefined Weak Reference
    __cpp_initialize__aeabi_                  - Undefined Weak Reference
    __cxa_finalize                            - Undefined Weak Reference
    _clock_init                               - Undefined Weak Reference
    _microlib_exit                            - Undefined Weak Reference
    __Vectors_Size                           0x000000bc   Number         0  startup_stm32f091xc.o ABSOLUTE
    __Vectors                                0x08000000   Data           4  startup_stm32f091xc.o(RESET)
    __Vectors_End                            0x080000bc   Data           0  startup_stm32f091xc.o(RESET)
    __main                                   0x080000bd   Thumb Code     0  entry.o(.ARM.Collect$$$$00000000)
    _main_stk                                0x080000bd   Thumb Code     0  entry2.o(.ARM.Collect$$$$00000001)
    _main_scatterload                        0x080000c1   Thumb Code     0  entry5.o(.ARM.Collect$$$$00000004)
    __main_after_scatterload                 0x080000c5   Thumb Code     0  entry5.o(.ARM.Collect$$$$00000004)
    _main_clock                              0x080000c5   Thumb Code     0  entry7b.o(.ARM.Collect$$$$00000008)
    _main_cpp_init                           0x080000c5   Thumb Code     0  entry8b.o(.ARM.Collect$$$$0000000A)
    _main_init                               0x080000c5   Thumb Code     0  entry9a.o(.ARM.Collect$$$$0000000B)
    __rt_lib_shutdown_fini                   0x080000cd   Thumb Code     0  entry12b.o(.ARM.Collect$$$$0000000E)
    __rt_final_cpp                           0x080000d1   Thumb Code     0  entry10a.o(.ARM.Collect$$$$0000000F)
    __rt_final_exit                          0x080000d1   Thumb Code     0  entry11a.o(.ARM.Collect$$$$00000011)
    Reset_Handler                            0x080000d5   Thumb Code     8  startup_stm32f091xc.o(.text)
    ADC1_COMP_IRQHandler                     0x080000e7   Thumb Code     0  startup_stm32f091xc.o(.text)
    DMA1_Ch1_IRQHandler                      0x080000e7   Thumb Code     0  startup_stm32f091xc.o(.text)
    DMA1_Ch2_3_DMA2_Ch1_2_IRQHandler         0x080000e7   Thumb Code     0  startup_stm32f091xc.o(.text)
    DMA1_Ch4_7_DMA2_Ch3_5_IRQHandler         0x080000e7   Thumb Code     0  startup_stm32f091xc.o(.text)
    EXTI0_1_IRQHandler                       0x080000e7   Thumb Code     0  startup_stm32f091xc.o(.text)
    EXTI2_3_IRQHandler                       0x080000e7   Thumb Code     0  startup_stm32f091xc.o(.text)
    EXTI4_15_IRQHandler                      0x080000e7   Thumb Code     0  startup_stm32f091xc.o(.text)
    FLASH_IRQHandler                         0x080000e7   Thumb Code     0  startup_stm32f091xc.o(.text)
    I2C1_IRQHandler                          0x080000e7   Thumb Code     0  startup_stm32f091xc.o(.text)
    PVD_VDDIO2_IRQHandler                    0x080000e7   Thumb Code     0  startup_stm32f091xc.o(.text)
    RTC_IRQHandler                           0x080000e7   Thumb Code     0  startup_stm32f091xc.o(.text)
    SPI1_IRQHandler                          0x080000e7   Thumb Code     0  startup_stm32f091xc.o(.text)
    SPI2_IRQHandler                          0x080000e7   Thumb Code     0  startup_stm32f091xc.o(.text)
    TIM14_IRQHandler                         0x080000e7   Thumb Code     0  startup_stm32f091xc.o(.text)
    TIM15_IRQHandler                         0x080000e7   Thumb Code     0  startup_stm32f091xc.o(.text)
    TIM16_IRQHandler                         0x080000e7   Thumb Code     0  startup_stm32f091xc.o(.text)
    TIM17_IRQHandler                         0x080000e7   Thumb Code     0  startup_stm32f091xc.o(.text)
    TIM1_BRK_UP_TRG_COM_IRQHandler           0x080000e7   Thumb Code     0  startup_stm32f091xc.o(.text)
    TIM1_CC_IRQHandler                       0x080000e7   Thumb Code     0  startup_stm32f091xc.o(.text)
    TIM2_IRQHandler                          0x080000e7   Thumb Code     0  startup_stm32f091xc.o(.text)
    TIM3_IRQHandler                          0x080000e7   Thumb Code     0  startup_stm32f091xc.o(.text)
    TIM6_DAC_IRQHandler                      0x080000e7   Thumb Code     0  startup_stm32f091xc.o(.text)
    TIM7_IRQHandler                          0x080000e7   Thumb Code     0  startup_stm32f091xc.o(.text)
    TSC_IRQHandler                           0x080000e7   Thumb Code     0  startup_stm32f091xc.o(.text)
    USART2_IRQHandler                        0x080000e7   Thumb Code     0  startup_stm32f091xc.o(.text)
    USART3_8_IRQHandler                      0x080000e7   Thumb Code     0  startup_stm32f091xc.o(.text)
    WWDG_IRQHandler                          0x080000e7   Thumb Code     0  startup_stm32f091xc.o(.text)
    __aeabi_uidiv                            0x080000f1   Thumb Code     0  uidiv.o(.text)
    __aeabi_uidivmod                         0x080000f1   Thumb Code    44  uidiv.o(.text)
    calloc                                   0x0800011d   Thumb Code    28  calloc.o(.text)
    __aeabi_fadd                             0x08000139   Thumb Code   162  fadd.o(.text)
    __aeabi_fsub                             0x080001db   Thumb Code     8  fadd.o(.text)
    __aeabi_frsub                            0x080001e3   Thumb Code     8  fadd.o(.text)
    __aeabi_fmul                             0x080001eb   Thumb Code   122  fmul.o(.text)
    __aeabi_fdiv                             0x08000265   Thumb Code   124  fdiv.o(.text)
    __aeabi_i2f                              0x080002e1   Thumb Code    22  fflti.o(.text)
    __aeabi_ui2f                             0x080002f7   Thumb Code    14  ffltui.o(.text)
    __aeabi_f2iz                             0x08000305   Thumb Code    50  ffixi.o(.text)
    __aeabi_cfcmpeq                          0x08000339   Thumb Code     0  cfcmple.o(.text)
    __aeabi_cfcmple                          0x08000339   Thumb Code    20  cfcmple.o(.text)
    __aeabi_cfrcmple                         0x0800034d   Thumb Code    20  cfrcmple.o(.text)
    __I$use$fp                               0x08000361   Thumb Code     0  iusefp.o(.text)
    _float_round                             0x08000361   Thumb Code    16  fepilogue.o(.text)
    _float_epilogue                          0x08000371   Thumb Code   114  fepilogue.o(.text)
    __scatterload                            0x080003e5   Thumb Code    28  init.o(.text)
    __scatterload_rt2                        0x080003e5   Thumb Code     0  init.o(.text)
    __decompress                             0x08000409   Thumb Code     0  __dczerorl2.o(.text)
    __decompress1                            0x08000409   Thumb Code    86  __dczerorl2.o(.text)
    CEC_CAN_IRQHandler                       0x0800087d   Thumb Code    10  stm32f0xx_it.o(i.CEC_CAN_IRQHandler)
    CO_CAN1InterruptHandler                  0x0800088d   Thumb Code    14  main.o(i.CO_CAN1InterruptHandler)
    CO_CANclearPendingSyncPDOs               0x080008a1   Thumb Code     2  co_driver.o(i.CO_CANclearPendingSyncPDOs)
    CO_CANinterrupt_Rx                       0x080008a5   Thumb Code   174  co_driver.o(i.CO_CANinterrupt_Rx)
    CO_CANmodule_disable                     0x08000959   Thumb Code     2  co_driver.o(i.CO_CANmodule_disable)
    CO_CANmodule_init                        0x0800095b   Thumb Code   116  co_driver.o(i.CO_CANmodule_init)
    CO_CANrxBufferInit                       0x080009cf   Thumb Code    98  co_driver.o(i.CO_CANrxBufferInit)
    CO_CANsend                               0x08000a31   Thumb Code   118  co_driver.o(i.CO_CANsend)
    CO_CANsetConfigurationMode               0x08000ab1   Thumb Code     2  co_driver.o(i.CO_CANsetConfigurationMode)
    CO_CANsetNormalMode                      0x08000ab3   Thumb Code     6  co_driver.o(i.CO_CANsetNormalMode)
    CO_CANtxBufferInit                       0x08000ab9   Thumb Code    68  co_driver.o(i.CO_CANtxBufferInit)
    CO_EM_init                               0x08000afd   Thumb Code   206  co_emergency.o(i.CO_EM_init)
    CO_HBconsumer_init                       0x08000c65   Thumb Code   122  co_hbconsumer.o(i.CO_HBconsumer_init)
    CO_NMT_init                              0x08000ce9   Thumb Code   126  co_nmt_heartbeat.o(i.CO_NMT_init)
    CO_OD_configure                          0x08001411   Thumb Code    94  co_sdo.o(i.CO_OD_configure)
    CO_OD_find                               0x08001475   Thumb Code    96  co_sdo.o(i.CO_OD_find)
    CO_OD_getAttribute                       0x080014d9   Thumb Code    70  co_sdo.o(i.CO_OD_getAttribute)
    CO_OD_getDataPointer                     0x08001525   Thumb Code    76  co_sdo.o(i.CO_OD_getDataPointer)
    CO_OD_getLength                          0x08001575   Thumb Code    96  co_sdo.o(i.CO_OD_getLength)
    CO_RPDO_init                             0x080017d9   Thumb Code   166  co_pdo.o(i.CO_RPDO_init)
    CO_RPDO_process                          0x08001889   Thumb Code   118  co_pdo.o(i.CO_RPDO_process)
    CO_SDO_init                              0x08001a25   Thumb Code   244  co_sdo.o(i.CO_SDO_init)
    CO_SYNC_init                             0x08001c19   Thumb Code   252  co_sync.o(i.CO_SYNC_init)
    CO_SYNC_process                          0x08001d2d   Thumb Code   236  co_sync.o(i.CO_SYNC_process)
    CO_TPDO_init                             0x08001e7d   Thumb Code   214  co_pdo.o(i.CO_TPDO_init)
    CO_TPDO_process                          0x08001f5d   Thumb Code   278  co_pdo.o(i.CO_TPDO_process)
    CO_TPDOisCOS                             0x08002171   Thumb Code   332  co_pdo.o(i.CO_TPDOisCOS)
    CO_TPDOsend                              0x080022bd   Thumb Code    46  co_pdo.o(i.CO_TPDOsend)
    CO_delete                                0x080022ed   Thumb Code   198  canopen.o(i.CO_delete)
    CO_errorReport                           0x080023c9   Thumb Code   200  co_emergency.o(i.CO_errorReport)
    CO_getUint32                             0x08002491   Thumb Code    26  co_sdo.o(i.CO_getUint32)
    CO_init                                  0x080024ad   Thumb Code  1394  canopen.o(i.CO_init)
    CO_memcpy                                0x08002a31   Thumb Code    22  co_sdo.o(i.CO_memcpy)
    CO_memcpySwap2                           0x08002a47   Thumb Code    16  co_sdo.o(i.CO_memcpySwap2)
    CO_memcpySwap4                           0x08002a57   Thumb Code    24  co_sdo.o(i.CO_memcpySwap4)
    CO_process_SYNC_RPDO                     0x08002a71   Thumb Code    74  canopen.o(i.CO_process_SYNC_RPDO)
    CO_process_TPDO                          0x08002ac1   Thumb Code    76  canopen.o(i.CO_process_TPDO)
    CO_setUint32                             0x08002b0d   Thumb Code    30  co_sdo.o(i.CO_setUint32)
    CanDisable                               0x08002b2d   Thumb Code    18  main_hal.o(i.CanDisable)
    CanEnable                                0x08002b45   Thumb Code    18  main_hal.o(i.CanEnable)
    DIn4ResetCounter                         0x08002b5d   Thumb Code    10  main_hal.o(i.DIn4ResetCounter)
    Dataset                                  0x08002b6d   Thumb Code    96  main.o(i.Dataset)
    EEPROM_Read                              0x08002bd1   Thumb Code   112  main_hal.o(i.EEPROM_Read)
    EEPROM_Write                             0x08002c45   Thumb Code   118  main_hal.o(i.EEPROM_Write)
    EN1_filter                               0x08002cc1   Thumb Code   182  main.o(i.EN1_filter)
    Error_Handler                            0x08002db5   Thumb Code     4  main_hal.o(i.Error_Handler)
    HAL_ADCEx_Calibration_Start              0x08002db9   Thumb Code   194  stm32f0xx_hal_adc_ex.o(i.HAL_ADCEx_Calibration_Start)
    HAL_ADC_ConfigChannel                    0x08002e7d   Thumb Code   412  stm32f0xx_hal_adc.o(i.HAL_ADC_ConfigChannel)
    HAL_ADC_GetValue                         0x08003029   Thumb Code     8  stm32f0xx_hal_adc.o(i.HAL_ADC_GetValue)
    HAL_ADC_Init                             0x08003031   Thumb Code   440  stm32f0xx_hal_adc.o(i.HAL_ADC_Init)
    HAL_ADC_MspInit                          0x080031f1   Thumb Code    68  stm32f0xx_hal_msp.o(i.HAL_ADC_MspInit)
    HAL_ADC_PollForConversion                0x0800323d   Thumb Code   228  stm32f0xx_hal_adc.o(i.HAL_ADC_PollForConversion)
    HAL_ADC_Start                            0x08003321   Thumb Code   114  stm32f0xx_hal_adc.o(i.HAL_ADC_Start)
    HAL_ADC_Stop                             0x08003399   Thumb Code    80  stm32f0xx_hal_adc.o(i.HAL_ADC_Stop)
    HAL_CAN_ConfigFilter                     0x080033e9   Thumb Code   432  stm32f0xx_hal_can.o(i.HAL_CAN_ConfigFilter)
    HAL_CAN_ErrorCallback                    0x08003599   Thumb Code     2  stm32f0xx_hal_can.o(i.HAL_CAN_ErrorCallback)
    HAL_CAN_IRQHandler                       0x0800359d   Thumb Code   468  stm32f0xx_hal_can.o(i.HAL_CAN_IRQHandler)
    HAL_CAN_Init                             0x0800377d   Thumb Code   448  stm32f0xx_hal_can.o(i.HAL_CAN_Init)
    HAL_CAN_MspInit                          0x0800393d   Thumb Code    80  stm32f0xx_hal_msp.o(i.HAL_CAN_MspInit)
    HAL_CAN_Receive_IT                       0x08003999   Thumb Code   186  stm32f0xx_hal_can.o(i.HAL_CAN_Receive_IT)
    HAL_CAN_RxCpltCallback                   0x08003a53   Thumb Code    22  main.o(i.HAL_CAN_RxCpltCallback)
    HAL_CAN_Transmit                         0x08003a69   Thumb Code   578  stm32f0xx_hal_can.o(i.HAL_CAN_Transmit)
    HAL_CAN_TxCpltCallback                   0x08003cb9   Thumb Code     2  stm32f0xx_hal_can.o(i.HAL_CAN_TxCpltCallback)
    HAL_DAC_ConfigChannel                    0x08003cbd   Thumb Code    78  stm32f0xx_hal_dac_ex.o(i.HAL_DAC_ConfigChannel)
    HAL_DAC_Init                             0x08003d11   Thumb Code    42  stm32f0xx_hal_dac.o(i.HAL_DAC_Init)
    HAL_DAC_MspInit                          0x08003d3d   Thumb Code    70  stm32f0xx_hal_msp.o(i.HAL_DAC_MspInit)
    HAL_DAC_SetValue                         0x08003d8d   Thumb Code    46  stm32f0xx_hal_dac.o(i.HAL_DAC_SetValue)
    HAL_DAC_Start                            0x08003dbb   Thumb Code   110  stm32f0xx_hal_dac_ex.o(i.HAL_DAC_Start)
    HAL_DMA_Abort_IT                         0x08003e29   Thumb Code   416  stm32f0xx_hal_dma.o(i.HAL_DMA_Abort_IT)
    HAL_Delay                                0x08003fd1   Thumb Code    26  stm32f0xx_hal.o(i.HAL_Delay)
    HAL_GPIO_Init                            0x08003fed   Thumb Code   480  stm32f0xx_hal_gpio.o(i.HAL_GPIO_Init)
    HAL_GPIO_ReadPin                         0x080041e9   Thumb Code    18  stm32f0xx_hal_gpio.o(i.HAL_GPIO_ReadPin)
    HAL_GPIO_TogglePin                       0x080041fb   Thumb Code     8  stm32f0xx_hal_gpio.o(i.HAL_GPIO_TogglePin)
    HAL_GPIO_WritePin                        0x08004203   Thumb Code    12  stm32f0xx_hal_gpio.o(i.HAL_GPIO_WritePin)
    HAL_GetTick                              0x08004211   Thumb Code     6  stm32f0xx_hal.o(i.HAL_GetTick)
    HAL_I2CEx_ConfigAnalogFilter             0x0800421d   Thumb Code   110  stm32f0xx_hal_i2c_ex.o(i.HAL_I2CEx_ConfigAnalogFilter)
    HAL_I2C_AbortCpltCallback                0x0800428b   Thumb Code     2  stm32f0xx_hal_i2c.o(i.HAL_I2C_AbortCpltCallback)
    HAL_I2C_AddrCallback                     0x0800428d   Thumb Code     2  stm32f0xx_hal_i2c.o(i.HAL_I2C_AddrCallback)
    HAL_I2C_ER_IRQHandler                    0x0800428f   Thumb Code   128  stm32f0xx_hal_i2c.o(i.HAL_I2C_ER_IRQHandler)
    HAL_I2C_EV_IRQHandler                    0x0800430f   Thumb Code    30  stm32f0xx_hal_i2c.o(i.HAL_I2C_EV_IRQHandler)
    HAL_I2C_ErrorCallback                    0x0800432d   Thumb Code     2  stm32f0xx_hal_i2c.o(i.HAL_I2C_ErrorCallback)
    HAL_I2C_Init                             0x08004331   Thumb Code   200  stm32f0xx_hal_i2c.o(i.HAL_I2C_Init)
    HAL_I2C_ListenCpltCallback               0x080043fd   Thumb Code     2  stm32f0xx_hal_i2c.o(i.HAL_I2C_ListenCpltCallback)
    HAL_I2C_Mem_Read                         0x08004401   Thumb Code   446  stm32f0xx_hal_i2c.o(i.HAL_I2C_Mem_Read)
    HAL_I2C_Mem_Write                        0x080045c5   Thumb Code   446  stm32f0xx_hal_i2c.o(i.HAL_I2C_Mem_Write)
    HAL_I2C_MspInit                          0x08004789   Thumb Code    80  stm32f0xx_hal_msp.o(i.HAL_I2C_MspInit)
    HAL_I2C_SlaveRxCpltCallback              0x080047e5   Thumb Code     2  stm32f0xx_hal_i2c.o(i.HAL_I2C_SlaveRxCpltCallback)
    HAL_I2C_SlaveTxCpltCallback              0x080047e7   Thumb Code     2  stm32f0xx_hal_i2c.o(i.HAL_I2C_SlaveTxCpltCallback)
    HAL_IWDG_Init                            0x080047e9   Thumb Code   196  stm32f0xx_hal_iwdg.o(i.HAL_IWDG_Init)
    HAL_IWDG_MspInit                         0x080048b5   Thumb Code     2  stm32f0xx_hal_iwdg.o(i.HAL_IWDG_MspInit)
    HAL_IncTick                              0x080048b9   Thumb Code    12  stm32f0xx_hal.o(i.HAL_IncTick)
    HAL_Init                                 0x080048c9   Thumb Code    28  stm32f0xx_hal.o(i.HAL_Init)
    HAL_InitTick                             0x080048e9   Thumb Code    38  stm32f0xx_hal.o(i.HAL_InitTick)
    HAL_MspInit                              0x08004911   Thumb Code    78  stm32f0xx_hal_msp.o(i.HAL_MspInit)
    HAL_NVIC_EnableIRQ                       0x08004965   Thumb Code    18  stm32f0xx_hal_cortex.o(i.HAL_NVIC_EnableIRQ)
    HAL_NVIC_SetPriority                     0x0800497d   Thumb Code    18  stm32f0xx_hal_cortex.o(i.HAL_NVIC_SetPriority)
    HAL_NVIC_SystemReset                     0x08004991   Thumb Code    48  stm32f0xx_hal_cortex.o(i.HAL_NVIC_SystemReset)
    HAL_RCCEx_PeriphCLKConfig                0x080049c9   Thumb Code   408  stm32f0xx_hal_rcc_ex.o(i.HAL_RCCEx_PeriphCLKConfig)
    HAL_RCC_ClockConfig                      0x08004b6d   Thumb Code   444  stm32f0xx_hal_rcc.o(i.HAL_RCC_ClockConfig)
    HAL_RCC_GetHCLKFreq                      0x08004d3d   Thumb Code     6  stm32f0xx_hal_rcc.o(i.HAL_RCC_GetHCLKFreq)
    HAL_RCC_GetPCLK1Freq                     0x08004d49   Thumb Code    26  stm32f0xx_hal_rcc.o(i.HAL_RCC_GetPCLK1Freq)
    HAL_RCC_GetSysClockFreq                  0x08004d6d   Thumb Code   194  stm32f0xx_hal_rcc.o(i.HAL_RCC_GetSysClockFreq)
    HAL_RCC_OscConfig                        0x08004e61   Thumb Code  1532  stm32f0xx_hal_rcc.o(i.HAL_RCC_OscConfig)
    HAL_SYSTICK_CLKSourceConfig              0x08005461   Thumb Code    32  stm32f0xx_hal_cortex.o(i.HAL_SYSTICK_CLKSourceConfig)
    HAL_SYSTICK_Callback                     0x08005485   Thumb Code    34  main.o(i.HAL_SYSTICK_Callback)
    HAL_SYSTICK_Config                       0x080054b1   Thumb Code    46  stm32f0xx_hal_cortex.o(i.HAL_SYSTICK_Config)
    HAL_SYSTICK_IRQHandler                   0x080054e9   Thumb Code     8  stm32f0xx_hal_cortex.o(i.HAL_SYSTICK_IRQHandler)
    HAL_TIMEx_ConfigBreakDeadTime            0x080054f1   Thumb Code    80  stm32f0xx_hal_tim_ex.o(i.HAL_TIMEx_ConfigBreakDeadTime)
    HAL_TIMEx_MasterConfigSynchronization    0x08005541   Thumb Code    98  stm32f0xx_hal_tim_ex.o(i.HAL_TIMEx_MasterConfigSynchronization)
    HAL_TIMEx_PWMN_Start                     0x080055a3   Thumb Code    46  stm32f0xx_hal_tim_ex.o(i.HAL_TIMEx_PWMN_Start)
    HAL_TIM_Base_Init                        0x080055d1   Thumb Code    56  stm32f0xx_hal_tim.o(i.HAL_TIM_Base_Init)
    HAL_TIM_Base_MspInit                     0x08005609   Thumb Code   186  stm32f0xx_hal_msp.o(i.HAL_TIM_Base_MspInit)
    HAL_TIM_ConfigClockSource                0x080056d1   Thumb Code   318  stm32f0xx_hal_tim.o(i.HAL_TIM_ConfigClockSource)
    HAL_TIM_IC_ConfigChannel                 0x0800580f   Thumb Code   226  stm32f0xx_hal_tim.o(i.HAL_TIM_IC_ConfigChannel)
    HAL_TIM_IC_Init                          0x080058f1   Thumb Code    56  stm32f0xx_hal_tim.o(i.HAL_TIM_IC_Init)
    HAL_TIM_IC_MspInit                       0x08005929   Thumb Code     2  stm32f0xx_hal_tim.o(i.HAL_TIM_IC_MspInit)
    HAL_TIM_IC_Start                         0x0800592b   Thumb Code    32  stm32f0xx_hal_tim.o(i.HAL_TIM_IC_Start)
    HAL_TIM_MspPostInit                      0x0800594b   Thumb Code     2  stm32f0xx_hal_msp.o(i.HAL_TIM_MspPostInit)
    HAL_TIM_PWM_ConfigChannel                0x0800594d   Thumb Code   274  stm32f0xx_hal_tim.o(i.HAL_TIM_PWM_ConfigChannel)
    HAL_TIM_PWM_Init                         0x08005a5f   Thumb Code    56  stm32f0xx_hal_tim.o(i.HAL_TIM_PWM_Init)
    HAL_TIM_PWM_MspInit                      0x08005a97   Thumb Code     2  stm32f0xx_hal_tim.o(i.HAL_TIM_PWM_MspInit)
    HAL_TIM_SlaveConfigSynchronization       0x08005a99   Thumb Code    88  stm32f0xx_hal_tim.o(i.HAL_TIM_SlaveConfigSynchronization)
    HAL_UARTEx_WakeupCallback                0x08005af1   Thumb Code     2  stm32f0xx_hal_uart_ex.o(i.HAL_UARTEx_WakeupCallback)
    HAL_UART_ErrorCallback                   0x08005af3   Thumb Code     2  stm32f0xx_hal_uart.o(i.HAL_UART_ErrorCallback)
    HAL_UART_IRQHandler                      0x08005af5   Thumb Code   314  stm32f0xx_hal_uart.o(i.HAL_UART_IRQHandler)
    HAL_UART_Init                            0x08005c2f   Thumb Code   130  stm32f0xx_hal_uart.o(i.HAL_UART_Init)
    HAL_UART_MspInit                         0x08005cb1   Thumb Code    82  stm32f0xx_hal_msp.o(i.HAL_UART_MspInit)
    HAL_UART_RxCpltCallback                  0x08005d0d   Thumb Code     2  stm32f0xx_hal_uart.o(i.HAL_UART_RxCpltCallback)
    HAL_UART_TxCpltCallback                  0x08005d0f   Thumb Code     2  stm32f0xx_hal_uart.o(i.HAL_UART_TxCpltCallback)
    HardFault_Handler                        0x08005d11   Thumb Code     4  stm32f0xx_it.o(i.HardFault_Handler)
    I2C2_IRQHandler                          0x08005d15   Thumb Code    34  stm32f0xx_it.o(i.I2C2_IRQHandler)
    Initialize_outputs                       0x08006681   Thumb Code    42  main.o(i.Initialize_outputs)
    MainInit                                 0x08006bb9   Thumb Code   288  main_hal.o(i.MainInit)
    NMI_Handler                              0x08006d09   Thumb Code     2  stm32f0xx_it.o(i.NMI_Handler)
    PendSV_Handler                           0x08006d85   Thumb Code     2  stm32f0xx_it.o(i.PendSV_Handler)
    RCC_CRS_IRQHandler                       0x08006d87   Thumb Code     2  stm32f0xx_it.o(i.RCC_CRS_IRQHandler)
    ReadAnalogInput                          0x08006d89   Thumb Code    62  main_hal.o(i.ReadAnalogInput)
    SVC_Handler                              0x08006dd5   Thumb Code     2  stm32f0xx_it.o(i.SVC_Handler)
    SW1                                      0x08006dd9   Thumb Code    36  main.o(i.SW1)
    SW2                                      0x08006e01   Thumb Code    36  main.o(i.SW2)
    SetAnalogOutput                          0x08006e29   Thumb Code    38  main_hal.o(i.SetAnalogOutput)
    SysTick_Handler                          0x08006e59   Thumb Code    12  stm32f0xx_it.o(i.SysTick_Handler)
    SystemClock_Config                       0x08006e65   Thumb Code   132  main_hal.o(i.SystemClock_Config)
    SystemInit                               0x08006ee9   Thumb Code   102  system_stm32f0xx.o(i.SystemInit)
    TIM_Base_SetConfig                       0x08006f61   Thumb Code   140  stm32f0xx_hal_tim.o(i.TIM_Base_SetConfig)
    TIM_CCxChannelCmd                        0x08007005   Thumb Code    28  stm32f0xx_hal_tim.o(i.TIM_CCxChannelCmd)
    TIM_ETR_SetConfig                        0x0800703d   Thumb Code    30  stm32f0xx_hal_tim.o(i.TIM_ETR_SetConfig)
    TIM_OC2_SetConfig                        0x08007129   Thumb Code   182  stm32f0xx_hal_tim.o(i.TIM_OC2_SetConfig)
    TIM_TI1_SetConfig                        0x08007421   Thumb Code   106  stm32f0xx_hal_tim.o(i.TIM_TI1_SetConfig)
    UART_AdvFeatureConfig                    0x080075b7   Thumb Code   240  stm32f0xx_hal_uart.o(i.UART_AdvFeatureConfig)
    UART_CheckIdleState                      0x080076a9   Thumb Code   124  stm32f0xx_hal_uart.o(i.UART_CheckIdleState)
    UART_EndTransmit_IT                      0x08007731   Thumb Code    32  stm32f0xx_hal_uart.o(i.UART_EndTransmit_IT)
    UART_Receive_IT                          0x08007751   Thumb Code   156  stm32f0xx_hal_uart.o(i.UART_Receive_IT)
    UART_SetConfig                           0x080077ed   Thumb Code   626  stm32f0xx_hal_uart.o(i.UART_SetConfig)
    UART_Transmit_IT                         0x08007a95   Thumb Code   114  stm32f0xx_hal_uart.o(i.UART_Transmit_IT)
    UART_WaitOnFlagUntilTimeout              0x08007b07   Thumb Code   262  stm32f0xx_hal_uart.o(i.UART_WaitOnFlagUntilTimeout)
    USART1_IRQHandler                        0x08007c0d   Thumb Code    10  stm32f0xx_it.o(i.USART1_IRQHandler)
    Validaton                                0x08007c1d   Thumb Code   616  main.o(i.Validaton)
    __ARM_common_switch8                     0x08007ee1   Thumb Code    28  stm32f0xx_hal_tim.o(i.__ARM_common_switch8)
    __scatterload_copy                       0x08007efd   Thumb Code    14  handlers.o(i.__scatterload_copy)
    __scatterload_null                       0x08007f0b   Thumb Code     2  handlers.o(i.__scatterload_null)
    __scatterload_zeroinit                   0x08007f0d   Thumb Code    14  handlers.o(i.__scatterload_zeroinit)
    free                                     0x08007f21   Thumb Code    80  malloc.o(i.free)
    main                                     0x08007f75   Thumb Code  1320  main.o(i.main)
    malloc                                   0x080084b5   Thumb Code    92  malloc.o(i.malloc)
    AHBPrescTable                            0x08008560   Data          16  system_stm32f0xx.o(.constdata)
    APBPrescTable                            0x08008570   Data           8  system_stm32f0xx.o(.constdata)
    OD_record1018                            0x08008578   Data          40  co_od.o(.constdata)
    OD_record1200                            0x080085a0   Data          24  co_od.o(.constdata)
    OD_record1400                            0x080085b8   Data          24  co_od.o(.constdata)
    OD_record1401                            0x080085d0   Data          24  co_od.o(.constdata)
    OD_record1402                            0x080085e8   Data          24  co_od.o(.constdata)
    OD_record1403                            0x08008600   Data          24  co_od.o(.constdata)
    OD_record1600                            0x08008618   Data          72  co_od.o(.constdata)
    OD_record1601                            0x08008660   Data          72  co_od.o(.constdata)
    OD_record1602                            0x080086a8   Data          72  co_od.o(.constdata)
    OD_record1603                            0x080086f0   Data          72  co_od.o(.constdata)
    OD_record1800                            0x08008738   Data          56  co_od.o(.constdata)
    OD_record1801                            0x08008770   Data          56  co_od.o(.constdata)
    OD_record1802                            0x080087a8   Data          56  co_od.o(.constdata)
    OD_record1803                            0x080087e0   Data          56  co_od.o(.constdata)
    OD_record1A00                            0x08008818   Data          72  co_od.o(.constdata)
    OD_record1A01                            0x08008860   Data          72  co_od.o(.constdata)
    OD_record1A02                            0x080088a8   Data          72  co_od.o(.constdata)
    OD_record1A03                            0x080088f0   Data          72  co_od.o(.constdata)
    OD_record2120                            0x08008938   Data          48  co_od.o(.constdata)
    OD_record2130                            0x08008968   Data          32  co_od.o(.constdata)
    CO_OD                                    0x08008988   Data         660  co_od.o(.constdata)
    Region$$Table$$Base                      0x08008c1c   Number         0  anon$$obj.o(Region$$Table)
    Region$$Table$$Limit                     0x08008c3c   Number         0  anon$$obj.o(Region$$Table)
    u16Timer                                 0x20000000   Data           2  main.o(.data)
    u8TmrCallbackEnabled                     0x20000002   Data           1  main.o(.data)
    u16Voltage                               0x20000004   Data           2  main.o(.data)
    u8I                                      0x20000006   Data           1  main.o(.data)
    u8WrSetup                                0x20000007   Data           1  main.o(.data)
    u8WrSetupOld                             0x20000008   Data           1  main.o(.data)
    u8RdSetup                                0x20000009   Data           1  main.o(.data)
    FAILSTATE                                0x2000000a   Data           1  main.o(.data)
    FAILSTATEold                             0x2000000b   Data           1  main.o(.data)
    CanMSG                                   0x2000000c   Data           8  main.o(.data)
    CO_timer1ms                              0x20000014   Data           2  main.o(.data)
    Mode                                     0x20000016   Data           1  main.o(.data)
    Encoder_Set                              0x20000018   Data           4  main.o(.data)
    resetbit                                 0x2000001c   Data           4  main.o(.data)
    uwTick                                   0x20000028   Data           4  stm32f0xx_hal.o(.data)
    SystemCoreClock                          0x2000002c   Data           4  system_stm32f0xx.o(.data)
    CO                                       0x2000003c   Data           4  canopen.o(.data)
    CO_OD_RAM                                0x20000058   Data         304  co_od.o(.data)
    CO_OD_EEPROM                             0x20000188   Data          76  co_od.o(.data)
    CO_OD_ROM                                0x200001d4   Data         600  co_od.o(.data)
    __microlib_freelist                      0x2000042c   Data           4  mvars.o(.data)
    __microlib_freelist_initialised          0x20000430   Data           4  mvars.o(.data)
    CAN_TX_Msg                               0x20000434   Data          28  main.o(.bss)
    CAN_RX_Msg                               0x20000450   Data          36  main.o(.bss)
    CAN_DATA                                 0x20000474   Data          40  main.o(.bss)
    u8Data                                   0x2000049c   Data          32  main.o(.bss)
    hadc                                     0x200004bc   Data          76  main_hal.o(.bss)
    hcan                                     0x20000508   Data          64  main_hal.o(.bss)
    hi2c2                                    0x20000548   Data          76  main_hal.o(.bss)
    hiwdg                                    0x20000594   Data          20  main_hal.o(.bss)
    htim1                                    0x200005a8   Data          60  main_hal.o(.bss)
    htim2                                    0x200005e4   Data          60  main_hal.o(.bss)
    htim17                                   0x20000620   Data          60  main_hal.o(.bss)
    huart1                                   0x2000065c   Data         112  main_hal.o(.bss)
    hdac                                     0x200006cc   Data          20  main_hal.o(.bss)
    __heap_base                              0x20000720   Data           0  startup_stm32f091xc.o(HEAP)
    __heap_limit                             0x20002720   Data           0  startup_stm32f091xc.o(HEAP)
    __initial_sp                             0x20002b20   Data           0  startup_stm32f091xc.o(STACK)



==============================================================================

Memory Map of the image

  Image Entry point : 0x080000bd

  Load Region LR_IROM1 (Base: 0x08000000, Size: 0x00009070, Max: 0x00040000, ABSOLUTE, COMPRESSED[0x00008cf8])

    Execution Region ER_IROM1 (Exec base: 0x08000000, Load base: 0x08000000, Size: 0x00008c3c, Max: 0x00040000, ABSOLUTE)

    Exec Addr    Load Addr    Size         Type   Attr      Idx    E Section Name        Object

    0x08000000   0x08000000   0x000000bc   Data   RO         3769    RESET               startup_stm32f091xc.o
    0x080000bc   0x080000bc   0x00000000   Code   RO         4589  * .ARM.Collect$$$$00000000  mc_p.l(entry.o)
    0x080000bc   0x080000bc   0x00000004   Code   RO         4907    .ARM.Collect$$$$00000001  mc_p.l(entry2.o)
    0x080000c0   0x080000c0   0x00000004   Code   RO         4910    .ARM.Collect$$$$00000004  mc_p.l(entry5.o)
    0x080000c4   0x080000c4   0x00000000   Code   RO         4912    .ARM.Collect$$$$00000008  mc_p.l(entry7b.o)
    0x080000c4   0x080000c4   0x00000000   Code   RO         4914    .ARM.Collect$$$$0000000A  mc_p.l(entry8b.o)
    0x080000c4   0x080000c4   0x00000008   Code   RO         4915    .ARM.Collect$$$$0000000B  mc_p.l(entry9a.o)
    0x080000cc   0x080000cc   0x00000004   Code   RO         4922    .ARM.Collect$$$$0000000E  mc_p.l(entry12b.o)
    0x080000d0   0x080000d0   0x00000000   Code   RO         4917    .ARM.Collect$$$$0000000F  mc_p.l(entry10a.o)
    0x080000d0   0x080000d0   0x00000000   Code   RO         4919    .ARM.Collect$$$$00000011  mc_p.l(entry11a.o)
    0x080000d0   0x080000d0   0x00000004   Code   RO         4908    .ARM.Collect$$$$00002712  mc_p.l(entry2.o)
    0x080000d4   0x080000d4   0x0000001c   Code   RO         3770    .text               startup_stm32f091xc.o
    0x080000f0   0x080000f0   0x0000002c   Code   RO         4592    .text               mc_p.l(uidiv.o)
    0x0800011c   0x0800011c   0x0000001c   Code   RO         4889    .text               mc_p.l(calloc.o)
    0x08000138   0x08000138   0x000000b2   Code   RO         4891    .text               mf_p.l(fadd.o)
    0x080001ea   0x080001ea   0x0000007a   Code   RO         4893    .text               mf_p.l(fmul.o)
    0x08000264   0x08000264   0x0000007c   Code   RO         4895    .text               mf_p.l(fdiv.o)
    0x080002e0   0x080002e0   0x00000016   Code   RO         4897    .text               mf_p.l(fflti.o)
    0x080002f6   0x080002f6   0x0000000e   Code   RO         4899    .text               mf_p.l(ffltui.o)
    0x08000304   0x08000304   0x00000032   Code   RO         4901    .text               mf_p.l(ffixi.o)
    0x08000336   0x08000336   0x00000002   PAD
    0x08000338   0x08000338   0x00000014   Code   RO         4903    .text               mf_p.l(cfcmple.o)
    0x0800034c   0x0800034c   0x00000014   Code   RO         4905    .text               mf_p.l(cfrcmple.o)
    0x08000360   0x08000360   0x00000000   Code   RO         4934    .text               mc_p.l(iusefp.o)
    0x08000360   0x08000360   0x00000082   Code   RO         4935    .text               mf_p.l(fepilogue.o)
    0x080003e2   0x080003e2   0x00000002   PAD
    0x080003e4   0x080003e4   0x00000024   Code   RO         4947    .text               mc_p.l(init.o)
    0x08000408   0x08000408   0x00000056   Code   RO         4967    .text               mc_p.l(__dczerorl2.o)
    0x0800045e   0x0800045e   0x0000006c   Code   RO         3165    i.ADC_ConversionStop  stm32f0xx_hal_adc.o
    0x080004ca   0x080004ca   0x000000aa   Code   RO         3169    i.ADC_Disable       stm32f0xx_hal_adc.o
    0x08000574   0x08000574   0x000000d4   Code   RO         3170    i.ADC_Enable        stm32f0xx_hal_adc.o
    0x08000648   0x08000648   0x000001b6   Code   RO         2845    i.CAN_Receive_IT    stm32f0xx_hal_can.o
    0x080007fe   0x080007fe   0x0000007e   Code   RO         2846    i.CAN_Transmit_IT   stm32f0xx_hal_can.o
    0x0800087c   0x0800087c   0x00000010   Code   RO          217    i.CEC_CAN_IRQHandler  stm32f0xx_it.o
    0x0800088c   0x0800088c   0x00000014   Code   RO          289    i.CO_CAN1InterruptHandler  main.o
    0x080008a0   0x080008a0   0x00000002   Code   RO         4507    i.CO_CANclearPendingSyncPDOs  co_driver.o
    0x080008a2   0x080008a2   0x00000002   PAD
    0x080008a4   0x080008a4   0x000000b4   Code   RO         4508    i.CO_CANinterrupt_Rx  co_driver.o
    0x08000958   0x08000958   0x00000002   Code   RO         4510    i.CO_CANmodule_disable  co_driver.o
    0x0800095a   0x0800095a   0x00000074   Code   RO         4511    i.CO_CANmodule_init  co_driver.o
    0x080009ce   0x080009ce   0x00000062   Code   RO         4512    i.CO_CANrxBufferInit  co_driver.o
    0x08000a30   0x08000a30   0x00000080   Code   RO         4513    i.CO_CANsend        co_driver.o
    0x08000ab0   0x08000ab0   0x00000002   Code   RO         4514    i.CO_CANsetConfigurationMode  co_driver.o
    0x08000ab2   0x08000ab2   0x00000006   Code   RO         4515    i.CO_CANsetNormalMode  co_driver.o
    0x08000ab8   0x08000ab8   0x00000044   Code   RO         4516    i.CO_CANtxBufferInit  co_driver.o
    0x08000afc   0x08000afc   0x000000dc   Code   RO         3776    i.CO_EM_init        co_emergency.o
    0x08000bd8   0x08000bd8   0x00000078   Code   RO         3844    i.CO_HBcons_monitoredNodeConfig  co_hbconsumer.o
    0x08000c50   0x08000c50   0x00000012   Code   RO         3845    i.CO_HBcons_receive  co_hbconsumer.o
    0x08000c62   0x08000c62   0x00000002   PAD
    0x08000c64   0x08000c64   0x00000084   Code   RO         3846    i.CO_HBconsumer_init  co_hbconsumer.o
    0x08000ce8   0x08000ce8   0x00000088   Code   RO         3886    i.CO_NMT_init       co_nmt_heartbeat.o
    0x08000d70   0x08000d70   0x00000062   Code   RO         3888    i.CO_NMT_receive    co_nmt_heartbeat.o
    0x08000dd2   0x08000dd2   0x00000002   PAD
    0x08000dd4   0x08000dd4   0x00000054   Code   RO         3779    i.CO_ODF_1003       co_emergency.o
    0x08000e28   0x08000e28   0x000000b4   Code   RO         4263    i.CO_ODF_1005       co_sync.o
    0x08000edc   0x08000edc   0x00000040   Code   RO         4264    i.CO_ODF_1006       co_sync.o
    0x08000f1c   0x08000f1c   0x00000024   Code   RO         3780    i.CO_ODF_1014       co_emergency.o
    0x08000f40   0x08000f40   0x00000098   Code   RO         3848    i.CO_ODF_1016       co_hbconsumer.o
    0x08000fd8   0x08000fd8   0x00000048   Code   RO         4265    i.CO_ODF_1019       co_sync.o
    0x08001020   0x08001020   0x0000002a   Code   RO         4026    i.CO_ODF_1200       co_sdo.o
    0x0800104a   0x0800104a   0x00000002   PAD
    0x0800104c   0x0800104c   0x00000108   Code   RO         3922    i.CO_ODF_RPDOcom    co_pdo.o
    0x08001154   0x08001154   0x000000a8   Code   RO         3923    i.CO_ODF_RPDOmap    co_pdo.o
    0x080011fc   0x080011fc   0x0000016c   Code   RO         3924    i.CO_ODF_TPDOcom    co_pdo.o
    0x08001368   0x08001368   0x000000a8   Code   RO         3925    i.CO_ODF_TPDOmap    co_pdo.o
    0x08001410   0x08001410   0x00000064   Code   RO         4027    i.CO_OD_configure   co_sdo.o
    0x08001474   0x08001474   0x00000064   Code   RO         4028    i.CO_OD_find        co_sdo.o
    0x080014d8   0x080014d8   0x0000004c   Code   RO         4029    i.CO_OD_getAttribute  co_sdo.o
    0x08001524   0x08001524   0x00000050   Code   RO         4030    i.CO_OD_getDataPointer  co_sdo.o
    0x08001574   0x08001574   0x00000064   Code   RO         4032    i.CO_OD_getLength   co_sdo.o
    0x080015d8   0x080015d8   0x0000009a   Code   RO         3926    i.CO_PDO_receive    co_pdo.o
    0x08001672   0x08001672   0x00000002   PAD
    0x08001674   0x08001674   0x00000164   Code   RO         3927    i.CO_PDOfindMap     co_pdo.o
    0x080017d8   0x080017d8   0x000000b0   Code   RO         3928    i.CO_RPDO_init      co_pdo.o
    0x08001888   0x08001888   0x00000076   Code   RO         3929    i.CO_RPDO_process   co_pdo.o
    0x080018fe   0x080018fe   0x00000002   PAD
    0x08001900   0x08001900   0x00000088   Code   RO         3930    i.CO_RPDOconfigCom  co_pdo.o
    0x08001988   0x08001988   0x0000009c   Code   RO         3931    i.CO_RPDOconfigMap  co_pdo.o
    0x08001a24   0x08001a24   0x00000100   Code   RO         4034    i.CO_SDO_init       co_sdo.o
    0x08001b24   0x08001b24   0x000000f4   Code   RO         4039    i.CO_SDO_receive    co_sdo.o
    0x08001c18   0x08001c18   0x00000114   Code   RO         4266    i.CO_SYNC_init      co_sync.o
    0x08001d2c   0x08001d2c   0x000000f0   Code   RO         4267    i.CO_SYNC_process   co_sync.o
    0x08001e1c   0x08001e1c   0x0000005e   Code   RO         4268    i.CO_SYNC_receive   co_sync.o
    0x08001e7a   0x08001e7a   0x00000002   PAD
    0x08001e7c   0x08001e7c   0x000000e0   Code   RO         3932    i.CO_TPDO_init      co_pdo.o
    0x08001f5c   0x08001f5c   0x00000116   Code   RO         3933    i.CO_TPDO_process   co_pdo.o
    0x08002072   0x08002072   0x00000002   PAD
    0x08002074   0x08002074   0x0000005c   Code   RO         3934    i.CO_TPDOconfigCom  co_pdo.o
    0x080020d0   0x080020d0   0x000000a0   Code   RO         3935    i.CO_TPDOconfigMap  co_pdo.o
    0x08002170   0x08002170   0x0000014c   Code   RO         3936    i.CO_TPDOisCOS      co_pdo.o
    0x080022bc   0x080022bc   0x0000002e   Code   RO         3937    i.CO_TPDOsend       co_pdo.o
    0x080022ea   0x080022ea   0x00000002   PAD
    0x080022ec   0x080022ec   0x000000dc   Code   RO         4434    i.CO_delete         canopen.o
    0x080023c8   0x080023c8   0x000000c8   Code   RO         3781    i.CO_errorReport    co_emergency.o
    0x08002490   0x08002490   0x0000001a   Code   RO         4042    i.CO_getUint32      co_sdo.o
    0x080024aa   0x080024aa   0x00000002   PAD
    0x080024ac   0x080024ac   0x00000584   Code   RO         4435    i.CO_init           canopen.o
    0x08002a30   0x08002a30   0x00000016   Code   RO         4043    i.CO_memcpy         co_sdo.o
    0x08002a46   0x08002a46   0x00000010   Code   RO         4044    i.CO_memcpySwap2    co_sdo.o
    0x08002a56   0x08002a56   0x00000018   Code   RO         4045    i.CO_memcpySwap4    co_sdo.o
    0x08002a6e   0x08002a6e   0x00000002   PAD
    0x08002a70   0x08002a70   0x00000050   Code   RO         4437    i.CO_process_SYNC_RPDO  canopen.o
    0x08002ac0   0x08002ac0   0x0000004c   Code   RO         4438    i.CO_process_TPDO   canopen.o
    0x08002b0c   0x08002b0c   0x0000001e   Code   RO         4048    i.CO_setUint32      co_sdo.o
    0x08002b2a   0x08002b2a   0x00000002   PAD
    0x08002b2c   0x08002b2c   0x00000018   Code   RO          411    i.CanDisable        main_hal.o
    0x08002b44   0x08002b44   0x00000018   Code   RO          412    i.CanEnable         main_hal.o
    0x08002b5c   0x08002b5c   0x00000010   Code   RO          414    i.DIn4ResetCounter  main_hal.o
    0x08002b6c   0x08002b6c   0x00000064   Code   RO          290    i.Dataset           main.o
    0x08002bd0   0x08002bd0   0x00000074   Code   RO          417    i.EEPROM_Read       main_hal.o
    0x08002c44   0x08002c44   0x0000007c   Code   RO          418    i.EEPROM_Write      main_hal.o
    0x08002cc0   0x08002cc0   0x000000f4   Code   RO          291    i.EN1_filter        main.o
    0x08002db4   0x08002db4   0x00000004   Code   RO          419    i.Error_Handler     main_hal.o
    0x08002db8   0x08002db8   0x000000c2   Code   RO         2517    i.HAL_ADCEx_Calibration_Start  stm32f0xx_hal_adc_ex.o
    0x08002e7a   0x08002e7a   0x00000002   PAD
    0x08002e7c   0x08002e7c   0x000001ac   Code   RO         3172    i.HAL_ADC_ConfigChannel  stm32f0xx_hal_adc.o
    0x08003028   0x08003028   0x00000008   Code   RO         3179    i.HAL_ADC_GetValue  stm32f0xx_hal_adc.o
    0x08003030   0x08003030   0x000001c0   Code   RO         3181    i.HAL_ADC_Init      stm32f0xx_hal_adc.o
    0x080031f0   0x080031f0   0x0000004c   Code   RO            4    i.HAL_ADC_MspInit   stm32f0xx_hal_msp.o
    0x0800323c   0x0800323c   0x000000e4   Code   RO         3185    i.HAL_ADC_PollForConversion  stm32f0xx_hal_adc.o
    0x08003320   0x08003320   0x00000078   Code   RO         3187    i.HAL_ADC_Start     stm32f0xx_hal_adc.o
    0x08003398   0x08003398   0x00000050   Code   RO         3190    i.HAL_ADC_Stop      stm32f0xx_hal_adc.o
    0x080033e8   0x080033e8   0x000001b0   Code   RO         2847    i.HAL_CAN_ConfigFilter  stm32f0xx_hal_can.o
    0x08003598   0x08003598   0x00000002   Code   RO         2849    i.HAL_CAN_ErrorCallback  stm32f0xx_hal_can.o
    0x0800359a   0x0800359a   0x00000002   PAD
    0x0800359c   0x0800359c   0x000001e0   Code   RO         2852    i.HAL_CAN_IRQHandler  stm32f0xx_hal_can.o
    0x0800377c   0x0800377c   0x000001c0   Code   RO         2853    i.HAL_CAN_Init      stm32f0xx_hal_can.o
    0x0800393c   0x0800393c   0x0000005c   Code   RO            6    i.HAL_CAN_MspInit   stm32f0xx_hal_msp.o
    0x08003998   0x08003998   0x000000ba   Code   RO         2857    i.HAL_CAN_Receive_IT  stm32f0xx_hal_can.o
    0x08003a52   0x08003a52   0x00000016   Code   RO          292    i.HAL_CAN_RxCpltCallback  main.o
    0x08003a68   0x08003a68   0x00000250   Code   RO         2860    i.HAL_CAN_Transmit  stm32f0xx_hal_can.o
    0x08003cb8   0x08003cb8   0x00000002   Code   RO         2862    i.HAL_CAN_TxCpltCallback  stm32f0xx_hal_can.o
    0x08003cba   0x08003cba   0x00000002   PAD
    0x08003cbc   0x08003cbc   0x00000054   Code   RO         3625    i.HAL_DAC_ConfigChannel  stm32f0xx_hal_dac_ex.o
    0x08003d10   0x08003d10   0x0000002a   Code   RO         3499    i.HAL_DAC_Init      stm32f0xx_hal_dac.o
    0x08003d3a   0x08003d3a   0x00000002   PAD
    0x08003d3c   0x08003d3c   0x00000050   Code   RO            8    i.HAL_DAC_MspInit   stm32f0xx_hal_msp.o
    0x08003d8c   0x08003d8c   0x0000002e   Code   RO         3502    i.HAL_DAC_SetValue  stm32f0xx_hal_dac.o
    0x08003dba   0x08003dba   0x0000006e   Code   RO         3628    i.HAL_DAC_Start     stm32f0xx_hal_dac_ex.o
    0x08003e28   0x08003e28   0x000001a8   Code   RO         1402    i.HAL_DMA_Abort_IT  stm32f0xx_hal_dma.o
    0x08003fd0   0x08003fd0   0x0000001a   Code   RO         1484    i.HAL_Delay         stm32f0xx_hal.o
    0x08003fea   0x08003fea   0x00000002   PAD
    0x08003fec   0x08003fec   0x000001fc   Code   RO         3430    i.HAL_GPIO_Init     stm32f0xx_hal_gpio.o
    0x080041e8   0x080041e8   0x00000012   Code   RO         3432    i.HAL_GPIO_ReadPin  stm32f0xx_hal_gpio.o
    0x080041fa   0x080041fa   0x00000008   Code   RO         3433    i.HAL_GPIO_TogglePin  stm32f0xx_hal_gpio.o
    0x08004202   0x08004202   0x0000000c   Code   RO         3434    i.HAL_GPIO_WritePin  stm32f0xx_hal_gpio.o
    0x0800420e   0x0800420e   0x00000002   PAD
    0x08004210   0x08004210   0x0000000c   Code   RO         1488    i.HAL_GetTick       stm32f0xx_hal.o
    0x0800421c   0x0800421c   0x0000006e   Code   RO         2337    i.HAL_I2CEx_ConfigAnalogFilter  stm32f0xx_hal_i2c_ex.o
    0x0800428a   0x0800428a   0x00000002   Code   RO          727    i.HAL_I2C_AbortCpltCallback  stm32f0xx_hal_i2c.o
    0x0800428c   0x0800428c   0x00000002   Code   RO          728    i.HAL_I2C_AddrCallback  stm32f0xx_hal_i2c.o
    0x0800428e   0x0800428e   0x00000080   Code   RO          731    i.HAL_I2C_ER_IRQHandler  stm32f0xx_hal_i2c.o
    0x0800430e   0x0800430e   0x0000001e   Code   RO          732    i.HAL_I2C_EV_IRQHandler  stm32f0xx_hal_i2c.o
    0x0800432c   0x0800432c   0x00000002   Code   RO          734    i.HAL_I2C_ErrorCallback  stm32f0xx_hal_i2c.o
    0x0800432e   0x0800432e   0x00000002   PAD
    0x08004330   0x08004330   0x000000cc   Code   RO          738    i.HAL_I2C_Init      stm32f0xx_hal_i2c.o
    0x080043fc   0x080043fc   0x00000002   Code   RO          740    i.HAL_I2C_ListenCpltCallback  stm32f0xx_hal_i2c.o
    0x080043fe   0x080043fe   0x00000002   PAD
    0x08004400   0x08004400   0x000001c4   Code   RO          754    i.HAL_I2C_Mem_Read  stm32f0xx_hal_i2c.o
    0x080045c4   0x080045c4   0x000001c4   Code   RO          757    i.HAL_I2C_Mem_Write  stm32f0xx_hal_i2c.o
    0x08004788   0x08004788   0x0000005c   Code   RO           10    i.HAL_I2C_MspInit   stm32f0xx_hal_msp.o
    0x080047e4   0x080047e4   0x00000002   Code   RO          762    i.HAL_I2C_SlaveRxCpltCallback  stm32f0xx_hal_i2c.o
    0x080047e6   0x080047e6   0x00000002   Code   RO          763    i.HAL_I2C_SlaveTxCpltCallback  stm32f0xx_hal_i2c.o
    0x080047e8   0x080047e8   0x000000cc   Code   RO         2474    i.HAL_IWDG_Init     stm32f0xx_hal_iwdg.o
    0x080048b4   0x080048b4   0x00000002   Code   RO         2475    i.HAL_IWDG_MspInit  stm32f0xx_hal_iwdg.o
    0x080048b6   0x080048b6   0x00000002   PAD
    0x080048b8   0x080048b8   0x00000010   Code   RO         1489    i.HAL_IncTick       stm32f0xx_hal.o
    0x080048c8   0x080048c8   0x00000020   Code   RO         1490    i.HAL_Init          stm32f0xx_hal.o
    0x080048e8   0x080048e8   0x00000026   Code   RO         1491    i.HAL_InitTick      stm32f0xx_hal.o
    0x0800490e   0x0800490e   0x00000002   PAD
    0x08004910   0x08004910   0x00000054   Code   RO           11    i.HAL_MspInit       stm32f0xx_hal_msp.o
    0x08004964   0x08004964   0x00000018   Code   RO          635    i.HAL_NVIC_EnableIRQ  stm32f0xx_hal_cortex.o
    0x0800497c   0x0800497c   0x00000012   Code   RO          639    i.HAL_NVIC_SetPriority  stm32f0xx_hal_cortex.o
    0x0800498e   0x0800498e   0x00000002   PAD
    0x08004990   0x08004990   0x00000038   Code   RO          640    i.HAL_NVIC_SystemReset  stm32f0xx_hal_cortex.o
    0x080049c8   0x080049c8   0x000001a4   Code   RO         3352    i.HAL_RCCEx_PeriphCLKConfig  stm32f0xx_hal_rcc_ex.o
    0x08004b6c   0x08004b6c   0x000001d0   Code   RO         2972    i.HAL_RCC_ClockConfig  stm32f0xx_hal_rcc.o
    0x08004d3c   0x08004d3c   0x0000000c   Code   RO         2977    i.HAL_RCC_GetHCLKFreq  stm32f0xx_hal_rcc.o
    0x08004d48   0x08004d48   0x00000024   Code   RO         2979    i.HAL_RCC_GetPCLK1Freq  stm32f0xx_hal_rcc.o
    0x08004d6c   0x08004d6c   0x000000f4   Code   RO         2980    i.HAL_RCC_GetSysClockFreq  stm32f0xx_hal_rcc.o
    0x08004e60   0x08004e60   0x00000600   Code   RO         2983    i.HAL_RCC_OscConfig  stm32f0xx_hal_rcc.o
    0x08005460   0x08005460   0x00000024   Code   RO          641    i.HAL_SYSTICK_CLKSourceConfig  stm32f0xx_hal_cortex.o
    0x08005484   0x08005484   0x0000002c   Code   RO          293    i.HAL_SYSTICK_Callback  main.o
    0x080054b0   0x080054b0   0x00000038   Code   RO          643    i.HAL_SYSTICK_Config  stm32f0xx_hal_cortex.o
    0x080054e8   0x080054e8   0x00000008   Code   RO          644    i.HAL_SYSTICK_IRQHandler  stm32f0xx_hal_cortex.o
    0x080054f0   0x080054f0   0x00000050   Code   RO         2539    i.HAL_TIMEx_ConfigBreakDeadTime  stm32f0xx_hal_tim_ex.o
    0x08005540   0x08005540   0x00000062   Code   RO         2554    i.HAL_TIMEx_MasterConfigSynchronization  stm32f0xx_hal_tim_ex.o
    0x080055a2   0x080055a2   0x0000002e   Code   RO         2565    i.HAL_TIMEx_PWMN_Start  stm32f0xx_hal_tim_ex.o
    0x080055d0   0x080055d0   0x00000038   Code   RO         1600    i.HAL_TIM_Base_Init  stm32f0xx_hal_tim.o
    0x08005608   0x08005608   0x000000c8   Code   RO           13    i.HAL_TIM_Base_MspInit  stm32f0xx_hal_msp.o
    0x080056d0   0x080056d0   0x0000013e   Code   RO         1609    i.HAL_TIM_ConfigClockSource  stm32f0xx_hal_tim.o
    0x0800580e   0x0800580e   0x000000e2   Code   RO         1630    i.HAL_TIM_IC_ConfigChannel  stm32f0xx_hal_tim.o
    0x080058f0   0x080058f0   0x00000038   Code   RO         1633    i.HAL_TIM_IC_Init   stm32f0xx_hal_tim.o
    0x08005928   0x08005928   0x00000002   Code   RO         1635    i.HAL_TIM_IC_MspInit  stm32f0xx_hal_tim.o
    0x0800592a   0x0800592a   0x00000020   Code   RO         1636    i.HAL_TIM_IC_Start  stm32f0xx_hal_tim.o
    0x0800594a   0x0800594a   0x00000002   Code   RO           14    i.HAL_TIM_MspPostInit  stm32f0xx_hal_msp.o
    0x0800594c   0x0800594c   0x00000112   Code   RO         1666    i.HAL_TIM_PWM_ConfigChannel  stm32f0xx_hal_tim.o
    0x08005a5e   0x08005a5e   0x00000038   Code   RO         1669    i.HAL_TIM_PWM_Init  stm32f0xx_hal_tim.o
    0x08005a96   0x08005a96   0x00000002   Code   RO         1671    i.HAL_TIM_PWM_MspInit  stm32f0xx_hal_tim.o
    0x08005a98   0x08005a98   0x00000058   Code   RO         1681    i.HAL_TIM_SlaveConfigSynchronization  stm32f0xx_hal_tim.o
    0x08005af0   0x08005af0   0x00000002   Code   RO         2785    i.HAL_UARTEx_WakeupCallback  stm32f0xx_hal_uart_ex.o
    0x08005af2   0x08005af2   0x00000002   Code   RO         1162    i.HAL_UART_ErrorCallback  stm32f0xx_hal_uart.o
    0x08005af4   0x08005af4   0x0000013a   Code   RO         1165    i.HAL_UART_IRQHandler  stm32f0xx_hal_uart.o
    0x08005c2e   0x08005c2e   0x00000082   Code   RO         1166    i.HAL_UART_Init     stm32f0xx_hal_uart.o
    0x08005cb0   0x08005cb0   0x0000005c   Code   RO           16    i.HAL_UART_MspInit  stm32f0xx_hal_msp.o
    0x08005d0c   0x08005d0c   0x00000002   Code   RO         1172    i.HAL_UART_RxCpltCallback  stm32f0xx_hal_uart.o
    0x08005d0e   0x08005d0e   0x00000002   Code   RO         1177    i.HAL_UART_TxCpltCallback  stm32f0xx_hal_uart.o
    0x08005d10   0x08005d10   0x00000004   Code   RO          218    i.HardFault_Handler  stm32f0xx_it.o
    0x08005d14   0x08005d14   0x00000028   Code   RO          219    i.I2C2_IRQHandler   stm32f0xx_it.o
    0x08005d3c   0x08005d3c   0x0000003c   Code   RO          772    i.I2C_DMAAbort      stm32f0xx_hal_i2c.o
    0x08005d78   0x08005d78   0x0000007e   Code   RO          778    i.I2C_Disable_IRQ   stm32f0xx_hal_i2c.o
    0x08005df6   0x08005df6   0x00000032   Code   RO          780    i.I2C_Flush_TXDR    stm32f0xx_hal_i2c.o
    0x08005e28   0x08005e28   0x000000d6   Code   RO          781    i.I2C_ITAddrCplt    stm32f0xx_hal_i2c.o
    0x08005efe   0x08005efe   0x00000002   PAD
    0x08005f00   0x08005f00   0x00000118   Code   RO          782    i.I2C_ITError       stm32f0xx_hal_i2c.o
    0x08006018   0x08006018   0x00000074   Code   RO          783    i.I2C_ITListenCplt  stm32f0xx_hal_i2c.o
    0x0800608c   0x0800608c   0x0000013c   Code   RO          786    i.I2C_ITSlaveCplt   stm32f0xx_hal_i2c.o
    0x080061c8   0x080061c8   0x00000062   Code   RO          787    i.I2C_ITSlaveSequentialCplt  stm32f0xx_hal_i2c.o
    0x0800622a   0x0800622a   0x00000002   PAD
    0x0800622c   0x0800622c   0x00000094   Code   RO          788    i.I2C_IsAcknowledgeFailed  stm32f0xx_hal_i2c.o
    0x080062c0   0x080062c0   0x00000092   Code   RO          791    i.I2C_RequestMemoryRead  stm32f0xx_hal_i2c.o
    0x08006352   0x08006352   0x00000092   Code   RO          792    i.I2C_RequestMemoryWrite  stm32f0xx_hal_i2c.o
    0x080063e4   0x080063e4   0x00000160   Code   RO          794    i.I2C_Slave_ISR_IT  stm32f0xx_hal_i2c.o
    0x08006544   0x08006544   0x00000030   Code   RO          795    i.I2C_TransferConfig  stm32f0xx_hal_i2c.o
    0x08006574   0x08006574   0x00000052   Code   RO          796    i.I2C_WaitOnFlagUntilTimeout  stm32f0xx_hal_i2c.o
    0x080065c6   0x080065c6   0x0000005a   Code   RO          798    i.I2C_WaitOnSTOPFlagUntilTimeout  stm32f0xx_hal_i2c.o
    0x08006620   0x08006620   0x00000060   Code   RO          799    i.I2C_WaitOnTXISFlagUntilTimeout  stm32f0xx_hal_i2c.o
    0x08006680   0x08006680   0x00000034   Code   RO          294    i.Initialize_outputs  main.o
    0x080066b4   0x080066b4   0x000000b4   Code   RO          420    i.MX_ADC_Init       main_hal.o
    0x08006768   0x08006768   0x00000048   Code   RO          421    i.MX_CAN_Init       main_hal.o
    0x080067b0   0x080067b0   0x00000038   Code   RO          422    i.MX_DAC_Init       main_hal.o
    0x080067e8   0x080067e8   0x00000148   Code   RO          423    i.MX_GPIO_Init      main_hal.o
    0x08006930   0x08006930   0x0000004c   Code   RO          424    i.MX_I2C2_Init      main_hal.o
    0x0800697c   0x0800697c   0x00000030   Code   RO          425    i.MX_IWDG_Init      main_hal.o
    0x080069ac   0x080069ac   0x00000024   Code   RO          426    i.MX_NVIC_Init      main_hal.o
    0x080069d0   0x080069d0   0x0000009c   Code   RO          427    i.MX_TIM17_Init     main_hal.o
    0x08006a6c   0x08006a6c   0x00000068   Code   RO          428    i.MX_TIM1_Init      main_hal.o
    0x08006ad4   0x08006ad4   0x000000a0   Code   RO          429    i.MX_TIM2_Init      main_hal.o
    0x08006b74   0x08006b74   0x00000044   Code   RO          430    i.MX_USART1_UART_Init  main_hal.o
    0x08006bb8   0x08006bb8   0x00000150   Code   RO          431    i.MainInit          main_hal.o
    0x08006d08   0x08006d08   0x00000002   Code   RO          220    i.NMI_Handler       stm32f0xx_it.o
    0x08006d0a   0x08006d0a   0x00000002   PAD
    0x08006d0c   0x08006d0c   0x00000078   Code   RO          645    i.NVIC_SetPriority  stm32f0xx_hal_cortex.o
    0x08006d84   0x08006d84   0x00000002   Code   RO          221    i.PendSV_Handler    stm32f0xx_it.o
    0x08006d86   0x08006d86   0x00000002   Code   RO          222    i.RCC_CRS_IRQHandler  stm32f0xx_it.o
    0x08006d88   0x08006d88   0x0000004c   Code   RO          432    i.ReadAnalogInput   main_hal.o
    0x08006dd4   0x08006dd4   0x00000002   Code   RO          223    i.SVC_Handler       stm32f0xx_it.o
    0x08006dd6   0x08006dd6   0x00000002   PAD
    0x08006dd8   0x08006dd8   0x00000028   Code   RO          295    i.SW1               main.o
    0x08006e00   0x08006e00   0x00000028   Code   RO          296    i.SW2               main.o
    0x08006e28   0x08006e28   0x00000030   Code   RO          433    i.SetAnalogOutput   main_hal.o
    0x08006e58   0x08006e58   0x0000000c   Code   RO          224    i.SysTick_Handler   stm32f0xx_it.o
    0x08006e64   0x08006e64   0x00000084   Code   RO          434    i.SystemClock_Config  main_hal.o
    0x08006ee8   0x08006ee8   0x00000078   Code   RO         3737    i.SystemInit        system_stm32f0xx.o
    0x08006f60   0x08006f60   0x000000a4   Code   RO         1684    i.TIM_Base_SetConfig  stm32f0xx_hal_tim.o
    0x08007004   0x08007004   0x0000001c   Code   RO         1685    i.TIM_CCxChannelCmd  stm32f0xx_hal_tim.o
    0x08007020   0x08007020   0x0000001c   Code   RO         2574    i.TIM_CCxNChannelCmd  stm32f0xx_hal_tim_ex.o
    0x0800703c   0x0800703c   0x0000001e   Code   RO         1691    i.TIM_ETR_SetConfig  stm32f0xx_hal_tim.o
    0x0800705a   0x0800705a   0x0000001a   Code   RO         1692    i.TIM_ITRx_SetConfig  stm32f0xx_hal_tim.o
    0x08007074   0x08007074   0x000000b4   Code   RO         1693    i.TIM_OC1_SetConfig  stm32f0xx_hal_tim.o
    0x08007128   0x08007128   0x000000c8   Code   RO         1694    i.TIM_OC2_SetConfig  stm32f0xx_hal_tim.o
    0x080071f0   0x080071f0   0x000000c4   Code   RO         1695    i.TIM_OC3_SetConfig  stm32f0xx_hal_tim.o
    0x080072b4   0x080072b4   0x00000088   Code   RO         1696    i.TIM_OC4_SetConfig  stm32f0xx_hal_tim.o
    0x0800733c   0x0800733c   0x000000ac   Code   RO         1697    i.TIM_SlaveTimer_SetConfig  stm32f0xx_hal_tim.o
    0x080073e8   0x080073e8   0x00000036   Code   RO         1698    i.TIM_TI1_ConfigInputStage  stm32f0xx_hal_tim.o
    0x0800741e   0x0800741e   0x00000002   PAD
    0x08007420   0x08007420   0x00000078   Code   RO         1699    i.TIM_TI1_SetConfig  stm32f0xx_hal_tim.o
    0x08007498   0x08007498   0x00000036   Code   RO         1700    i.TIM_TI2_ConfigInputStage  stm32f0xx_hal_tim.o
    0x080074ce   0x080074ce   0x0000004c   Code   RO         1701    i.TIM_TI2_SetConfig  stm32f0xx_hal_tim.o
    0x0800751a   0x0800751a   0x0000004a   Code   RO         1702    i.TIM_TI3_SetConfig  stm32f0xx_hal_tim.o
    0x08007564   0x08007564   0x00000052   Code   RO         1703    i.TIM_TI4_SetConfig  stm32f0xx_hal_tim.o
    0x080075b6   0x080075b6   0x000000f0   Code   RO         1179    i.UART_AdvFeatureConfig  stm32f0xx_hal_uart.o
    0x080076a6   0x080076a6   0x00000002   PAD
    0x080076a8   0x080076a8   0x00000088   Code   RO         1180    i.UART_CheckIdleState  stm32f0xx_hal_uart.o
    0x08007730   0x08007730   0x00000020   Code   RO         1186    i.UART_EndTransmit_IT  stm32f0xx_hal_uart.o
    0x08007750   0x08007750   0x0000009c   Code   RO         1187    i.UART_Receive_IT   stm32f0xx_hal_uart.o
    0x080077ec   0x080077ec   0x000002a8   Code   RO         1188    i.UART_SetConfig    stm32f0xx_hal_uart.o
    0x08007a94   0x08007a94   0x00000072   Code   RO         1189    i.UART_Transmit_IT  stm32f0xx_hal_uart.o
    0x08007b06   0x08007b06   0x00000106   Code   RO         1190    i.UART_WaitOnFlagUntilTimeout  stm32f0xx_hal_uart.o
    0x08007c0c   0x08007c0c   0x00000010   Code   RO          225    i.USART1_IRQHandler  stm32f0xx_it.o
    0x08007c1c   0x08007c1c   0x000002c4   Code   RO          297    i.Validaton         main.o
    0x08007ee0   0x08007ee0   0x0000001c   Code   RO         2231    i.__ARM_common_switch8  stm32f0xx_hal_tim.o
    0x08007efc   0x08007efc   0x0000000e   Code   RO         4961    i.__scatterload_copy  mc_p.l(handlers.o)
    0x08007f0a   0x08007f0a   0x00000002   Code   RO         4962    i.__scatterload_null  mc_p.l(handlers.o)
    0x08007f0c   0x08007f0c   0x0000000e   Code   RO         4963    i.__scatterload_zeroinit  mc_p.l(handlers.o)
    0x08007f1a   0x08007f1a   0x00000006   Code   RO         3784    i.__set_PRIMASK     co_emergency.o
    0x08007f20   0x08007f20   0x00000054   Code   RO         4861    i.free              mc_p.l(malloc.o)
    0x08007f74   0x08007f74   0x00000540   Code   RO          298    i.main              main.o
    0x080084b4   0x080084b4   0x0000006c   Code   RO         4862    i.malloc            mc_p.l(malloc.o)
    0x08008520   0x08008520   0x00000040   Code   RO          299    i.tmrTask_thread    main.o
    0x08008560   0x08008560   0x00000018   Data   RO         3738    .constdata          system_stm32f0xx.o
    0x08008578   0x08008578   0x000006a4   Data   RO         4486    .constdata          co_od.o
    0x08008c1c   0x08008c1c   0x00000020   Data   RO         4959    Region$$Table       anon$$obj.o


    Execution Region RW_IRAM1 (Exec base: 0x20000000, Load base: 0x08008c3c, Size: 0x00002b20, Max: 0x00008000, ABSOLUTE, COMPRESSED[0x000000bc])

    Exec Addr    Load Addr    Size         Type   Attr      Idx    E Section Name        Object

    0x20000000   COMPRESSED   0x00000028   Data   RW          301    .data               main.o
    0x20000028   COMPRESSED   0x00000004   Data   RW         1496    .data               stm32f0xx_hal.o
    0x2000002c   COMPRESSED   0x00000004   Data   RW         3739    .data               system_stm32f0xx.o
    0x20000030   COMPRESSED   0x00000008   Data   RW         3938    .data               co_pdo.o
    0x20000038   COMPRESSED   0x0000001a   Data   RW         4440    .data               canopen.o
    0x20000052   COMPRESSED   0x00000006   PAD
    0x20000058   COMPRESSED   0x000003d4   Data   RW         4487    .data               co_od.o
    0x2000042c   COMPRESSED   0x00000004   Data   RW         4932    .data               mc_p.l(mvars.o)
    0x20000430   COMPRESSED   0x00000004   Data   RW         4933    .data               mc_p.l(mvars.o)
    0x20000434        -       0x00000088   Zero   RW          300    .bss                main.o
    0x200004bc        -       0x00000224   Zero   RW          435    .bss                main_hal.o
    0x200006e0        -       0x0000003c   Zero   RW         4439    .bss                canopen.o
    0x2000071c   COMPRESSED   0x00000004   PAD
    0x20000720        -       0x00002000   Zero   RW         3768    HEAP                startup_stm32f091xc.o
    0x20002720        -       0x00000400   Zero   RW         3767    STACK               startup_stm32f091xc.o


==============================================================================

Image component sizes


      Code (inc. data)   RO Data    RW Data    ZI Data      Debug   Object Name

      1788         90          0         26         60       7313   canopen.o
       602         16          0          0          0       7354   co_driver.o
       546         28          0          0          0       5894   co_emergency.o
       422         26          0          0          0       3993   co_hbconsumer.o
       234         10          0          0          0       2306   co_nmt_heartbeat.o
         0          0       1700        980          0       8817   co_od.o
      3192        130          0          8          0      15623   co_pdo.o
      1116         36          0          0          0      10647   co_sdo.o
       926         50          0          0          0       5437   co_sync.o
      2678        300          0         40        136      25691   main.o
      2184        212          0          0        548      12044   main_hal.o
        28          8        188          0       9216        604   startup_stm32f091xc.o
       124         14          0          4          0       3647   stm32f0xx_hal.o
      1802         44          0          0          0       7597   stm32f0xx_hal_adc.o
       194          0          0          0          0       1282   stm32f0xx_hal_adc_ex.o
      2706         26          0          0          0       7060   stm32f0xx_hal_can.o
       318         38          0          0          0      10711   stm32f0xx_hal_cortex.o
        88          0          0          0          0       1794   stm32f0xx_hal_dac.o
       194          6          0          0          0       1940   stm32f0xx_hal_dac_ex.o
       424          8          0          0          0       1275   stm32f0xx_hal_dma.o
       546         28          0          0          0       3520   stm32f0xx_hal_gpio.o
      3646         56          0          0          0      21926   stm32f0xx_hal_i2c.o
       110          0          0          0          0       1115   stm32f0xx_hal_i2c_ex.o
       206          8          0          0          0       1723   stm32f0xx_hal_iwdg.o
       718         72          0          0          0     551234   stm32f0xx_hal_msp.o
      2292        102          0          0          0       5133   stm32f0xx_hal_rcc.o
       420         12          0          0          0       1544   stm32f0xx_hal_rcc_ex.o
      2730        118          0          0          0      18424   stm32f0xx_hal_tim.o
       252          0          0          0          0       3167   stm32f0xx_hal_tim_ex.o
      2070         66          0          0          0       8963   stm32f0xx_hal_uart.o
         2          0          0          0          0        948   stm32f0xx_hal_uart_ex.o
        96         18          0          0          0       3915   stm32f0xx_it.o
       120         18         24          4          0       1383   system_stm32f0xx.o

    ----------------------------------------------------------------------
     32832       1540       1944       1068       9964     764024   Object Totals
         0          0         32          0          0          0   (incl. Generated)
        58          0          0          6          4          0   (incl. Padding)

    ----------------------------------------------------------------------

      Code (inc. data)   RO Data    RW Data    ZI Data      Debug   Library Member Name

        86          0          0          0          0          0   __dczerorl2.o
        28          0          0          0          0         68   calloc.o
         0          0          0          0          0          0   entry.o
         0          0          0          0          0          0   entry10a.o
         0          0          0          0          0          0   entry11a.o
         4          0          0          0          0          0   entry12b.o
         8          4          0          0          0          0   entry2.o
         4          0          0          0          0          0   entry5.o
         0          0          0          0          0          0   entry7b.o
         0          0          0          0          0          0   entry8b.o
         8          4          0          0          0          0   entry9a.o
        30          0          0          0          0          0   handlers.o
        36          8          0          0          0         68   init.o
         0          0          0          0          0          0   iusefp.o
       192         20          0          0          0        144   malloc.o
         0          0          0          8          0          0   mvars.o
        44          0          0          0          0         72   uidiv.o
        20          0          0          0          0         68   cfcmple.o
        20          0          0          0          0         68   cfrcmple.o
       178          0          0          0          0        108   fadd.o
       124          0          0          0          0         72   fdiv.o
       130          0          0          0          0        144   fepilogue.o
        50          0          0          0          0         60   ffixi.o
        22          0          0          0          0         68   fflti.o
        14          0          0          0          0         68   ffltui.o
       122          0          0          0          0         72   fmul.o

    ----------------------------------------------------------------------
      1124         36          0          8          0       1080   Library Totals
         4          0          0          0          0          0   (incl. Padding)

    ----------------------------------------------------------------------

      Code (inc. data)   RO Data    RW Data    ZI Data      Debug   Library Name

       440         36          0          8          0        352   mc_p.l
       680          0          0          0          0        728   mf_p.l

    ----------------------------------------------------------------------
      1124         36          0          8          0       1080   Library Totals

    ----------------------------------------------------------------------

==============================================================================


      Code (inc. data)   RO Data    RW Data    ZI Data      Debug   

     33956       1576       1944       1076       9964     754972   Grand Totals
     33956       1576       1944        188       9964     754972   ELF Image Totals (compressed)
     33956       1576       1944        188          0          0   ROM Totals

==============================================================================

    Total RO  Size (Code + RO Data)                35900 (  35.06kB)
    Total RW  Size (RW Data + ZI Data)             11040 (  10.78kB)
    Total ROM Size (Code + RO Data + RW Data)      36088 (  35.24kB)

==============================================================================

