<html>
<body>
<pre>
<h1>µVision Build Log</h1>
<h2>Tool Versions:</h2>
IDE-Version: µVision V5.35.0.0
Copyright (C) 2021 ARM Ltd and ARM Germany GmbH. All rights reserved.
License Information: Zander van der Steege, Santon Holland, LIC=LB4EI-T5TUG-WTAKF-JFV0E-NJ0C2-Q16LT
 
Tool Versions:
Toolchain:       MDK-ARM Cortex-M0/M0+ for ST  Version: 5.35.0.2
Toolchain Path:  C:\Keil_v5\ARM\ARMCC\Bin
C Compiler:      Armcc.exe V5.06 update 7 (build 960)
Assembler:       Armasm.exe V5.06 update 7 (build 960)
Linker/Locator:  ArmLink.exe V5.06 update 7 (build 960)
Library Manager: ArmAr.exe V5.06 update 7 (build 960)
Hex Converter:   FromElf.exe V5.06 update 7 (build 960)
CPU DLL:         SARMCM3.DLL V5.35.0.2
Dialog DLL:      DARMCM1.DLL V1.19.4.0
Target DLL:      STLink\ST-LINKIII-KEIL_SWO.dll V3.0.9.0
Dialog DLL:      TARMCM1.DLL V1.14.4.0
 
<h2>Project:</h2>
Y:\BARTH softwar\9045-0014-A\Coding-for-50MZ\PLC1\MDK-ARM\STG.uvprojx
Project File Date:  09/28/2021

<h2>Output:</h2>
*** Using Compiler 'V5.06 update 7 (build 960)', folder: 'C:\Keil_v5\ARM\ARMCC\Bin'
Rebuild target 'BARTH'
compiling stm32f0xx_it.c...
compiling stm32f0xx_hal_dma.c...
compiling stm32f0xx_hal_uart.c...
compiling stm32f0xx_hal.c...
compiling stm32f0xx_hal_pwr_ex.c...
compiling stm32f0xx_hal_cortex.c...
compiling stm32f0xx_hal_flash.c...
compiling stm32f0xx_hal_msp.c...
../Src/stm32f0xx_hal_msp.c(353): warning:  #177-D: variable "GPIO_InitStruct"  was declared but never referenced
    GPIO_InitTypeDef GPIO_InitStruct;
../Src/stm32f0xx_hal_msp.c: 1 warning, 0 errors
compiling main_hal.c...
compiling main.c...
../Src/main.c(392): warning:  #177-D: variable "IN3"  was declared but never referenced
  	float IN3;
../Src/main.c(630): warning:  #940-D: missing return statement at end of non-void function "Calibration_protocol" 
  	 }
../Src/main.c(657): warning:  #940-D: missing return statement at end of non-void function "FACTORYRESET" 
  }
../Src/main.c(716): warning:  #177-D: variable "F3"  was declared but never referenced
  					bool F3=1;
../Src/main.c(802): warning:  #940-D: missing return statement at end of non-void function "Validaton" 
   }
../Src/main.c(940): warning:  #177-D: variable "NodeID1"  was declared but never referenced
  				uint8_t NodeID1 = 58;//59; //CPU1-CAB2
../Src/main.c(945): warning:  #177-D: variable "NodeID1"  was declared but never referenced
  				uint8_t NodeID1 = 56;//57; //CPU1-CAB1
../Src/main.c(959): warning:  #177-D: variable "NodeID1"  was declared but never referenced
  							int NodeID1 = 58;//59;//CPU2_CAB2//58; //CPU1-CAB2
../Src/main.c(964): warning:  #177-D: variable "NodeID1"  was declared but never referenced
  							int NodeID1 = 56;//57;//CPU2_CAB1////56; //CPU1-CAB1
../Src/main.c(1232): warning:  #1215-D: #warning directive: Debug version without watch dog! <<<<<<<<<<<<<<<<<<<<<<<<<<<<<<<<
  					#warning Debug version without watch dog! <<<<<<<<<<<<<<<<<<<<<<<<<<<<<<<<
../Src/main.c(999): warning:  #550-D: variable "timer1msDiff"  was set but never used
  				uint16_t timer1msCopy, timer1msDiff;
../Src/main.c(1043): warning:  #177-D: variable "Jumpers"  was declared but never referenced
  				bool Jumpers = jumper;
../Src/main.c(956): warning:  #177-D: variable "NodeID"  was declared but never referenced
  						bool NodeID = 0;
../Src/main.c(1242): warning:  #111-D: statement is unreachable
      CO_delete(0/* CAN module address */);
../Src/main.c(928): warning:  #550-D: variable "err"  was set but never used
  			CO_ReturnError_t err;
../Src/main.c(934): warning:  #550-D: variable "NodeID_condition"  was set but never used
  			bool NodeID_condition = 0;
../Src/main.c(889): warning:  #177-D: variable "test"  was declared but never referenced
  	uint8_t test =0;
../Src/main.c: 17 warnings, 0 errors
compiling stm32f0xx_hal_i2c.c...
compiling stm32f0xx_hal_tim.c...
compiling stm32f0xx_hal_iwdg.c...
compiling stm32f0xx_hal_adc.c...
compiling stm32f0xx_hal_rcc_ex.c...
compiling stm32f0xx_hal_flash_ex.c...
compiling stm32f0xx_hal_adc_ex.c...
compiling stm32f0xx_hal_rcc.c...
compiling stm32f0xx_hal_can.c...
compiling stm32f0xx_hal_tim_ex.c...
assembling startup_stm32f091xc.s...
compiling stm32f0xx_hal_uart_ex.c...
compiling stm32f0xx_hal_i2c_ex.c...
compiling stm32f0xx_hal_gpio.c...
compiling stm32f0xx_hal_pwr.c...
compiling crc16-ccitt.c...
compiling stm32f0xx_hal_dac.c...
compiling stm32f0xx_hal_dac_ex.c...
compiling system_stm32f0xx.c...
compiling CO_trace.c...
compiling CO_HBconsumer.c...
compiling CO_SDOmaster.c...
compiling CO_OD.c...
compiling CANopen.c...
..\CANopenNode-master\CANopen.c(58): warning:  #550-D: variable "CO_memoryUsed"  was set but never used
      static uint32_t CO_memoryUsed = 0; /* informative */
..\CANopenNode-master\CANopen.c: 1 warning, 0 errors
compiling CO_SYNC.c...
compiling CO_NMT_Heartbeat.c...
..\CANopenNode-master\stack\CO_NMT_Heartbeat.c(320): warning:  #188-D: enumerated type mixed with another type
      return NMT->resetCommand;
..\CANopenNode-master\stack\CO_NMT_Heartbeat.c: 1 warning, 0 errors
compiling CO_driver.c...
..\CANopenNode-master\stack\CO_driver.c(256): warning:  #513-D: a value of type "void (*)(void *, const CO_CANrxMsg_t *)" cannot be assigned to an entity of type "void (*)(void *, CO_CANrxMsg_t *)"
      rxBuffer->pFunct = pFunct;
..\CANopenNode-master\stack\CO_driver.c(343): warning:  #177-D: variable "txBuff"  was declared but never referenced
      int8_t txBuff;
..\CANopenNode-master\stack\CO_driver.c: 2 warnings, 0 errors
compiling CO_Emergency.c...
compiling CO_PDO.c...
..\CANopenNode-master\stack\CO_PDO.c(630): warning:  #188-D: enumerated type mixed with another type
          return CO_RPDOconfigMap(RPDO, *value);
..\CANopenNode-master\stack\CO_PDO.c(645): warning:  #188-D: enumerated type mixed with another type
          return CO_PDOfindMap(
..\CANopenNode-master\stack\CO_PDO.c(655): warning:  #111-D: statement is unreachable
      return CO_SDO_AB_NONE;
..\CANopenNode-master\stack\CO_PDO.c(696): warning:  #188-D: enumerated type mixed with another type
          return CO_TPDOconfigMap(TPDO, *value);
..\CANopenNode-master\stack\CO_PDO.c(711): warning:  #188-D: enumerated type mixed with another type
          return CO_PDOfindMap(
..\CANopenNode-master\stack\CO_PDO.c(721): warning:  #111-D: statement is unreachable
      return CO_SDO_AB_NONE;
..\CANopenNode-master\stack\CO_PDO.c: 6 warnings, 0 errors
compiling CO_SDO.c...
linking...
Program Size: Code=36152 RO-data=1944 RW-data=1132 ZI-data=9972  
".\out\out.axf" - 0 Error(s), 28 Warning(s).

<h2>Software Packages used:</h2>

Package Vendor: ARM
                http://www.keil.com/pack/ARM.CMSIS.5.8.0.pack
                ARM.CMSIS.5.8.0
                CMSIS (Common Microcontroller Software Interface Standard)
   * Component: CORE Version: 5.5.0

Package Vendor: Keil
                http://www.keil.com/pack/Keil.STM32F0xx_DFP.2.1.0.pack
                Keil.STM32F0xx_DFP.2.1.0
                STMicroelectronics STM32F0 Series Device Support, Drivers and Examples

<h2>Collection of Component include folders:</h2>
  .\RTE\_BARTH
  C:\Users\zvdsteege\AppData\Local\Arm\Packs\ARM\CMSIS\5.8.0\CMSIS\Core\Include
  C:\Users\zvdsteege\AppData\Local\Arm\Packs\Keil\STM32F0xx_DFP\2.1.0\Drivers\CMSIS\Device\ST\STM32F0xx\Include

<h2>Collection of Component Files used:</h2>

   * Component: ARM::CMSIS:CORE:5.5.0
Build Time Elapsed:  00:00:30
</pre>
</body>
</html>
